Copyright 1986-2022 Xilinx, Inc. All Rights Reserved. Copyright 2022-2025 Advanced Micro Devices, Inc. All Rights Reserved.
----------------------------------------------------------------------------------------------------------------------------------------------------------------------------------
| Tool Version : Vivado v.2025.2 (win64) Build 6299465 Fri Nov 14 19:35:11 GMT 2025
| Date         : Sun Aug 23 19:11:24 2026
| Host         : Deepan running 64-bit major release  (build 9200)
| Command      : report_timing -delay_type max -max_paths 10 -path_type full -file C:/Users/Deepan08/Desktop/MAC_V/results/vivado/reconfigurable_mac_optimized/critical_paths.rpt
| Design       : reconfigurable_mac_optimized
| Device       : 7a35t-cpg236
| Speed File   : -1  PRODUCTION 1.23 2018-06-13
| Design State : Routed
----------------------------------------------------------------------------------------------------------------------------------------------------------------------------------

Timing Report

Slack (MET) :             8.396ns  (required time - arrival time)
  Source:                 pending_valid_reg/C
                            (rising edge-triggered cell FDRE clocked by system_clk  {rise@0.000ns fall@5.000ns period=10.000ns})
  Destination:            valid_out_reg/D
                            (rising edge-triggered cell FDRE clocked by system_clk  {rise@0.000ns fall@5.000ns period=10.000ns})
  Path Group:             system_clk
  Path Type:              Setup (Max at Slow Process Corner)
  Requirement:            10.000ns  (system_clk rise@10.000ns - system_clk rise@0.000ns)
  Data Path Delay:        1.638ns  (logic 0.668ns (40.772%)  route 0.970ns (59.228%))
  Logic Levels:           1  (LUT3=1)
  Clock Path Skew:        -0.049ns (DCD - SCD + CPR)
    Destination Clock Delay (DCD):    0.924ns = ( 10.924 - 10.000 ) 
    Source Clock Delay      (SCD):    0.973ns
    Clock Pessimism Removal (CPR):    0.000ns
  Clock Uncertainty:      0.035ns  ((TSJ^2 + TIJ^2)^1/2 + DJ) / 2 + PE
    Total System Jitter     (TSJ):    0.071ns
    Total Input Jitter      (TIJ):    0.000ns
    Discrete Jitter          (DJ):    0.000ns
    Phase Error              (PE):    0.000ns

    Location             Delay type                Incr(ns)  Path(ns)    Netlist Resource(s)
  -------------------------------------------------------------------    -------------------
                         (clock system_clk rise edge)
                                                      0.000     0.000 r  
                         propagated clock network latency
                                                      0.973     0.973    
    SLICE_X54Y72         FDRE                         0.000     0.973 r  pending_valid_reg/C
    SLICE_X54Y72         FDRE (Prop_fdre_C_Q)         0.518     1.491 r  pending_valid_reg/Q
                         net (fo=2, routed)           0.970     2.461    pending_valid
    SLICE_X54Y72         LUT3 (Prop_lut3_I0_O)        0.150     2.611 r  valid_out_i_1/O
                         net (fo=1, routed)           0.000     2.611    valid_out_i_1_n_0
    SLICE_X54Y72         FDRE                                         r  valid_out_reg/D
  -------------------------------------------------------------------    -------------------

                         (clock system_clk rise edge)
                                                     10.000    10.000 r  
                         propagated clock network latency
                                                      0.924    10.924    
                         clock pessimism              0.000    10.924    
                         clock uncertainty           -0.035    10.889    
    SLICE_X54Y72         FDRE (Setup_fdre_C_D)        0.118    11.007    valid_out_reg
  -------------------------------------------------------------------
                         required time                         11.007    
                         arrival time                          -2.611    
  -------------------------------------------------------------------
                         slack                                  8.396    

Slack (MET) :             8.425ns  (required time - arrival time)
  Source:                 pending_valid_reg/C
                            (rising edge-triggered cell FDRE clocked by system_clk  {rise@0.000ns fall@5.000ns period=10.000ns})
  Destination:            acc_out_reg/CEP
                            (rising edge-triggered cell DSP48E1 clocked by system_clk  {rise@0.000ns fall@5.000ns period=10.000ns})
  Path Group:             system_clk
  Path Type:              Setup (Max at Slow Process Corner)
  Requirement:            10.000ns  (system_clk rise@10.000ns - system_clk rise@0.000ns)
  Data Path Delay:        0.967ns  (logic 0.518ns (53.547%)  route 0.449ns (46.453%))
  Logic Levels:           0  
  Clock Path Skew:        -0.049ns (DCD - SCD + CPR)
    Destination Clock Delay (DCD):    0.924ns = ( 10.924 - 10.000 ) 
    Source Clock Delay      (SCD):    0.973ns
    Clock Pessimism Removal (CPR):    0.000ns
  Clock Uncertainty:      0.035ns  ((TSJ^2 + TIJ^2)^1/2 + DJ) / 2 + PE
    Total System Jitter     (TSJ):    0.071ns
    Total Input Jitter      (TIJ):    0.000ns
    Discrete Jitter          (DJ):    0.000ns
    Phase Error              (PE):    0.000ns

    Location             Delay type                Incr(ns)  Path(ns)    Netlist Resource(s)
  -------------------------------------------------------------------    -------------------
                         (clock system_clk rise edge)
                                                      0.000     0.000 r  
                         propagated clock network latency
                                                      0.973     0.973    
    SLICE_X54Y72         FDRE                         0.000     0.973 r  pending_valid_reg/C
    SLICE_X54Y72         FDRE (Prop_fdre_C_Q)         0.518     1.491 r  pending_valid_reg/Q
                         net (fo=2, routed)           0.449     1.940    pending_valid
    DSP48_X1Y28          DSP48E1                                      r  acc_out_reg/CEP
  -------------------------------------------------------------------    -------------------

                         (clock system_clk rise edge)
                                                     10.000    10.000 r  
                         propagated clock network latency
                                                      0.924    10.924    
                         clock pessimism              0.000    10.924    
                         clock uncertainty           -0.035    10.889    
    DSP48_X1Y28          DSP48E1 (Setup_dsp48e1_CLK_CEP)
                                                     -0.524    10.365    acc_out_reg
  -------------------------------------------------------------------
                         required time                         10.365    
                         arrival time                          -1.940    
  -------------------------------------------------------------------
                         slack                                  8.425    




