Copyright 1986-2022 Xilinx, Inc. All Rights Reserved. Copyright 2022-2025 Advanced Micro Devices, Inc. All Rights Reserved.
--------------------------------------------------------------------------------------------------------------------------------------------------------------
| Tool Version : Vivado v.2025.2 (win64) Build 6299465 Fri Nov 14 19:35:11 GMT 2025
| Date         : Sun Aug 23 19:05:02 2026
| Host         : Deepan running 64-bit major release  (build 9200)
| Command      : report_timing -delay_type max -max_paths 10 -path_type full -file C:/Users/Deepan08/Desktop/MAC_V/results/vivado/mac_int8/critical_paths.rpt
| Design       : mac_int8
| Device       : 7a35t-cpg236
| Speed File   : -1  PRODUCTION 1.23 2018-06-13
| Design State : Routed
--------------------------------------------------------------------------------------------------------------------------------------------------------------

Timing Report

Slack (MET) :             7.175ns  (required time - arrival time)
  Source:                 acc_out_reg[1]/C
                            (rising edge-triggered cell FDRE clocked by system_clk  {rise@0.000ns fall@5.000ns period=10.000ns})
  Destination:            acc_out_reg[29]/D
                            (rising edge-triggered cell FDRE clocked by system_clk  {rise@0.000ns fall@5.000ns period=10.000ns})
  Path Group:             system_clk
  Path Type:              Setup (Max at Slow Process Corner)
  Requirement:            10.000ns  (system_clk rise@10.000ns - system_clk rise@0.000ns)
  Data Path Delay:        2.803ns  (logic 2.148ns (76.629%)  route 0.655ns (23.371%))
  Logic Levels:           9  (CARRY4=8 LUT2=1)
  Clock Path Skew:        -0.049ns (DCD - SCD + CPR)
    Destination Clock Delay (DCD):    0.924ns = ( 10.924 - 10.000 ) 
    Source Clock Delay      (SCD):    0.973ns
    Clock Pessimism Removal (CPR):    0.000ns
  Clock Uncertainty:      0.035ns  ((TSJ^2 + TIJ^2)^1/2 + DJ) / 2 + PE
    Total System Jitter     (TSJ):    0.071ns
    Total Input Jitter      (TIJ):    0.000ns
    Discrete Jitter          (DJ):    0.000ns
    Phase Error              (PE):    0.000ns

    Location             Delay type                Incr(ns)  Path(ns)    Netlist Resource(s)
  -------------------------------------------------------------------    -------------------
                         (clock system_clk rise edge)
                                                      0.000     0.000 r  
                         propagated clock network latency
                                                      0.973     0.973    
    SLICE_X43Y67         FDRE                         0.000     0.973 r  acc_out_reg[1]/C
    SLICE_X43Y67         FDRE (Prop_fdre_C_Q)         0.456     1.429 r  acc_out_reg[1]/Q
                         net (fo=1, routed)           0.655     2.084    acc_out[1]
    SLICE_X43Y67         LUT2 (Prop_lut2_I1_O)        0.124     2.208 r  acc_out[3]_i_5/O
                         net (fo=1, routed)           0.000     2.208    acc_out[3]_i_5_n_0
    SLICE_X43Y67         CARRY4 (Prop_carry4_S[1]_CO[3])
                                                      0.550     2.758 r  acc_out_reg[3]_i_1/CO[3]
                         net (fo=1, routed)           0.000     2.758    acc_out_reg[3]_i_1_n_0
    SLICE_X43Y68         CARRY4 (Prop_carry4_CI_CO[3])
                                                      0.114     2.872 r  acc_out_reg[7]_i_1/CO[3]
                         net (fo=1, routed)           0.000     2.872    acc_out_reg[7]_i_1_n_0
    SLICE_X43Y69         CARRY4 (Prop_carry4_CI_CO[3])
                                                      0.114     2.986 r  acc_out_reg[11]_i_1/CO[3]
                         net (fo=1, routed)           0.000     2.986    acc_out_reg[11]_i_1_n_0
    SLICE_X43Y70         CARRY4 (Prop_carry4_CI_CO[3])
                                                      0.114     3.100 r  acc_out_reg[15]_i_1/CO[3]
                         net (fo=1, routed)           0.000     3.100    acc_out_reg[15]_i_1_n_0
    SLICE_X43Y71         CARRY4 (Prop_carry4_CI_CO[3])
                                                      0.114     3.214 r  acc_out_reg[19]_i_1/CO[3]
                         net (fo=1, routed)           0.000     3.214    acc_out_reg[19]_i_1_n_0
    SLICE_X43Y72         CARRY4 (Prop_carry4_CI_CO[3])
                                                      0.114     3.328 r  acc_out_reg[23]_i_1/CO[3]
                         net (fo=1, routed)           0.000     3.328    acc_out_reg[23]_i_1_n_0
    SLICE_X43Y73         CARRY4 (Prop_carry4_CI_CO[3])
                                                      0.114     3.442 r  acc_out_reg[27]_i_1/CO[3]
                         net (fo=1, routed)           0.000     3.442    acc_out_reg[27]_i_1_n_0
    SLICE_X43Y74         CARRY4 (Prop_carry4_CI_O[1])
                                                      0.334     3.776 r  acc_out_reg[31]_i_3/O[1]
                         net (fo=1, routed)           0.000     3.776    acc_out_reg[31]_i_3_n_6
    SLICE_X43Y74         FDRE                                         r  acc_out_reg[29]/D
  -------------------------------------------------------------------    -------------------

                         (clock system_clk rise edge)
                                                     10.000    10.000 r  
                         propagated clock network latency
                                                      0.924    10.924    
                         clock pessimism              0.000    10.924    
                         clock uncertainty           -0.035    10.889    
    SLICE_X43Y74         FDRE (Setup_fdre_C_D)        0.062    10.951    acc_out_reg[29]
  -------------------------------------------------------------------
                         required time                         10.951    
                         arrival time                          -3.776    
  -------------------------------------------------------------------
                         slack                                  7.175    

Slack (MET) :             7.196ns  (required time - arrival time)
  Source:                 acc_out_reg[1]/C
                            (rising edge-triggered cell FDRE clocked by system_clk  {rise@0.000ns fall@5.000ns period=10.000ns})
  Destination:            acc_out_reg[31]/D
                            (rising edge-triggered cell FDRE clocked by system_clk  {rise@0.000ns fall@5.000ns period=10.000ns})
  Path Group:             system_clk
  Path Type:              Setup (Max at Slow Process Corner)
  Requirement:            10.000ns  (system_clk rise@10.000ns - system_clk rise@0.000ns)
  Data Path Delay:        2.782ns  (logic 2.127ns (76.453%)  route 0.655ns (23.547%))
  Logic Levels:           9  (CARRY4=8 LUT2=1)
  Clock Path Skew:        -0.049ns (DCD - SCD + CPR)
    Destination Clock Delay (DCD):    0.924ns = ( 10.924 - 10.000 ) 
    Source Clock Delay      (SCD):    0.973ns
    Clock Pessimism Removal (CPR):    0.000ns
  Clock Uncertainty:      0.035ns  ((TSJ^2 + TIJ^2)^1/2 + DJ) / 2 + PE
    Total System Jitter     (TSJ):    0.071ns
    Total Input Jitter      (TIJ):    0.000ns
    Discrete Jitter          (DJ):    0.000ns
    Phase Error              (PE):    0.000ns

    Location             Delay type                Incr(ns)  Path(ns)    Netlist Resource(s)
  -------------------------------------------------------------------    -------------------
                         (clock system_clk rise edge)
                                                      0.000     0.000 r  
                         propagated clock network latency
                                                      0.973     0.973    
    SLICE_X43Y67         FDRE                         0.000     0.973 r  acc_out_reg[1]/C
    SLICE_X43Y67         FDRE (Prop_fdre_C_Q)         0.456     1.429 r  acc_out_reg[1]/Q
                         net (fo=1, routed)           0.655     2.084    acc_out[1]
    SLICE_X43Y67         LUT2 (Prop_lut2_I1_O)        0.124     2.208 r  acc_out[3]_i_5/O
                         net (fo=1, routed)           0.000     2.208    acc_out[3]_i_5_n_0
    SLICE_X43Y67         CARRY4 (Prop_carry4_S[1]_CO[3])
                                                      0.550     2.758 r  acc_out_reg[3]_i_1/CO[3]
                         net (fo=1, routed)           0.000     2.758    acc_out_reg[3]_i_1_n_0
    SLICE_X43Y68         CARRY4 (Prop_carry4_CI_CO[3])
                                                      0.114     2.872 r  acc_out_reg[7]_i_1/CO[3]
                         net (fo=1, routed)           0.000     2.872    acc_out_reg[7]_i_1_n_0
    SLICE_X43Y69         CARRY4 (Prop_carry4_CI_CO[3])
                                                      0.114     2.986 r  acc_out_reg[11]_i_1/CO[3]
                         net (fo=1, routed)           0.000     2.986    acc_out_reg[11]_i_1_n_0
    SLICE_X43Y70         CARRY4 (Prop_carry4_CI_CO[3])
                                                      0.114     3.100 r  acc_out_reg[15]_i_1/CO[3]
                         net (fo=1, routed)           0.000     3.100    acc_out_reg[15]_i_1_n_0
    SLICE_X43Y71         CARRY4 (Prop_carry4_CI_CO[3])
                                                      0.114     3.214 r  acc_out_reg[19]_i_1/CO[3]
                         net (fo=1, routed)           0.000     3.214    acc_out_reg[19]_i_1_n_0
    SLICE_X43Y72         CARRY4 (Prop_carry4_CI_CO[3])
                                                      0.114     3.328 r  acc_out_reg[23]_i_1/CO[3]
                         net (fo=1, routed)           0.000     3.328    acc_out_reg[23]_i_1_n_0
    SLICE_X43Y73         CARRY4 (Prop_carry4_CI_CO[3])
                                                      0.114     3.442 r  acc_out_reg[27]_i_1/CO[3]
                         net (fo=1, routed)           0.000     3.442    acc_out_reg[27]_i_1_n_0
    SLICE_X43Y74         CARRY4 (Prop_carry4_CI_O[3])
                                                      0.313     3.755 r  acc_out_reg[31]_i_3/O[3]
                         net (fo=1, routed)           0.000     3.755    acc_out_reg[31]_i_3_n_4
    SLICE_X43Y74         FDRE                                         r  acc_out_reg[31]/D
  -------------------------------------------------------------------    -------------------

                         (clock system_clk rise edge)
                                                     10.000    10.000 r  
                         propagated clock network latency
                                                      0.924    10.924    
                         clock pessimism              0.000    10.924    
                         clock uncertainty           -0.035    10.889    
    SLICE_X43Y74         FDRE (Setup_fdre_C_D)        0.062    10.951    acc_out_reg[31]
  -------------------------------------------------------------------
                         required time                         10.951    
                         arrival time                          -3.755    
  -------------------------------------------------------------------
                         slack                                  7.196    

Slack (MET) :             7.270ns  (required time - arrival time)
  Source:                 acc_out_reg[1]/C
                            (rising edge-triggered cell FDRE clocked by system_clk  {rise@0.000ns fall@5.000ns period=10.000ns})
  Destination:            acc_out_reg[30]/D
                            (rising edge-triggered cell FDRE clocked by system_clk  {rise@0.000ns fall@5.000ns period=10.000ns})
  Path Group:             system_clk
  Path Type:              Setup (Max at Slow Process Corner)
  Requirement:            10.000ns  (system_clk rise@10.000ns - system_clk rise@0.000ns)
  Data Path Delay:        2.708ns  (logic 2.053ns (75.810%)  route 0.655ns (24.191%))
  Logic Levels:           9  (CARRY4=8 LUT2=1)
  Clock Path Skew:        -0.049ns (DCD - SCD + CPR)
    Destination Clock Delay (DCD):    0.924ns = ( 10.924 - 10.000 ) 
    Source Clock Delay      (SCD):    0.973ns
    Clock Pessimism Removal (CPR):    0.000ns
  Clock Uncertainty:      0.035ns  ((TSJ^2 + TIJ^2)^1/2 + DJ) / 2 + PE
    Total System Jitter     (TSJ):    0.071ns
    Total Input Jitter      (TIJ):    0.000ns
    Discrete Jitter          (DJ):    0.000ns
    Phase Error              (PE):    0.000ns

    Location             Delay type                Incr(ns)  Path(ns)    Netlist Resource(s)
  -------------------------------------------------------------------    -------------------
                         (clock system_clk rise edge)
                                                      0.000     0.000 r  
                         propagated clock network latency
                                                      0.973     0.973    
    SLICE_X43Y67         FDRE                         0.000     0.973 r  acc_out_reg[1]/C
    SLICE_X43Y67         FDRE (Prop_fdre_C_Q)         0.456     1.429 r  acc_out_reg[1]/Q
                         net (fo=1, routed)           0.655     2.084    acc_out[1]
    SLICE_X43Y67         LUT2 (Prop_lut2_I1_O)        0.124     2.208 r  acc_out[3]_i_5/O
                         net (fo=1, routed)           0.000     2.208    acc_out[3]_i_5_n_0
    SLICE_X43Y67         CARRY4 (Prop_carry4_S[1]_CO[3])
                                                      0.550     2.758 r  acc_out_reg[3]_i_1/CO[3]
                         net (fo=1, routed)           0.000     2.758    acc_out_reg[3]_i_1_n_0
    SLICE_X43Y68         CARRY4 (Prop_carry4_CI_CO[3])
                                                      0.114     2.872 r  acc_out_reg[7]_i_1/CO[3]
                         net (fo=1, routed)           0.000     2.872    acc_out_reg[7]_i_1_n_0
    SLICE_X43Y69         CARRY4 (Prop_carry4_CI_CO[3])
                                                      0.114     2.986 r  acc_out_reg[11]_i_1/CO[3]
                         net (fo=1, routed)           0.000     2.986    acc_out_reg[11]_i_1_n_0
    SLICE_X43Y70         CARRY4 (Prop_carry4_CI_CO[3])
                                                      0.114     3.100 r  acc_out_reg[15]_i_1/CO[3]
                         net (fo=1, routed)           0.000     3.100    acc_out_reg[15]_i_1_n_0
    SLICE_X43Y71         CARRY4 (Prop_carry4_CI_CO[3])
                                                      0.114     3.214 r  acc_out_reg[19]_i_1/CO[3]
                         net (fo=1, routed)           0.000     3.214    acc_out_reg[19]_i_1_n_0
    SLICE_X43Y72         CARRY4 (Prop_carry4_CI_CO[3])
                                                      0.114     3.328 r  acc_out_reg[23]_i_1/CO[3]
                         net (fo=1, routed)           0.000     3.328    acc_out_reg[23]_i_1_n_0
    SLICE_X43Y73         CARRY4 (Prop_carry4_CI_CO[3])
                                                      0.114     3.442 r  acc_out_reg[27]_i_1/CO[3]
                         net (fo=1, routed)           0.000     3.442    acc_out_reg[27]_i_1_n_0
    SLICE_X43Y74         CARRY4 (Prop_carry4_CI_O[2])
                                                      0.239     3.681 r  acc_out_reg[31]_i_3/O[2]
                         net (fo=1, routed)           0.000     3.681    acc_out_reg[31]_i_3_n_5
    SLICE_X43Y74         FDRE                                         r  acc_out_reg[30]/D
  -------------------------------------------------------------------    -------------------

                         (clock system_clk rise edge)
                                                     10.000    10.000 r  
                         propagated clock network latency
                                                      0.924    10.924    
                         clock pessimism              0.000    10.924    
                         clock uncertainty           -0.035    10.889    
    SLICE_X43Y74         FDRE (Setup_fdre_C_D)        0.062    10.951    acc_out_reg[30]
  -------------------------------------------------------------------
                         required time                         10.951    
                         arrival time                          -3.681    
  -------------------------------------------------------------------
                         slack                                  7.270    

Slack (MET) :             7.286ns  (required time - arrival time)
  Source:                 acc_out_reg[1]/C
                            (rising edge-triggered cell FDRE clocked by system_clk  {rise@0.000ns fall@5.000ns period=10.000ns})
  Destination:            acc_out_reg[28]/D
                            (rising edge-triggered cell FDRE clocked by system_clk  {rise@0.000ns fall@5.000ns period=10.000ns})
  Path Group:             system_clk
  Path Type:              Setup (Max at Slow Process Corner)
  Requirement:            10.000ns  (system_clk rise@10.000ns - system_clk rise@0.000ns)
  Data Path Delay:        2.692ns  (logic 2.037ns (75.666%)  route 0.655ns (24.334%))
  Logic Levels:           9  (CARRY4=8 LUT2=1)
  Clock Path Skew:        -0.049ns (DCD - SCD + CPR)
    Destination Clock Delay (DCD):    0.924ns = ( 10.924 - 10.000 ) 
    Source Clock Delay      (SCD):    0.973ns
    Clock Pessimism Removal (CPR):    0.000ns
  Clock Uncertainty:      0.035ns  ((TSJ^2 + TIJ^2)^1/2 + DJ) / 2 + PE
    Total System Jitter     (TSJ):    0.071ns
    Total Input Jitter      (TIJ):    0.000ns
    Discrete Jitter          (DJ):    0.000ns
    Phase Error              (PE):    0.000ns

    Location             Delay type                Incr(ns)  Path(ns)    Netlist Resource(s)
  -------------------------------------------------------------------    -------------------
                         (clock system_clk rise edge)
                                                      0.000     0.000 r  
                         propagated clock network latency
                                                      0.973     0.973    
    SLICE_X43Y67         FDRE                         0.000     0.973 r  acc_out_reg[1]/C
    SLICE_X43Y67         FDRE (Prop_fdre_C_Q)         0.456     1.429 r  acc_out_reg[1]/Q
                         net (fo=1, routed)           0.655     2.084    acc_out[1]
    SLICE_X43Y67         LUT2 (Prop_lut2_I1_O)        0.124     2.208 r  acc_out[3]_i_5/O
                         net (fo=1, routed)           0.000     2.208    acc_out[3]_i_5_n_0
    SLICE_X43Y67         CARRY4 (Prop_carry4_S[1]_CO[3])
                                                      0.550     2.758 r  acc_out_reg[3]_i_1/CO[3]
                         net (fo=1, routed)           0.000     2.758    acc_out_reg[3]_i_1_n_0
    SLICE_X43Y68         CARRY4 (Prop_carry4_CI_CO[3])
                                                      0.114     2.872 r  acc_out_reg[7]_i_1/CO[3]
                         net (fo=1, routed)           0.000     2.872    acc_out_reg[7]_i_1_n_0
    SLICE_X43Y69         CARRY4 (Prop_carry4_CI_CO[3])
                                                      0.114     2.986 r  acc_out_reg[11]_i_1/CO[3]
                         net (fo=1, routed)           0.000     2.986    acc_out_reg[11]_i_1_n_0
    SLICE_X43Y70         CARRY4 (Prop_carry4_CI_CO[3])
                                                      0.114     3.100 r  acc_out_reg[15]_i_1/CO[3]
                         net (fo=1, routed)           0.000     3.100    acc_out_reg[15]_i_1_n_0
    SLICE_X43Y71         CARRY4 (Prop_carry4_CI_CO[3])
                                                      0.114     3.214 r  acc_out_reg[19]_i_1/CO[3]
                         net (fo=1, routed)           0.000     3.214    acc_out_reg[19]_i_1_n_0
    SLICE_X43Y72         CARRY4 (Prop_carry4_CI_CO[3])
                                                      0.114     3.328 r  acc_out_reg[23]_i_1/CO[3]
                         net (fo=1, routed)           0.000     3.328    acc_out_reg[23]_i_1_n_0
    SLICE_X43Y73         CARRY4 (Prop_carry4_CI_CO[3])
                                                      0.114     3.442 r  acc_out_reg[27]_i_1/CO[3]
                         net (fo=1, routed)           0.000     3.442    acc_out_reg[27]_i_1_n_0
    SLICE_X43Y74         CARRY4 (Prop_carry4_CI_O[0])
                                                      0.223     3.665 r  acc_out_reg[31]_i_3/O[0]
                         net (fo=1, routed)           0.000     3.665    acc_out_reg[31]_i_3_n_7
    SLICE_X43Y74         FDRE                                         r  acc_out_reg[28]/D
  -------------------------------------------------------------------    -------------------

                         (clock system_clk rise edge)
                                                     10.000    10.000 r  
                         propagated clock network latency
                                                      0.924    10.924    
                         clock pessimism              0.000    10.924    
                         clock uncertainty           -0.035    10.889    
    SLICE_X43Y74         FDRE (Setup_fdre_C_D)        0.062    10.951    acc_out_reg[28]
  -------------------------------------------------------------------
                         required time                         10.951    
                         arrival time                          -3.665    
  -------------------------------------------------------------------
                         slack                                  7.286    

Slack (MET) :             7.289ns  (required time - arrival time)
  Source:                 acc_out_reg[1]/C
                            (rising edge-triggered cell FDRE clocked by system_clk  {rise@0.000ns fall@5.000ns period=10.000ns})
  Destination:            acc_out_reg[25]/D
                            (rising edge-triggered cell FDRE clocked by system_clk  {rise@0.000ns fall@5.000ns period=10.000ns})
  Path Group:             system_clk
  Path Type:              Setup (Max at Slow Process Corner)
  Requirement:            10.000ns  (system_clk rise@10.000ns - system_clk rise@0.000ns)
  Data Path Delay:        2.689ns  (logic 2.034ns (75.639%)  route 0.655ns (24.361%))
  Logic Levels:           8  (CARRY4=7 LUT2=1)
  Clock Path Skew:        -0.049ns (DCD - SCD + CPR)
    Destination Clock Delay (DCD):    0.924ns = ( 10.924 - 10.000 ) 
    Source Clock Delay      (SCD):    0.973ns
    Clock Pessimism Removal (CPR):    0.000ns
  Clock Uncertainty:      0.035ns  ((TSJ^2 + TIJ^2)^1/2 + DJ) / 2 + PE
    Total System Jitter     (TSJ):    0.071ns
    Total Input Jitter      (TIJ):    0.000ns
    Discrete Jitter          (DJ):    0.000ns
    Phase Error              (PE):    0.000ns

    Location             Delay type                Incr(ns)  Path(ns)    Netlist Resource(s)
  -------------------------------------------------------------------    -------------------
                         (clock system_clk rise edge)
                                                      0.000     0.000 r  
                         propagated clock network latency
                                                      0.973     0.973    
    SLICE_X43Y67         FDRE                         0.000     0.973 r  acc_out_reg[1]/C
    SLICE_X43Y67         FDRE (Prop_fdre_C_Q)         0.456     1.429 r  acc_out_reg[1]/Q
                         net (fo=1, routed)           0.655     2.084    acc_out[1]
    SLICE_X43Y67         LUT2 (Prop_lut2_I1_O)        0.124     2.208 r  acc_out[3]_i_5/O
                         net (fo=1, routed)           0.000     2.208    acc_out[3]_i_5_n_0
    SLICE_X43Y67         CARRY4 (Prop_carry4_S[1]_CO[3])
                                                      0.550     2.758 r  acc_out_reg[3]_i_1/CO[3]
                         net (fo=1, routed)           0.000     2.758    acc_out_reg[3]_i_1_n_0
    SLICE_X43Y68         CARRY4 (Prop_carry4_CI_CO[3])
                                                      0.114     2.872 r  acc_out_reg[7]_i_1/CO[3]
                         net (fo=1, routed)           0.000     2.872    acc_out_reg[7]_i_1_n_0
    SLICE_X43Y69         CARRY4 (Prop_carry4_CI_CO[3])
                                                      0.114     2.986 r  acc_out_reg[11]_i_1/CO[3]
                         net (fo=1, routed)           0.000     2.986    acc_out_reg[11]_i_1_n_0
    SLICE_X43Y70         CARRY4 (Prop_carry4_CI_CO[3])
                                                      0.114     3.100 r  acc_out_reg[15]_i_1/CO[3]
                         net (fo=1, routed)           0.000     3.100    acc_out_reg[15]_i_1_n_0
    SLICE_X43Y71         CARRY4 (Prop_carry4_CI_CO[3])
                                                      0.114     3.214 r  acc_out_reg[19]_i_1/CO[3]
                         net (fo=1, routed)           0.000     3.214    acc_out_reg[19]_i_1_n_0
    SLICE_X43Y72         CARRY4 (Prop_carry4_CI_CO[3])
                                                      0.114     3.328 r  acc_out_reg[23]_i_1/CO[3]
                         net (fo=1, routed)           0.000     3.328    acc_out_reg[23]_i_1_n_0
    SLICE_X43Y73         CARRY4 (Prop_carry4_CI_O[1])
                                                      0.334     3.662 r  acc_out_reg[27]_i_1/O[1]
                         net (fo=1, routed)           0.000     3.662    acc_out_reg[27]_i_1_n_6
    SLICE_X43Y73         FDRE                                         r  acc_out_reg[25]/D
  -------------------------------------------------------------------    -------------------

                         (clock system_clk rise edge)
                                                     10.000    10.000 r  
                         propagated clock network latency
                                                      0.924    10.924    
                         clock pessimism              0.000    10.924    
                         clock uncertainty           -0.035    10.889    
    SLICE_X43Y73         FDRE (Setup_fdre_C_D)        0.062    10.951    acc_out_reg[25]
  -------------------------------------------------------------------
                         required time                         10.951    
                         arrival time                          -3.662    
  -------------------------------------------------------------------
                         slack                                  7.289    

Slack (MET) :             7.310ns  (required time - arrival time)
  Source:                 acc_out_reg[1]/C
                            (rising edge-triggered cell FDRE clocked by system_clk  {rise@0.000ns fall@5.000ns period=10.000ns})
  Destination:            acc_out_reg[27]/D
                            (rising edge-triggered cell FDRE clocked by system_clk  {rise@0.000ns fall@5.000ns period=10.000ns})
  Path Group:             system_clk
  Path Type:              Setup (Max at Slow Process Corner)
  Requirement:            10.000ns  (system_clk rise@10.000ns - system_clk rise@0.000ns)
  Data Path Delay:        2.668ns  (logic 2.013ns (75.447%)  route 0.655ns (24.553%))
  Logic Levels:           8  (CARRY4=7 LUT2=1)
  Clock Path Skew:        -0.049ns (DCD - SCD + CPR)
    Destination Clock Delay (DCD):    0.924ns = ( 10.924 - 10.000 ) 
    Source Clock Delay      (SCD):    0.973ns
    Clock Pessimism Removal (CPR):    0.000ns
  Clock Uncertainty:      0.035ns  ((TSJ^2 + TIJ^2)^1/2 + DJ) / 2 + PE
    Total System Jitter     (TSJ):    0.071ns
    Total Input Jitter      (TIJ):    0.000ns
    Discrete Jitter          (DJ):    0.000ns
    Phase Error              (PE):    0.000ns

    Location             Delay type                Incr(ns)  Path(ns)    Netlist Resource(s)
  -------------------------------------------------------------------    -------------------
                         (clock system_clk rise edge)
                                                      0.000     0.000 r  
                         propagated clock network latency
                                                      0.973     0.973    
    SLICE_X43Y67         FDRE                         0.000     0.973 r  acc_out_reg[1]/C
    SLICE_X43Y67         FDRE (Prop_fdre_C_Q)         0.456     1.429 r  acc_out_reg[1]/Q
                         net (fo=1, routed)           0.655     2.084    acc_out[1]
    SLICE_X43Y67         LUT2 (Prop_lut2_I1_O)        0.124     2.208 r  acc_out[3]_i_5/O
                         net (fo=1, routed)           0.000     2.208    acc_out[3]_i_5_n_0
    SLICE_X43Y67         CARRY4 (Prop_carry4_S[1]_CO[3])
                                                      0.550     2.758 r  acc_out_reg[3]_i_1/CO[3]
                         net (fo=1, routed)           0.000     2.758    acc_out_reg[3]_i_1_n_0
    SLICE_X43Y68         CARRY4 (Prop_carry4_CI_CO[3])
                                                      0.114     2.872 r  acc_out_reg[7]_i_1/CO[3]
                         net (fo=1, routed)           0.000     2.872    acc_out_reg[7]_i_1_n_0
    SLICE_X43Y69         CARRY4 (Prop_carry4_CI_CO[3])
                                                      0.114     2.986 r  acc_out_reg[11]_i_1/CO[3]
                         net (fo=1, routed)           0.000     2.986    acc_out_reg[11]_i_1_n_0
    SLICE_X43Y70         CARRY4 (Prop_carry4_CI_CO[3])
                                                      0.114     3.100 r  acc_out_reg[15]_i_1/CO[3]
                         net (fo=1, routed)           0.000     3.100    acc_out_reg[15]_i_1_n_0
    SLICE_X43Y71         CARRY4 (Prop_carry4_CI_CO[3])
                                                      0.114     3.214 r  acc_out_reg[19]_i_1/CO[3]
                         net (fo=1, routed)           0.000     3.214    acc_out_reg[19]_i_1_n_0
    SLICE_X43Y72         CARRY4 (Prop_carry4_CI_CO[3])
                                                      0.114     3.328 r  acc_out_reg[23]_i_1/CO[3]
                         net (fo=1, routed)           0.000     3.328    acc_out_reg[23]_i_1_n_0
    SLICE_X43Y73         CARRY4 (Prop_carry4_CI_O[3])
                                                      0.313     3.641 r  acc_out_reg[27]_i_1/O[3]
                         net (fo=1, routed)           0.000     3.641    acc_out_reg[27]_i_1_n_4
    SLICE_X43Y73         FDRE                                         r  acc_out_reg[27]/D
  -------------------------------------------------------------------    -------------------

                         (clock system_clk rise edge)
                                                     10.000    10.000 r  
                         propagated clock network latency
                                                      0.924    10.924    
                         clock pessimism              0.000    10.924    
                         clock uncertainty           -0.035    10.889    
    SLICE_X43Y73         FDRE (Setup_fdre_C_D)        0.062    10.951    acc_out_reg[27]
  -------------------------------------------------------------------
                         required time                         10.951    
                         arrival time                          -3.641    
  -------------------------------------------------------------------
                         slack                                  7.310    

Slack (MET) :             7.384ns  (required time - arrival time)
  Source:                 acc_out_reg[1]/C
                            (rising edge-triggered cell FDRE clocked by system_clk  {rise@0.000ns fall@5.000ns period=10.000ns})
  Destination:            acc_out_reg[26]/D
                            (rising edge-triggered cell FDRE clocked by system_clk  {rise@0.000ns fall@5.000ns period=10.000ns})
  Path Group:             system_clk
  Path Type:              Setup (Max at Slow Process Corner)
  Requirement:            10.000ns  (system_clk rise@10.000ns - system_clk rise@0.000ns)
  Data Path Delay:        2.594ns  (logic 1.939ns (74.746%)  route 0.655ns (25.254%))
  Logic Levels:           8  (CARRY4=7 LUT2=1)
  Clock Path Skew:        -0.049ns (DCD - SCD + CPR)
    Destination Clock Delay (DCD):    0.924ns = ( 10.924 - 10.000 ) 
    Source Clock Delay      (SCD):    0.973ns
    Clock Pessimism Removal (CPR):    0.000ns
  Clock Uncertainty:      0.035ns  ((TSJ^2 + TIJ^2)^1/2 + DJ) / 2 + PE
    Total System Jitter     (TSJ):    0.071ns
    Total Input Jitter      (TIJ):    0.000ns
    Discrete Jitter          (DJ):    0.000ns
    Phase Error              (PE):    0.000ns

    Location             Delay type                Incr(ns)  Path(ns)    Netlist Resource(s)
  -------------------------------------------------------------------    -------------------
                         (clock system_clk rise edge)
                                                      0.000     0.000 r  
                         propagated clock network latency
                                                      0.973     0.973    
    SLICE_X43Y67         FDRE                         0.000     0.973 r  acc_out_reg[1]/C
    SLICE_X43Y67         FDRE (Prop_fdre_C_Q)         0.456     1.429 r  acc_out_reg[1]/Q
                         net (fo=1, routed)           0.655     2.084    acc_out[1]
    SLICE_X43Y67         LUT2 (Prop_lut2_I1_O)        0.124     2.208 r  acc_out[3]_i_5/O
                         net (fo=1, routed)           0.000     2.208    acc_out[3]_i_5_n_0
    SLICE_X43Y67         CARRY4 (Prop_carry4_S[1]_CO[3])
                                                      0.550     2.758 r  acc_out_reg[3]_i_1/CO[3]
                         net (fo=1, routed)           0.000     2.758    acc_out_reg[3]_i_1_n_0
    SLICE_X43Y68         CARRY4 (Prop_carry4_CI_CO[3])
                                                      0.114     2.872 r  acc_out_reg[7]_i_1/CO[3]
                         net (fo=1, routed)           0.000     2.872    acc_out_reg[7]_i_1_n_0
    SLICE_X43Y69         CARRY4 (Prop_carry4_CI_CO[3])
                                                      0.114     2.986 r  acc_out_reg[11]_i_1/CO[3]
                         net (fo=1, routed)           0.000     2.986    acc_out_reg[11]_i_1_n_0
    SLICE_X43Y70         CARRY4 (Prop_carry4_CI_CO[3])
                                                      0.114     3.100 r  acc_out_reg[15]_i_1/CO[3]
                         net (fo=1, routed)           0.000     3.100    acc_out_reg[15]_i_1_n_0
    SLICE_X43Y71         CARRY4 (Prop_carry4_CI_CO[3])
                                                      0.114     3.214 r  acc_out_reg[19]_i_1/CO[3]
                         net (fo=1, routed)           0.000     3.214    acc_out_reg[19]_i_1_n_0
    SLICE_X43Y72         CARRY4 (Prop_carry4_CI_CO[3])
                                                      0.114     3.328 r  acc_out_reg[23]_i_1/CO[3]
                         net (fo=1, routed)           0.000     3.328    acc_out_reg[23]_i_1_n_0
    SLICE_X43Y73         CARRY4 (Prop_carry4_CI_O[2])
                                                      0.239     3.567 r  acc_out_reg[27]_i_1/O[2]
                         net (fo=1, routed)           0.000     3.567    acc_out_reg[27]_i_1_n_5
    SLICE_X43Y73         FDRE                                         r  acc_out_reg[26]/D
  -------------------------------------------------------------------    -------------------

                         (clock system_clk rise edge)
                                                     10.000    10.000 r  
                         propagated clock network latency
                                                      0.924    10.924    
                         clock pessimism              0.000    10.924    
                         clock uncertainty           -0.035    10.889    
    SLICE_X43Y73         FDRE (Setup_fdre_C_D)        0.062    10.951    acc_out_reg[26]
  -------------------------------------------------------------------
                         required time                         10.951    
                         arrival time                          -3.567    
  -------------------------------------------------------------------
                         slack                                  7.384    

Slack (MET) :             7.400ns  (required time - arrival time)
  Source:                 acc_out_reg[1]/C
                            (rising edge-triggered cell FDRE clocked by system_clk  {rise@0.000ns fall@5.000ns period=10.000ns})
  Destination:            acc_out_reg[24]/D
                            (rising edge-triggered cell FDRE clocked by system_clk  {rise@0.000ns fall@5.000ns period=10.000ns})
  Path Group:             system_clk
  Path Type:              Setup (Max at Slow Process Corner)
  Requirement:            10.000ns  (system_clk rise@10.000ns - system_clk rise@0.000ns)
  Data Path Delay:        2.578ns  (logic 1.923ns (74.590%)  route 0.655ns (25.410%))
  Logic Levels:           8  (CARRY4=7 LUT2=1)
  Clock Path Skew:        -0.049ns (DCD - SCD + CPR)
    Destination Clock Delay (DCD):    0.924ns = ( 10.924 - 10.000 ) 
    Source Clock Delay      (SCD):    0.973ns
    Clock Pessimism Removal (CPR):    0.000ns
  Clock Uncertainty:      0.035ns  ((TSJ^2 + TIJ^2)^1/2 + DJ) / 2 + PE
    Total System Jitter     (TSJ):    0.071ns
    Total Input Jitter      (TIJ):    0.000ns
    Discrete Jitter          (DJ):    0.000ns
    Phase Error              (PE):    0.000ns

    Location             Delay type                Incr(ns)  Path(ns)    Netlist Resource(s)
  -------------------------------------------------------------------    -------------------
                         (clock system_clk rise edge)
                                                      0.000     0.000 r  
                         propagated clock network latency
                                                      0.973     0.973    
    SLICE_X43Y67         FDRE                         0.000     0.973 r  acc_out_reg[1]/C
    SLICE_X43Y67         FDRE (Prop_fdre_C_Q)         0.456     1.429 r  acc_out_reg[1]/Q
                         net (fo=1, routed)           0.655     2.084    acc_out[1]
    SLICE_X43Y67         LUT2 (Prop_lut2_I1_O)        0.124     2.208 r  acc_out[3]_i_5/O
                         net (fo=1, routed)           0.000     2.208    acc_out[3]_i_5_n_0
    SLICE_X43Y67         CARRY4 (Prop_carry4_S[1]_CO[3])
                                                      0.550     2.758 r  acc_out_reg[3]_i_1/CO[3]
                         net (fo=1, routed)           0.000     2.758    acc_out_reg[3]_i_1_n_0
    SLICE_X43Y68         CARRY4 (Prop_carry4_CI_CO[3])
                                                      0.114     2.872 r  acc_out_reg[7]_i_1/CO[3]
                         net (fo=1, routed)           0.000     2.872    acc_out_reg[7]_i_1_n_0
    SLICE_X43Y69         CARRY4 (Prop_carry4_CI_CO[3])
                                                      0.114     2.986 r  acc_out_reg[11]_i_1/CO[3]
                         net (fo=1, routed)           0.000     2.986    acc_out_reg[11]_i_1_n_0
    SLICE_X43Y70         CARRY4 (Prop_carry4_CI_CO[3])
                                                      0.114     3.100 r  acc_out_reg[15]_i_1/CO[3]
                         net (fo=1, routed)           0.000     3.100    acc_out_reg[15]_i_1_n_0
    SLICE_X43Y71         CARRY4 (Prop_carry4_CI_CO[3])
                                                      0.114     3.214 r  acc_out_reg[19]_i_1/CO[3]
                         net (fo=1, routed)           0.000     3.214    acc_out_reg[19]_i_1_n_0
    SLICE_X43Y72         CARRY4 (Prop_carry4_CI_CO[3])
                                                      0.114     3.328 r  acc_out_reg[23]_i_1/CO[3]
                         net (fo=1, routed)           0.000     3.328    acc_out_reg[23]_i_1_n_0
    SLICE_X43Y73         CARRY4 (Prop_carry4_CI_O[0])
                                                      0.223     3.551 r  acc_out_reg[27]_i_1/O[0]
                         net (fo=1, routed)           0.000     3.551    acc_out_reg[27]_i_1_n_7
    SLICE_X43Y73         FDRE                                         r  acc_out_reg[24]/D
  -------------------------------------------------------------------    -------------------

                         (clock system_clk rise edge)
                                                     10.000    10.000 r  
                         propagated clock network latency
                                                      0.924    10.924    
                         clock pessimism              0.000    10.924    
                         clock uncertainty           -0.035    10.889    
    SLICE_X43Y73         FDRE (Setup_fdre_C_D)        0.062    10.951    acc_out_reg[24]
  -------------------------------------------------------------------
                         required time                         10.951    
                         arrival time                          -3.551    
  -------------------------------------------------------------------
                         slack                                  7.400    

Slack (MET) :             7.403ns  (required time - arrival time)
  Source:                 acc_out_reg[1]/C
                            (rising edge-triggered cell FDRE clocked by system_clk  {rise@0.000ns fall@5.000ns period=10.000ns})
  Destination:            acc_out_reg[21]/D
                            (rising edge-triggered cell FDRE clocked by system_clk  {rise@0.000ns fall@5.000ns period=10.000ns})
  Path Group:             system_clk
  Path Type:              Setup (Max at Slow Process Corner)
  Requirement:            10.000ns  (system_clk rise@10.000ns - system_clk rise@0.000ns)
  Data Path Delay:        2.575ns  (logic 1.920ns (74.560%)  route 0.655ns (25.440%))
  Logic Levels:           7  (CARRY4=6 LUT2=1)
  Clock Path Skew:        -0.049ns (DCD - SCD + CPR)
    Destination Clock Delay (DCD):    0.924ns = ( 10.924 - 10.000 ) 
    Source Clock Delay      (SCD):    0.973ns
    Clock Pessimism Removal (CPR):    0.000ns
  Clock Uncertainty:      0.035ns  ((TSJ^2 + TIJ^2)^1/2 + DJ) / 2 + PE
    Total System Jitter     (TSJ):    0.071ns
    Total Input Jitter      (TIJ):    0.000ns
    Discrete Jitter          (DJ):    0.000ns
    Phase Error              (PE):    0.000ns

    Location             Delay type                Incr(ns)  Path(ns)    Netlist Resource(s)
  -------------------------------------------------------------------    -------------------
                         (clock system_clk rise edge)
                                                      0.000     0.000 r  
                         propagated clock network latency
                                                      0.973     0.973    
    SLICE_X43Y67         FDRE                         0.000     0.973 r  acc_out_reg[1]/C
    SLICE_X43Y67         FDRE (Prop_fdre_C_Q)         0.456     1.429 r  acc_out_reg[1]/Q
                         net (fo=1, routed)           0.655     2.084    acc_out[1]
    SLICE_X43Y67         LUT2 (Prop_lut2_I1_O)        0.124     2.208 r  acc_out[3]_i_5/O
                         net (fo=1, routed)           0.000     2.208    acc_out[3]_i_5_n_0
    SLICE_X43Y67         CARRY4 (Prop_carry4_S[1]_CO[3])
                                                      0.550     2.758 r  acc_out_reg[3]_i_1/CO[3]
                         net (fo=1, routed)           0.000     2.758    acc_out_reg[3]_i_1_n_0
    SLICE_X43Y68         CARRY4 (Prop_carry4_CI_CO[3])
                                                      0.114     2.872 r  acc_out_reg[7]_i_1/CO[3]
                         net (fo=1, routed)           0.000     2.872    acc_out_reg[7]_i_1_n_0
    SLICE_X43Y69         CARRY4 (Prop_carry4_CI_CO[3])
                                                      0.114     2.986 r  acc_out_reg[11]_i_1/CO[3]
                         net (fo=1, routed)           0.000     2.986    acc_out_reg[11]_i_1_n_0
    SLICE_X43Y70         CARRY4 (Prop_carry4_CI_CO[3])
                                                      0.114     3.100 r  acc_out_reg[15]_i_1/CO[3]
                         net (fo=1, routed)           0.000     3.100    acc_out_reg[15]_i_1_n_0
    SLICE_X43Y71         CARRY4 (Prop_carry4_CI_CO[3])
                                                      0.114     3.214 r  acc_out_reg[19]_i_1/CO[3]
                         net (fo=1, routed)           0.000     3.214    acc_out_reg[19]_i_1_n_0
    SLICE_X43Y72         CARRY4 (Prop_carry4_CI_O[1])
                                                      0.334     3.548 r  acc_out_reg[23]_i_1/O[1]
                         net (fo=1, routed)           0.000     3.548    acc_out_reg[23]_i_1_n_6
    SLICE_X43Y72         FDRE                                         r  acc_out_reg[21]/D
  -------------------------------------------------------------------    -------------------

                         (clock system_clk rise edge)
                                                     10.000    10.000 r  
                         propagated clock network latency
                                                      0.924    10.924    
                         clock pessimism              0.000    10.924    
                         clock uncertainty           -0.035    10.889    
    SLICE_X43Y72         FDRE (Setup_fdre_C_D)        0.062    10.951    acc_out_reg[21]
  -------------------------------------------------------------------
                         required time                         10.951    
                         arrival time                          -3.548    
  -------------------------------------------------------------------
                         slack                                  7.403    

Slack (MET) :             7.424ns  (required time - arrival time)
  Source:                 acc_out_reg[1]/C
                            (rising edge-triggered cell FDRE clocked by system_clk  {rise@0.000ns fall@5.000ns period=10.000ns})
  Destination:            acc_out_reg[23]/D
                            (rising edge-triggered cell FDRE clocked by system_clk  {rise@0.000ns fall@5.000ns period=10.000ns})
  Path Group:             system_clk
  Path Type:              Setup (Max at Slow Process Corner)
  Requirement:            10.000ns  (system_clk rise@10.000ns - system_clk rise@0.000ns)
  Data Path Delay:        2.554ns  (logic 1.899ns (74.351%)  route 0.655ns (25.649%))
  Logic Levels:           7  (CARRY4=6 LUT2=1)
  Clock Path Skew:        -0.049ns (DCD - SCD + CPR)
    Destination Clock Delay (DCD):    0.924ns = ( 10.924 - 10.000 ) 
    Source Clock Delay      (SCD):    0.973ns
    Clock Pessimism Removal (CPR):    0.000ns
  Clock Uncertainty:      0.035ns  ((TSJ^2 + TIJ^2)^1/2 + DJ) / 2 + PE
    Total System Jitter     (TSJ):    0.071ns
    Total Input Jitter      (TIJ):    0.000ns
    Discrete Jitter          (DJ):    0.000ns
    Phase Error              (PE):    0.000ns

    Location             Delay type                Incr(ns)  Path(ns)    Netlist Resource(s)
  -------------------------------------------------------------------    -------------------
                         (clock system_clk rise edge)
                                                      0.000     0.000 r  
                         propagated clock network latency
                                                      0.973     0.973    
    SLICE_X43Y67         FDRE                         0.000     0.973 r  acc_out_reg[1]/C
    SLICE_X43Y67         FDRE (Prop_fdre_C_Q)         0.456     1.429 r  acc_out_reg[1]/Q
                         net (fo=1, routed)           0.655     2.084    acc_out[1]
    SLICE_X43Y67         LUT2 (Prop_lut2_I1_O)        0.124     2.208 r  acc_out[3]_i_5/O
                         net (fo=1, routed)           0.000     2.208    acc_out[3]_i_5_n_0
    SLICE_X43Y67         CARRY4 (Prop_carry4_S[1]_CO[3])
                                                      0.550     2.758 r  acc_out_reg[3]_i_1/CO[3]
                         net (fo=1, routed)           0.000     2.758    acc_out_reg[3]_i_1_n_0
    SLICE_X43Y68         CARRY4 (Prop_carry4_CI_CO[3])
                                                      0.114     2.872 r  acc_out_reg[7]_i_1/CO[3]
                         net (fo=1, routed)           0.000     2.872    acc_out_reg[7]_i_1_n_0
    SLICE_X43Y69         CARRY4 (Prop_carry4_CI_CO[3])
                                                      0.114     2.986 r  acc_out_reg[11]_i_1/CO[3]
                         net (fo=1, routed)           0.000     2.986    acc_out_reg[11]_i_1_n_0
    SLICE_X43Y70         CARRY4 (Prop_carry4_CI_CO[3])
                                                      0.114     3.100 r  acc_out_reg[15]_i_1/CO[3]
                         net (fo=1, routed)           0.000     3.100    acc_out_reg[15]_i_1_n_0
    SLICE_X43Y71         CARRY4 (Prop_carry4_CI_CO[3])
                                                      0.114     3.214 r  acc_out_reg[19]_i_1/CO[3]
                         net (fo=1, routed)           0.000     3.214    acc_out_reg[19]_i_1_n_0
    SLICE_X43Y72         CARRY4 (Prop_carry4_CI_O[3])
                                                      0.313     3.527 r  acc_out_reg[23]_i_1/O[3]
                         net (fo=1, routed)           0.000     3.527    acc_out_reg[23]_i_1_n_4
    SLICE_X43Y72         FDRE                                         r  acc_out_reg[23]/D
  -------------------------------------------------------------------    -------------------

                         (clock system_clk rise edge)
                                                     10.000    10.000 r  
                         propagated clock network latency
                                                      0.924    10.924    
                         clock pessimism              0.000    10.924    
                         clock uncertainty           -0.035    10.889    
    SLICE_X43Y72         FDRE (Setup_fdre_C_D)        0.062    10.951    acc_out_reg[23]
  -------------------------------------------------------------------
                         required time                         10.951    
                         arrival time                          -3.527    
  -------------------------------------------------------------------
                         slack                                  7.424    




