Copyright 1986-2022 Xilinx, Inc. All Rights Reserved. Copyright 2022-2025 Advanced Micro Devices, Inc. All Rights Reserved.
---------------------------------------------------------------------------------------------------------------------------------------------------------------------
| Tool Version : Vivado v.2025.2 (win64) Build 6299465 Fri Nov 14 19:35:11 GMT 2025
| Date         : Sun Aug 23 18:56:53 2026
| Host         : Deepan running 64-bit major release  (build 9200)
| Command      : report_timing -delay_type max -max_paths 10 -path_type full -file C:/Users/Deepan08/Desktop/MAC_V/results/vivado/mac_array_4lane/critical_paths.rpt
| Design       : mac_array_4lane
| Device       : 7a35t-cpg236
| Speed File   : -1  PRODUCTION 1.23 2018-06-13
| Design State : Routed
---------------------------------------------------------------------------------------------------------------------------------------------------------------------

Timing Report

Slack (MET) :             4.624ns  (required time - arrival time)
  Source:                 acc_out_reg[2]/C
                            (rising edge-triggered cell FDRE clocked by system_clk  {rise@0.000ns fall@5.000ns period=10.000ns})
  Destination:            acc_out_reg[45]/D
                            (rising edge-triggered cell FDRE clocked by system_clk  {rise@0.000ns fall@5.000ns period=10.000ns})
  Path Group:             system_clk
  Path Type:              Setup (Max at Slow Process Corner)
  Requirement:            10.000ns  (system_clk rise@10.000ns - system_clk rise@0.000ns)
  Data Path Delay:        5.401ns  (logic 3.586ns (66.392%)  route 1.815ns (33.608%))
  Logic Levels:           15  (CARRY4=13 LUT4=2)
  Clock Path Skew:        -0.049ns (DCD - SCD + CPR)
    Destination Clock Delay (DCD):    0.924ns = ( 10.924 - 10.000 ) 
    Source Clock Delay      (SCD):    0.973ns
    Clock Pessimism Removal (CPR):    0.000ns
  Clock Uncertainty:      0.035ns  ((TSJ^2 + TIJ^2)^1/2 + DJ) / 2 + PE
    Total System Jitter     (TSJ):    0.071ns
    Total Input Jitter      (TIJ):    0.000ns
    Discrete Jitter          (DJ):    0.000ns
    Phase Error              (PE):    0.000ns

    Location             Delay type                Incr(ns)  Path(ns)    Netlist Resource(s)
  -------------------------------------------------------------------    -------------------
                         (clock system_clk rise edge)
                                                      0.000     0.000 r  
                         propagated clock network latency
                                                      0.973     0.973    
    SLICE_X10Y50         FDRE                         0.000     0.973 r  acc_out_reg[2]/C
    SLICE_X10Y50         FDRE (Prop_fdre_C_Q)         0.518     1.491 r  acc_out_reg[2]/Q
                         net (fo=2, routed)           0.990     2.481    acc_out[2]
    SLICE_X11Y51         LUT4 (Prop_lut4_I0_O)        0.124     2.605 r  acc_out[3]_i_8/O
                         net (fo=1, routed)           0.000     2.605    acc_out[3]_i_8_n_0
    SLICE_X11Y51         CARRY4 (Prop_carry4_S[2]_CO[3])
                                                      0.398     3.003 r  acc_out_reg[3]_i_2/CO[3]
                         net (fo=1, routed)           0.000     3.003    acc_out_reg[3]_i_2_n_0
    SLICE_X11Y52         CARRY4 (Prop_carry4_CI_O[1])
                                                      0.334     3.337 r  acc_out_reg[7]_i_2/O[1]
                         net (fo=2, routed)           0.825     4.162    acc_out_reg[7]_i_2_n_6
    SLICE_X10Y51         LUT4 (Prop_lut4_I0_O)        0.303     4.465 r  acc_out[7]_i_5/O
                         net (fo=1, routed)           0.000     4.465    acc_out[7]_i_5_n_0
    SLICE_X10Y51         CARRY4 (Prop_carry4_S[1]_CO[3])
                                                      0.533     4.998 r  acc_out_reg[7]_i_1/CO[3]
                         net (fo=1, routed)           0.000     4.998    acc_out_reg[7]_i_1_n_0
    SLICE_X10Y52         CARRY4 (Prop_carry4_CI_CO[3])
                                                      0.117     5.115 r  acc_out_reg[11]_i_1/CO[3]
                         net (fo=1, routed)           0.000     5.115    acc_out_reg[11]_i_1_n_0
    SLICE_X10Y53         CARRY4 (Prop_carry4_CI_CO[3])
                                                      0.117     5.232 r  acc_out_reg[15]_i_1/CO[3]
                         net (fo=1, routed)           0.000     5.232    acc_out_reg[15]_i_1_n_0
    SLICE_X10Y54         CARRY4 (Prop_carry4_CI_CO[3])
                                                      0.117     5.349 r  acc_out_reg[19]_i_1/CO[3]
                         net (fo=1, routed)           0.000     5.349    acc_out_reg[19]_i_1_n_0
    SLICE_X10Y55         CARRY4 (Prop_carry4_CI_CO[3])
                                                      0.117     5.466 r  acc_out_reg[23]_i_1/CO[3]
                         net (fo=1, routed)           0.000     5.466    acc_out_reg[23]_i_1_n_0
    SLICE_X10Y56         CARRY4 (Prop_carry4_CI_CO[3])
                                                      0.117     5.583 r  acc_out_reg[27]_i_1/CO[3]
                         net (fo=1, routed)           0.000     5.583    acc_out_reg[27]_i_1_n_0
    SLICE_X10Y57         CARRY4 (Prop_carry4_CI_CO[3])
                                                      0.117     5.700 r  acc_out_reg[31]_i_1/CO[3]
                         net (fo=1, routed)           0.000     5.700    acc_out_reg[31]_i_1_n_0
    SLICE_X10Y58         CARRY4 (Prop_carry4_CI_CO[3])
                                                      0.117     5.817 r  acc_out_reg[35]_i_1/CO[3]
                         net (fo=1, routed)           0.000     5.817    acc_out_reg[35]_i_1_n_0
    SLICE_X10Y59         CARRY4 (Prop_carry4_CI_CO[3])
                                                      0.117     5.934 r  acc_out_reg[39]_i_1/CO[3]
                         net (fo=1, routed)           0.000     5.934    acc_out_reg[39]_i_1_n_0
    SLICE_X10Y60         CARRY4 (Prop_carry4_CI_CO[3])
                                                      0.117     6.051 r  acc_out_reg[43]_i_1/CO[3]
                         net (fo=1, routed)           0.000     6.051    acc_out_reg[43]_i_1_n_0
    SLICE_X10Y61         CARRY4 (Prop_carry4_CI_O[1])
                                                      0.323     6.374 r  acc_out_reg[47]_i_3/O[1]
                         net (fo=1, routed)           0.000     6.374    p_2_in[45]
    SLICE_X10Y61         FDRE                                         r  acc_out_reg[45]/D
  -------------------------------------------------------------------    -------------------

                         (clock system_clk rise edge)
                                                     10.000    10.000 r  
                         propagated clock network latency
                                                      0.924    10.924    
                         clock pessimism              0.000    10.924    
                         clock uncertainty           -0.035    10.889    
    SLICE_X10Y61         FDRE (Setup_fdre_C_D)        0.109    10.998    acc_out_reg[45]
  -------------------------------------------------------------------
                         required time                         10.998    
                         arrival time                          -6.374    
  -------------------------------------------------------------------
                         slack                                  4.624    

Slack (MET) :             4.632ns  (required time - arrival time)
  Source:                 acc_out_reg[2]/C
                            (rising edge-triggered cell FDRE clocked by system_clk  {rise@0.000ns fall@5.000ns period=10.000ns})
  Destination:            acc_out_reg[47]/D
                            (rising edge-triggered cell FDRE clocked by system_clk  {rise@0.000ns fall@5.000ns period=10.000ns})
  Path Group:             system_clk
  Path Type:              Setup (Max at Slow Process Corner)
  Requirement:            10.000ns  (system_clk rise@10.000ns - system_clk rise@0.000ns)
  Data Path Delay:        5.393ns  (logic 3.578ns (66.342%)  route 1.815ns (33.658%))
  Logic Levels:           15  (CARRY4=13 LUT4=2)
  Clock Path Skew:        -0.049ns (DCD - SCD + CPR)
    Destination Clock Delay (DCD):    0.924ns = ( 10.924 - 10.000 ) 
    Source Clock Delay      (SCD):    0.973ns
    Clock Pessimism Removal (CPR):    0.000ns
  Clock Uncertainty:      0.035ns  ((TSJ^2 + TIJ^2)^1/2 + DJ) / 2 + PE
    Total System Jitter     (TSJ):    0.071ns
    Total Input Jitter      (TIJ):    0.000ns
    Discrete Jitter          (DJ):    0.000ns
    Phase Error              (PE):    0.000ns

    Location             Delay type                Incr(ns)  Path(ns)    Netlist Resource(s)
  -------------------------------------------------------------------    -------------------
                         (clock system_clk rise edge)
                                                      0.000     0.000 r  
                         propagated clock network latency
                                                      0.973     0.973    
    SLICE_X10Y50         FDRE                         0.000     0.973 r  acc_out_reg[2]/C
    SLICE_X10Y50         FDRE (Prop_fdre_C_Q)         0.518     1.491 r  acc_out_reg[2]/Q
                         net (fo=2, routed)           0.990     2.481    acc_out[2]
    SLICE_X11Y51         LUT4 (Prop_lut4_I0_O)        0.124     2.605 r  acc_out[3]_i_8/O
                         net (fo=1, routed)           0.000     2.605    acc_out[3]_i_8_n_0
    SLICE_X11Y51         CARRY4 (Prop_carry4_S[2]_CO[3])
                                                      0.398     3.003 r  acc_out_reg[3]_i_2/CO[3]
                         net (fo=1, routed)           0.000     3.003    acc_out_reg[3]_i_2_n_0
    SLICE_X11Y52         CARRY4 (Prop_carry4_CI_O[1])
                                                      0.334     3.337 r  acc_out_reg[7]_i_2/O[1]
                         net (fo=2, routed)           0.825     4.162    acc_out_reg[7]_i_2_n_6
    SLICE_X10Y51         LUT4 (Prop_lut4_I0_O)        0.303     4.465 r  acc_out[7]_i_5/O
                         net (fo=1, routed)           0.000     4.465    acc_out[7]_i_5_n_0
    SLICE_X10Y51         CARRY4 (Prop_carry4_S[1]_CO[3])
                                                      0.533     4.998 r  acc_out_reg[7]_i_1/CO[3]
                         net (fo=1, routed)           0.000     4.998    acc_out_reg[7]_i_1_n_0
    SLICE_X10Y52         CARRY4 (Prop_carry4_CI_CO[3])
                                                      0.117     5.115 r  acc_out_reg[11]_i_1/CO[3]
                         net (fo=1, routed)           0.000     5.115    acc_out_reg[11]_i_1_n_0
    SLICE_X10Y53         CARRY4 (Prop_carry4_CI_CO[3])
                                                      0.117     5.232 r  acc_out_reg[15]_i_1/CO[3]
                         net (fo=1, routed)           0.000     5.232    acc_out_reg[15]_i_1_n_0
    SLICE_X10Y54         CARRY4 (Prop_carry4_CI_CO[3])
                                                      0.117     5.349 r  acc_out_reg[19]_i_1/CO[3]
                         net (fo=1, routed)           0.000     5.349    acc_out_reg[19]_i_1_n_0
    SLICE_X10Y55         CARRY4 (Prop_carry4_CI_CO[3])
                                                      0.117     5.466 r  acc_out_reg[23]_i_1/CO[3]
                         net (fo=1, routed)           0.000     5.466    acc_out_reg[23]_i_1_n_0
    SLICE_X10Y56         CARRY4 (Prop_carry4_CI_CO[3])
                                                      0.117     5.583 r  acc_out_reg[27]_i_1/CO[3]
                         net (fo=1, routed)           0.000     5.583    acc_out_reg[27]_i_1_n_0
    SLICE_X10Y57         CARRY4 (Prop_carry4_CI_CO[3])
                                                      0.117     5.700 r  acc_out_reg[31]_i_1/CO[3]
                         net (fo=1, routed)           0.000     5.700    acc_out_reg[31]_i_1_n_0
    SLICE_X10Y58         CARRY4 (Prop_carry4_CI_CO[3])
                                                      0.117     5.817 r  acc_out_reg[35]_i_1/CO[3]
                         net (fo=1, routed)           0.000     5.817    acc_out_reg[35]_i_1_n_0
    SLICE_X10Y59         CARRY4 (Prop_carry4_CI_CO[3])
                                                      0.117     5.934 r  acc_out_reg[39]_i_1/CO[3]
                         net (fo=1, routed)           0.000     5.934    acc_out_reg[39]_i_1_n_0
    SLICE_X10Y60         CARRY4 (Prop_carry4_CI_CO[3])
                                                      0.117     6.051 r  acc_out_reg[43]_i_1/CO[3]
                         net (fo=1, routed)           0.000     6.051    acc_out_reg[43]_i_1_n_0
    SLICE_X10Y61         CARRY4 (Prop_carry4_CI_O[3])
                                                      0.315     6.366 r  acc_out_reg[47]_i_3/O[3]
                         net (fo=1, routed)           0.000     6.366    p_2_in[47]
    SLICE_X10Y61         FDRE                                         r  acc_out_reg[47]/D
  -------------------------------------------------------------------    -------------------

                         (clock system_clk rise edge)
                                                     10.000    10.000 r  
                         propagated clock network latency
                                                      0.924    10.924    
                         clock pessimism              0.000    10.924    
                         clock uncertainty           -0.035    10.889    
    SLICE_X10Y61         FDRE (Setup_fdre_C_D)        0.109    10.998    acc_out_reg[47]
  -------------------------------------------------------------------
                         required time                         10.998    
                         arrival time                          -6.366    
  -------------------------------------------------------------------
                         slack                                  4.632    

Slack (MET) :             4.708ns  (required time - arrival time)
  Source:                 acc_out_reg[2]/C
                            (rising edge-triggered cell FDRE clocked by system_clk  {rise@0.000ns fall@5.000ns period=10.000ns})
  Destination:            acc_out_reg[46]/D
                            (rising edge-triggered cell FDRE clocked by system_clk  {rise@0.000ns fall@5.000ns period=10.000ns})
  Path Group:             system_clk
  Path Type:              Setup (Max at Slow Process Corner)
  Requirement:            10.000ns  (system_clk rise@10.000ns - system_clk rise@0.000ns)
  Data Path Delay:        5.317ns  (logic 3.502ns (65.861%)  route 1.815ns (34.139%))
  Logic Levels:           15  (CARRY4=13 LUT4=2)
  Clock Path Skew:        -0.049ns (DCD - SCD + CPR)
    Destination Clock Delay (DCD):    0.924ns = ( 10.924 - 10.000 ) 
    Source Clock Delay      (SCD):    0.973ns
    Clock Pessimism Removal (CPR):    0.000ns
  Clock Uncertainty:      0.035ns  ((TSJ^2 + TIJ^2)^1/2 + DJ) / 2 + PE
    Total System Jitter     (TSJ):    0.071ns
    Total Input Jitter      (TIJ):    0.000ns
    Discrete Jitter          (DJ):    0.000ns
    Phase Error              (PE):    0.000ns

    Location             Delay type                Incr(ns)  Path(ns)    Netlist Resource(s)
  -------------------------------------------------------------------    -------------------
                         (clock system_clk rise edge)
                                                      0.000     0.000 r  
                         propagated clock network latency
                                                      0.973     0.973    
    SLICE_X10Y50         FDRE                         0.000     0.973 r  acc_out_reg[2]/C
    SLICE_X10Y50         FDRE (Prop_fdre_C_Q)         0.518     1.491 r  acc_out_reg[2]/Q
                         net (fo=2, routed)           0.990     2.481    acc_out[2]
    SLICE_X11Y51         LUT4 (Prop_lut4_I0_O)        0.124     2.605 r  acc_out[3]_i_8/O
                         net (fo=1, routed)           0.000     2.605    acc_out[3]_i_8_n_0
    SLICE_X11Y51         CARRY4 (Prop_carry4_S[2]_CO[3])
                                                      0.398     3.003 r  acc_out_reg[3]_i_2/CO[3]
                         net (fo=1, routed)           0.000     3.003    acc_out_reg[3]_i_2_n_0
    SLICE_X11Y52         CARRY4 (Prop_carry4_CI_O[1])
                                                      0.334     3.337 r  acc_out_reg[7]_i_2/O[1]
                         net (fo=2, routed)           0.825     4.162    acc_out_reg[7]_i_2_n_6
    SLICE_X10Y51         LUT4 (Prop_lut4_I0_O)        0.303     4.465 r  acc_out[7]_i_5/O
                         net (fo=1, routed)           0.000     4.465    acc_out[7]_i_5_n_0
    SLICE_X10Y51         CARRY4 (Prop_carry4_S[1]_CO[3])
                                                      0.533     4.998 r  acc_out_reg[7]_i_1/CO[3]
                         net (fo=1, routed)           0.000     4.998    acc_out_reg[7]_i_1_n_0
    SLICE_X10Y52         CARRY4 (Prop_carry4_CI_CO[3])
                                                      0.117     5.115 r  acc_out_reg[11]_i_1/CO[3]
                         net (fo=1, routed)           0.000     5.115    acc_out_reg[11]_i_1_n_0
    SLICE_X10Y53         CARRY4 (Prop_carry4_CI_CO[3])
                                                      0.117     5.232 r  acc_out_reg[15]_i_1/CO[3]
                         net (fo=1, routed)           0.000     5.232    acc_out_reg[15]_i_1_n_0
    SLICE_X10Y54         CARRY4 (Prop_carry4_CI_CO[3])
                                                      0.117     5.349 r  acc_out_reg[19]_i_1/CO[3]
                         net (fo=1, routed)           0.000     5.349    acc_out_reg[19]_i_1_n_0
    SLICE_X10Y55         CARRY4 (Prop_carry4_CI_CO[3])
                                                      0.117     5.466 r  acc_out_reg[23]_i_1/CO[3]
                         net (fo=1, routed)           0.000     5.466    acc_out_reg[23]_i_1_n_0
    SLICE_X10Y56         CARRY4 (Prop_carry4_CI_CO[3])
                                                      0.117     5.583 r  acc_out_reg[27]_i_1/CO[3]
                         net (fo=1, routed)           0.000     5.583    acc_out_reg[27]_i_1_n_0
    SLICE_X10Y57         CARRY4 (Prop_carry4_CI_CO[3])
                                                      0.117     5.700 r  acc_out_reg[31]_i_1/CO[3]
                         net (fo=1, routed)           0.000     5.700    acc_out_reg[31]_i_1_n_0
    SLICE_X10Y58         CARRY4 (Prop_carry4_CI_CO[3])
                                                      0.117     5.817 r  acc_out_reg[35]_i_1/CO[3]
                         net (fo=1, routed)           0.000     5.817    acc_out_reg[35]_i_1_n_0
    SLICE_X10Y59         CARRY4 (Prop_carry4_CI_CO[3])
                                                      0.117     5.934 r  acc_out_reg[39]_i_1/CO[3]
                         net (fo=1, routed)           0.000     5.934    acc_out_reg[39]_i_1_n_0
    SLICE_X10Y60         CARRY4 (Prop_carry4_CI_CO[3])
                                                      0.117     6.051 r  acc_out_reg[43]_i_1/CO[3]
                         net (fo=1, routed)           0.000     6.051    acc_out_reg[43]_i_1_n_0
    SLICE_X10Y61         CARRY4 (Prop_carry4_CI_O[2])
                                                      0.239     6.290 r  acc_out_reg[47]_i_3/O[2]
                         net (fo=1, routed)           0.000     6.290    p_2_in[46]
    SLICE_X10Y61         FDRE                                         r  acc_out_reg[46]/D
  -------------------------------------------------------------------    -------------------

                         (clock system_clk rise edge)
                                                     10.000    10.000 r  
                         propagated clock network latency
                                                      0.924    10.924    
                         clock pessimism              0.000    10.924    
                         clock uncertainty           -0.035    10.889    
    SLICE_X10Y61         FDRE (Setup_fdre_C_D)        0.109    10.998    acc_out_reg[46]
  -------------------------------------------------------------------
                         required time                         10.998    
                         arrival time                          -6.290    
  -------------------------------------------------------------------
                         slack                                  4.708    

Slack (MET) :             4.728ns  (required time - arrival time)
  Source:                 acc_out_reg[2]/C
                            (rising edge-triggered cell FDRE clocked by system_clk  {rise@0.000ns fall@5.000ns period=10.000ns})
  Destination:            acc_out_reg[44]/D
                            (rising edge-triggered cell FDRE clocked by system_clk  {rise@0.000ns fall@5.000ns period=10.000ns})
  Path Group:             system_clk
  Path Type:              Setup (Max at Slow Process Corner)
  Requirement:            10.000ns  (system_clk rise@10.000ns - system_clk rise@0.000ns)
  Data Path Delay:        5.297ns  (logic 3.482ns (65.732%)  route 1.815ns (34.268%))
  Logic Levels:           15  (CARRY4=13 LUT4=2)
  Clock Path Skew:        -0.049ns (DCD - SCD + CPR)
    Destination Clock Delay (DCD):    0.924ns = ( 10.924 - 10.000 ) 
    Source Clock Delay      (SCD):    0.973ns
    Clock Pessimism Removal (CPR):    0.000ns
  Clock Uncertainty:      0.035ns  ((TSJ^2 + TIJ^2)^1/2 + DJ) / 2 + PE
    Total System Jitter     (TSJ):    0.071ns
    Total Input Jitter      (TIJ):    0.000ns
    Discrete Jitter          (DJ):    0.000ns
    Phase Error              (PE):    0.000ns

    Location             Delay type                Incr(ns)  Path(ns)    Netlist Resource(s)
  -------------------------------------------------------------------    -------------------
                         (clock system_clk rise edge)
                                                      0.000     0.000 r  
                         propagated clock network latency
                                                      0.973     0.973    
    SLICE_X10Y50         FDRE                         0.000     0.973 r  acc_out_reg[2]/C
    SLICE_X10Y50         FDRE (Prop_fdre_C_Q)         0.518     1.491 r  acc_out_reg[2]/Q
                         net (fo=2, routed)           0.990     2.481    acc_out[2]
    SLICE_X11Y51         LUT4 (Prop_lut4_I0_O)        0.124     2.605 r  acc_out[3]_i_8/O
                         net (fo=1, routed)           0.000     2.605    acc_out[3]_i_8_n_0
    SLICE_X11Y51         CARRY4 (Prop_carry4_S[2]_CO[3])
                                                      0.398     3.003 r  acc_out_reg[3]_i_2/CO[3]
                         net (fo=1, routed)           0.000     3.003    acc_out_reg[3]_i_2_n_0
    SLICE_X11Y52         CARRY4 (Prop_carry4_CI_O[1])
                                                      0.334     3.337 r  acc_out_reg[7]_i_2/O[1]
                         net (fo=2, routed)           0.825     4.162    acc_out_reg[7]_i_2_n_6
    SLICE_X10Y51         LUT4 (Prop_lut4_I0_O)        0.303     4.465 r  acc_out[7]_i_5/O
                         net (fo=1, routed)           0.000     4.465    acc_out[7]_i_5_n_0
    SLICE_X10Y51         CARRY4 (Prop_carry4_S[1]_CO[3])
                                                      0.533     4.998 r  acc_out_reg[7]_i_1/CO[3]
                         net (fo=1, routed)           0.000     4.998    acc_out_reg[7]_i_1_n_0
    SLICE_X10Y52         CARRY4 (Prop_carry4_CI_CO[3])
                                                      0.117     5.115 r  acc_out_reg[11]_i_1/CO[3]
                         net (fo=1, routed)           0.000     5.115    acc_out_reg[11]_i_1_n_0
    SLICE_X10Y53         CARRY4 (Prop_carry4_CI_CO[3])
                                                      0.117     5.232 r  acc_out_reg[15]_i_1/CO[3]
                         net (fo=1, routed)           0.000     5.232    acc_out_reg[15]_i_1_n_0
    SLICE_X10Y54         CARRY4 (Prop_carry4_CI_CO[3])
                                                      0.117     5.349 r  acc_out_reg[19]_i_1/CO[3]
                         net (fo=1, routed)           0.000     5.349    acc_out_reg[19]_i_1_n_0
    SLICE_X10Y55         CARRY4 (Prop_carry4_CI_CO[3])
                                                      0.117     5.466 r  acc_out_reg[23]_i_1/CO[3]
                         net (fo=1, routed)           0.000     5.466    acc_out_reg[23]_i_1_n_0
    SLICE_X10Y56         CARRY4 (Prop_carry4_CI_CO[3])
                                                      0.117     5.583 r  acc_out_reg[27]_i_1/CO[3]
                         net (fo=1, routed)           0.000     5.583    acc_out_reg[27]_i_1_n_0
    SLICE_X10Y57         CARRY4 (Prop_carry4_CI_CO[3])
                                                      0.117     5.700 r  acc_out_reg[31]_i_1/CO[3]
                         net (fo=1, routed)           0.000     5.700    acc_out_reg[31]_i_1_n_0
    SLICE_X10Y58         CARRY4 (Prop_carry4_CI_CO[3])
                                                      0.117     5.817 r  acc_out_reg[35]_i_1/CO[3]
                         net (fo=1, routed)           0.000     5.817    acc_out_reg[35]_i_1_n_0
    SLICE_X10Y59         CARRY4 (Prop_carry4_CI_CO[3])
                                                      0.117     5.934 r  acc_out_reg[39]_i_1/CO[3]
                         net (fo=1, routed)           0.000     5.934    acc_out_reg[39]_i_1_n_0
    SLICE_X10Y60         CARRY4 (Prop_carry4_CI_CO[3])
                                                      0.117     6.051 r  acc_out_reg[43]_i_1/CO[3]
                         net (fo=1, routed)           0.000     6.051    acc_out_reg[43]_i_1_n_0
    SLICE_X10Y61         CARRY4 (Prop_carry4_CI_O[0])
                                                      0.219     6.270 r  acc_out_reg[47]_i_3/O[0]
                         net (fo=1, routed)           0.000     6.270    p_2_in[44]
    SLICE_X10Y61         FDRE                                         r  acc_out_reg[44]/D
  -------------------------------------------------------------------    -------------------

                         (clock system_clk rise edge)
                                                     10.000    10.000 r  
                         propagated clock network latency
                                                      0.924    10.924    
                         clock pessimism              0.000    10.924    
                         clock uncertainty           -0.035    10.889    
    SLICE_X10Y61         FDRE (Setup_fdre_C_D)        0.109    10.998    acc_out_reg[44]
  -------------------------------------------------------------------
                         required time                         10.998    
                         arrival time                          -6.270    
  -------------------------------------------------------------------
                         slack                                  4.728    

Slack (MET) :             4.741ns  (required time - arrival time)
  Source:                 acc_out_reg[2]/C
                            (rising edge-triggered cell FDRE clocked by system_clk  {rise@0.000ns fall@5.000ns period=10.000ns})
  Destination:            acc_out_reg[41]/D
                            (rising edge-triggered cell FDRE clocked by system_clk  {rise@0.000ns fall@5.000ns period=10.000ns})
  Path Group:             system_clk
  Path Type:              Setup (Max at Slow Process Corner)
  Requirement:            10.000ns  (system_clk rise@10.000ns - system_clk rise@0.000ns)
  Data Path Delay:        5.284ns  (logic 3.469ns (65.648%)  route 1.815ns (34.352%))
  Logic Levels:           14  (CARRY4=12 LUT4=2)
  Clock Path Skew:        -0.049ns (DCD - SCD + CPR)
    Destination Clock Delay (DCD):    0.924ns = ( 10.924 - 10.000 ) 
    Source Clock Delay      (SCD):    0.973ns
    Clock Pessimism Removal (CPR):    0.000ns
  Clock Uncertainty:      0.035ns  ((TSJ^2 + TIJ^2)^1/2 + DJ) / 2 + PE
    Total System Jitter     (TSJ):    0.071ns
    Total Input Jitter      (TIJ):    0.000ns
    Discrete Jitter          (DJ):    0.000ns
    Phase Error              (PE):    0.000ns

    Location             Delay type                Incr(ns)  Path(ns)    Netlist Resource(s)
  -------------------------------------------------------------------    -------------------
                         (clock system_clk rise edge)
                                                      0.000     0.000 r  
                         propagated clock network latency
                                                      0.973     0.973    
    SLICE_X10Y50         FDRE                         0.000     0.973 r  acc_out_reg[2]/C
    SLICE_X10Y50         FDRE (Prop_fdre_C_Q)         0.518     1.491 r  acc_out_reg[2]/Q
                         net (fo=2, routed)           0.990     2.481    acc_out[2]
    SLICE_X11Y51         LUT4 (Prop_lut4_I0_O)        0.124     2.605 r  acc_out[3]_i_8/O
                         net (fo=1, routed)           0.000     2.605    acc_out[3]_i_8_n_0
    SLICE_X11Y51         CARRY4 (Prop_carry4_S[2]_CO[3])
                                                      0.398     3.003 r  acc_out_reg[3]_i_2/CO[3]
                         net (fo=1, routed)           0.000     3.003    acc_out_reg[3]_i_2_n_0
    SLICE_X11Y52         CARRY4 (Prop_carry4_CI_O[1])
                                                      0.334     3.337 r  acc_out_reg[7]_i_2/O[1]
                         net (fo=2, routed)           0.825     4.162    acc_out_reg[7]_i_2_n_6
    SLICE_X10Y51         LUT4 (Prop_lut4_I0_O)        0.303     4.465 r  acc_out[7]_i_5/O
                         net (fo=1, routed)           0.000     4.465    acc_out[7]_i_5_n_0
    SLICE_X10Y51         CARRY4 (Prop_carry4_S[1]_CO[3])
                                                      0.533     4.998 r  acc_out_reg[7]_i_1/CO[3]
                         net (fo=1, routed)           0.000     4.998    acc_out_reg[7]_i_1_n_0
    SLICE_X10Y52         CARRY4 (Prop_carry4_CI_CO[3])
                                                      0.117     5.115 r  acc_out_reg[11]_i_1/CO[3]
                         net (fo=1, routed)           0.000     5.115    acc_out_reg[11]_i_1_n_0
    SLICE_X10Y53         CARRY4 (Prop_carry4_CI_CO[3])
                                                      0.117     5.232 r  acc_out_reg[15]_i_1/CO[3]
                         net (fo=1, routed)           0.000     5.232    acc_out_reg[15]_i_1_n_0
    SLICE_X10Y54         CARRY4 (Prop_carry4_CI_CO[3])
                                                      0.117     5.349 r  acc_out_reg[19]_i_1/CO[3]
                         net (fo=1, routed)           0.000     5.349    acc_out_reg[19]_i_1_n_0
    SLICE_X10Y55         CARRY4 (Prop_carry4_CI_CO[3])
                                                      0.117     5.466 r  acc_out_reg[23]_i_1/CO[3]
                         net (fo=1, routed)           0.000     5.466    acc_out_reg[23]_i_1_n_0
    SLICE_X10Y56         CARRY4 (Prop_carry4_CI_CO[3])
                                                      0.117     5.583 r  acc_out_reg[27]_i_1/CO[3]
                         net (fo=1, routed)           0.000     5.583    acc_out_reg[27]_i_1_n_0
    SLICE_X10Y57         CARRY4 (Prop_carry4_CI_CO[3])
                                                      0.117     5.700 r  acc_out_reg[31]_i_1/CO[3]
                         net (fo=1, routed)           0.000     5.700    acc_out_reg[31]_i_1_n_0
    SLICE_X10Y58         CARRY4 (Prop_carry4_CI_CO[3])
                                                      0.117     5.817 r  acc_out_reg[35]_i_1/CO[3]
                         net (fo=1, routed)           0.000     5.817    acc_out_reg[35]_i_1_n_0
    SLICE_X10Y59         CARRY4 (Prop_carry4_CI_CO[3])
                                                      0.117     5.934 r  acc_out_reg[39]_i_1/CO[3]
                         net (fo=1, routed)           0.000     5.934    acc_out_reg[39]_i_1_n_0
    SLICE_X10Y60         CARRY4 (Prop_carry4_CI_O[1])
                                                      0.323     6.257 r  acc_out_reg[43]_i_1/O[1]
                         net (fo=1, routed)           0.000     6.257    p_2_in[41]
    SLICE_X10Y60         FDRE                                         r  acc_out_reg[41]/D
  -------------------------------------------------------------------    -------------------

                         (clock system_clk rise edge)
                                                     10.000    10.000 r  
                         propagated clock network latency
                                                      0.924    10.924    
                         clock pessimism              0.000    10.924    
                         clock uncertainty           -0.035    10.889    
    SLICE_X10Y60         FDRE (Setup_fdre_C_D)        0.109    10.998    acc_out_reg[41]
  -------------------------------------------------------------------
                         required time                         10.998    
                         arrival time                          -6.257    
  -------------------------------------------------------------------
                         slack                                  4.741    

Slack (MET) :             4.749ns  (required time - arrival time)
  Source:                 acc_out_reg[2]/C
                            (rising edge-triggered cell FDRE clocked by system_clk  {rise@0.000ns fall@5.000ns period=10.000ns})
  Destination:            acc_out_reg[43]/D
                            (rising edge-triggered cell FDRE clocked by system_clk  {rise@0.000ns fall@5.000ns period=10.000ns})
  Path Group:             system_clk
  Path Type:              Setup (Max at Slow Process Corner)
  Requirement:            10.000ns  (system_clk rise@10.000ns - system_clk rise@0.000ns)
  Data Path Delay:        5.276ns  (logic 3.461ns (65.596%)  route 1.815ns (34.404%))
  Logic Levels:           14  (CARRY4=12 LUT4=2)
  Clock Path Skew:        -0.049ns (DCD - SCD + CPR)
    Destination Clock Delay (DCD):    0.924ns = ( 10.924 - 10.000 ) 
    Source Clock Delay      (SCD):    0.973ns
    Clock Pessimism Removal (CPR):    0.000ns
  Clock Uncertainty:      0.035ns  ((TSJ^2 + TIJ^2)^1/2 + DJ) / 2 + PE
    Total System Jitter     (TSJ):    0.071ns
    Total Input Jitter      (TIJ):    0.000ns
    Discrete Jitter          (DJ):    0.000ns
    Phase Error              (PE):    0.000ns

    Location             Delay type                Incr(ns)  Path(ns)    Netlist Resource(s)
  -------------------------------------------------------------------    -------------------
                         (clock system_clk rise edge)
                                                      0.000     0.000 r  
                         propagated clock network latency
                                                      0.973     0.973    
    SLICE_X10Y50         FDRE                         0.000     0.973 r  acc_out_reg[2]/C
    SLICE_X10Y50         FDRE (Prop_fdre_C_Q)         0.518     1.491 r  acc_out_reg[2]/Q
                         net (fo=2, routed)           0.990     2.481    acc_out[2]
    SLICE_X11Y51         LUT4 (Prop_lut4_I0_O)        0.124     2.605 r  acc_out[3]_i_8/O
                         net (fo=1, routed)           0.000     2.605    acc_out[3]_i_8_n_0
    SLICE_X11Y51         CARRY4 (Prop_carry4_S[2]_CO[3])
                                                      0.398     3.003 r  acc_out_reg[3]_i_2/CO[3]
                         net (fo=1, routed)           0.000     3.003    acc_out_reg[3]_i_2_n_0
    SLICE_X11Y52         CARRY4 (Prop_carry4_CI_O[1])
                                                      0.334     3.337 r  acc_out_reg[7]_i_2/O[1]
                         net (fo=2, routed)           0.825     4.162    acc_out_reg[7]_i_2_n_6
    SLICE_X10Y51         LUT4 (Prop_lut4_I0_O)        0.303     4.465 r  acc_out[7]_i_5/O
                         net (fo=1, routed)           0.000     4.465    acc_out[7]_i_5_n_0
    SLICE_X10Y51         CARRY4 (Prop_carry4_S[1]_CO[3])
                                                      0.533     4.998 r  acc_out_reg[7]_i_1/CO[3]
                         net (fo=1, routed)           0.000     4.998    acc_out_reg[7]_i_1_n_0
    SLICE_X10Y52         CARRY4 (Prop_carry4_CI_CO[3])
                                                      0.117     5.115 r  acc_out_reg[11]_i_1/CO[3]
                         net (fo=1, routed)           0.000     5.115    acc_out_reg[11]_i_1_n_0
    SLICE_X10Y53         CARRY4 (Prop_carry4_CI_CO[3])
                                                      0.117     5.232 r  acc_out_reg[15]_i_1/CO[3]
                         net (fo=1, routed)           0.000     5.232    acc_out_reg[15]_i_1_n_0
    SLICE_X10Y54         CARRY4 (Prop_carry4_CI_CO[3])
                                                      0.117     5.349 r  acc_out_reg[19]_i_1/CO[3]
                         net (fo=1, routed)           0.000     5.349    acc_out_reg[19]_i_1_n_0
    SLICE_X10Y55         CARRY4 (Prop_carry4_CI_CO[3])
                                                      0.117     5.466 r  acc_out_reg[23]_i_1/CO[3]
                         net (fo=1, routed)           0.000     5.466    acc_out_reg[23]_i_1_n_0
    SLICE_X10Y56         CARRY4 (Prop_carry4_CI_CO[3])
                                                      0.117     5.583 r  acc_out_reg[27]_i_1/CO[3]
                         net (fo=1, routed)           0.000     5.583    acc_out_reg[27]_i_1_n_0
    SLICE_X10Y57         CARRY4 (Prop_carry4_CI_CO[3])
                                                      0.117     5.700 r  acc_out_reg[31]_i_1/CO[3]
                         net (fo=1, routed)           0.000     5.700    acc_out_reg[31]_i_1_n_0
    SLICE_X10Y58         CARRY4 (Prop_carry4_CI_CO[3])
                                                      0.117     5.817 r  acc_out_reg[35]_i_1/CO[3]
                         net (fo=1, routed)           0.000     5.817    acc_out_reg[35]_i_1_n_0
    SLICE_X10Y59         CARRY4 (Prop_carry4_CI_CO[3])
                                                      0.117     5.934 r  acc_out_reg[39]_i_1/CO[3]
                         net (fo=1, routed)           0.000     5.934    acc_out_reg[39]_i_1_n_0
    SLICE_X10Y60         CARRY4 (Prop_carry4_CI_O[3])
                                                      0.315     6.249 r  acc_out_reg[43]_i_1/O[3]
                         net (fo=1, routed)           0.000     6.249    p_2_in[43]
    SLICE_X10Y60         FDRE                                         r  acc_out_reg[43]/D
  -------------------------------------------------------------------    -------------------

                         (clock system_clk rise edge)
                                                     10.000    10.000 r  
                         propagated clock network latency
                                                      0.924    10.924    
                         clock pessimism              0.000    10.924    
                         clock uncertainty           -0.035    10.889    
    SLICE_X10Y60         FDRE (Setup_fdre_C_D)        0.109    10.998    acc_out_reg[43]
  -------------------------------------------------------------------
                         required time                         10.998    
                         arrival time                          -6.249    
  -------------------------------------------------------------------
                         slack                                  4.749    

Slack (MET) :             4.825ns  (required time - arrival time)
  Source:                 acc_out_reg[2]/C
                            (rising edge-triggered cell FDRE clocked by system_clk  {rise@0.000ns fall@5.000ns period=10.000ns})
  Destination:            acc_out_reg[42]/D
                            (rising edge-triggered cell FDRE clocked by system_clk  {rise@0.000ns fall@5.000ns period=10.000ns})
  Path Group:             system_clk
  Path Type:              Setup (Max at Slow Process Corner)
  Requirement:            10.000ns  (system_clk rise@10.000ns - system_clk rise@0.000ns)
  Data Path Delay:        5.200ns  (logic 3.385ns (65.093%)  route 1.815ns (34.907%))
  Logic Levels:           14  (CARRY4=12 LUT4=2)
  Clock Path Skew:        -0.049ns (DCD - SCD + CPR)
    Destination Clock Delay (DCD):    0.924ns = ( 10.924 - 10.000 ) 
    Source Clock Delay      (SCD):    0.973ns
    Clock Pessimism Removal (CPR):    0.000ns
  Clock Uncertainty:      0.035ns  ((TSJ^2 + TIJ^2)^1/2 + DJ) / 2 + PE
    Total System Jitter     (TSJ):    0.071ns
    Total Input Jitter      (TIJ):    0.000ns
    Discrete Jitter          (DJ):    0.000ns
    Phase Error              (PE):    0.000ns

    Location             Delay type                Incr(ns)  Path(ns)    Netlist Resource(s)
  -------------------------------------------------------------------    -------------------
                         (clock system_clk rise edge)
                                                      0.000     0.000 r  
                         propagated clock network latency
                                                      0.973     0.973    
    SLICE_X10Y50         FDRE                         0.000     0.973 r  acc_out_reg[2]/C
    SLICE_X10Y50         FDRE (Prop_fdre_C_Q)         0.518     1.491 r  acc_out_reg[2]/Q
                         net (fo=2, routed)           0.990     2.481    acc_out[2]
    SLICE_X11Y51         LUT4 (Prop_lut4_I0_O)        0.124     2.605 r  acc_out[3]_i_8/O
                         net (fo=1, routed)           0.000     2.605    acc_out[3]_i_8_n_0
    SLICE_X11Y51         CARRY4 (Prop_carry4_S[2]_CO[3])
                                                      0.398     3.003 r  acc_out_reg[3]_i_2/CO[3]
                         net (fo=1, routed)           0.000     3.003    acc_out_reg[3]_i_2_n_0
    SLICE_X11Y52         CARRY4 (Prop_carry4_CI_O[1])
                                                      0.334     3.337 r  acc_out_reg[7]_i_2/O[1]
                         net (fo=2, routed)           0.825     4.162    acc_out_reg[7]_i_2_n_6
    SLICE_X10Y51         LUT4 (Prop_lut4_I0_O)        0.303     4.465 r  acc_out[7]_i_5/O
                         net (fo=1, routed)           0.000     4.465    acc_out[7]_i_5_n_0
    SLICE_X10Y51         CARRY4 (Prop_carry4_S[1]_CO[3])
                                                      0.533     4.998 r  acc_out_reg[7]_i_1/CO[3]
                         net (fo=1, routed)           0.000     4.998    acc_out_reg[7]_i_1_n_0
    SLICE_X10Y52         CARRY4 (Prop_carry4_CI_CO[3])
                                                      0.117     5.115 r  acc_out_reg[11]_i_1/CO[3]
                         net (fo=1, routed)           0.000     5.115    acc_out_reg[11]_i_1_n_0
    SLICE_X10Y53         CARRY4 (Prop_carry4_CI_CO[3])
                                                      0.117     5.232 r  acc_out_reg[15]_i_1/CO[3]
                         net (fo=1, routed)           0.000     5.232    acc_out_reg[15]_i_1_n_0
    SLICE_X10Y54         CARRY4 (Prop_carry4_CI_CO[3])
                                                      0.117     5.349 r  acc_out_reg[19]_i_1/CO[3]
                         net (fo=1, routed)           0.000     5.349    acc_out_reg[19]_i_1_n_0
    SLICE_X10Y55         CARRY4 (Prop_carry4_CI_CO[3])
                                                      0.117     5.466 r  acc_out_reg[23]_i_1/CO[3]
                         net (fo=1, routed)           0.000     5.466    acc_out_reg[23]_i_1_n_0
    SLICE_X10Y56         CARRY4 (Prop_carry4_CI_CO[3])
                                                      0.117     5.583 r  acc_out_reg[27]_i_1/CO[3]
                         net (fo=1, routed)           0.000     5.583    acc_out_reg[27]_i_1_n_0
    SLICE_X10Y57         CARRY4 (Prop_carry4_CI_CO[3])
                                                      0.117     5.700 r  acc_out_reg[31]_i_1/CO[3]
                         net (fo=1, routed)           0.000     5.700    acc_out_reg[31]_i_1_n_0
    SLICE_X10Y58         CARRY4 (Prop_carry4_CI_CO[3])
                                                      0.117     5.817 r  acc_out_reg[35]_i_1/CO[3]
                         net (fo=1, routed)           0.000     5.817    acc_out_reg[35]_i_1_n_0
    SLICE_X10Y59         CARRY4 (Prop_carry4_CI_CO[3])
                                                      0.117     5.934 r  acc_out_reg[39]_i_1/CO[3]
                         net (fo=1, routed)           0.000     5.934    acc_out_reg[39]_i_1_n_0
    SLICE_X10Y60         CARRY4 (Prop_carry4_CI_O[2])
                                                      0.239     6.173 r  acc_out_reg[43]_i_1/O[2]
                         net (fo=1, routed)           0.000     6.173    p_2_in[42]
    SLICE_X10Y60         FDRE                                         r  acc_out_reg[42]/D
  -------------------------------------------------------------------    -------------------

                         (clock system_clk rise edge)
                                                     10.000    10.000 r  
                         propagated clock network latency
                                                      0.924    10.924    
                         clock pessimism              0.000    10.924    
                         clock uncertainty           -0.035    10.889    
    SLICE_X10Y60         FDRE (Setup_fdre_C_D)        0.109    10.998    acc_out_reg[42]
  -------------------------------------------------------------------
                         required time                         10.998    
                         arrival time                          -6.173    
  -------------------------------------------------------------------
                         slack                                  4.825    

Slack (MET) :             4.845ns  (required time - arrival time)
  Source:                 acc_out_reg[2]/C
                            (rising edge-triggered cell FDRE clocked by system_clk  {rise@0.000ns fall@5.000ns period=10.000ns})
  Destination:            acc_out_reg[40]/D
                            (rising edge-triggered cell FDRE clocked by system_clk  {rise@0.000ns fall@5.000ns period=10.000ns})
  Path Group:             system_clk
  Path Type:              Setup (Max at Slow Process Corner)
  Requirement:            10.000ns  (system_clk rise@10.000ns - system_clk rise@0.000ns)
  Data Path Delay:        5.180ns  (logic 3.365ns (64.958%)  route 1.815ns (35.042%))
  Logic Levels:           14  (CARRY4=12 LUT4=2)
  Clock Path Skew:        -0.049ns (DCD - SCD + CPR)
    Destination Clock Delay (DCD):    0.924ns = ( 10.924 - 10.000 ) 
    Source Clock Delay      (SCD):    0.973ns
    Clock Pessimism Removal (CPR):    0.000ns
  Clock Uncertainty:      0.035ns  ((TSJ^2 + TIJ^2)^1/2 + DJ) / 2 + PE
    Total System Jitter     (TSJ):    0.071ns
    Total Input Jitter      (TIJ):    0.000ns
    Discrete Jitter          (DJ):    0.000ns
    Phase Error              (PE):    0.000ns

    Location             Delay type                Incr(ns)  Path(ns)    Netlist Resource(s)
  -------------------------------------------------------------------    -------------------
                         (clock system_clk rise edge)
                                                      0.000     0.000 r  
                         propagated clock network latency
                                                      0.973     0.973    
    SLICE_X10Y50         FDRE                         0.000     0.973 r  acc_out_reg[2]/C
    SLICE_X10Y50         FDRE (Prop_fdre_C_Q)         0.518     1.491 r  acc_out_reg[2]/Q
                         net (fo=2, routed)           0.990     2.481    acc_out[2]
    SLICE_X11Y51         LUT4 (Prop_lut4_I0_O)        0.124     2.605 r  acc_out[3]_i_8/O
                         net (fo=1, routed)           0.000     2.605    acc_out[3]_i_8_n_0
    SLICE_X11Y51         CARRY4 (Prop_carry4_S[2]_CO[3])
                                                      0.398     3.003 r  acc_out_reg[3]_i_2/CO[3]
                         net (fo=1, routed)           0.000     3.003    acc_out_reg[3]_i_2_n_0
    SLICE_X11Y52         CARRY4 (Prop_carry4_CI_O[1])
                                                      0.334     3.337 r  acc_out_reg[7]_i_2/O[1]
                         net (fo=2, routed)           0.825     4.162    acc_out_reg[7]_i_2_n_6
    SLICE_X10Y51         LUT4 (Prop_lut4_I0_O)        0.303     4.465 r  acc_out[7]_i_5/O
                         net (fo=1, routed)           0.000     4.465    acc_out[7]_i_5_n_0
    SLICE_X10Y51         CARRY4 (Prop_carry4_S[1]_CO[3])
                                                      0.533     4.998 r  acc_out_reg[7]_i_1/CO[3]
                         net (fo=1, routed)           0.000     4.998    acc_out_reg[7]_i_1_n_0
    SLICE_X10Y52         CARRY4 (Prop_carry4_CI_CO[3])
                                                      0.117     5.115 r  acc_out_reg[11]_i_1/CO[3]
                         net (fo=1, routed)           0.000     5.115    acc_out_reg[11]_i_1_n_0
    SLICE_X10Y53         CARRY4 (Prop_carry4_CI_CO[3])
                                                      0.117     5.232 r  acc_out_reg[15]_i_1/CO[3]
                         net (fo=1, routed)           0.000     5.232    acc_out_reg[15]_i_1_n_0
    SLICE_X10Y54         CARRY4 (Prop_carry4_CI_CO[3])
                                                      0.117     5.349 r  acc_out_reg[19]_i_1/CO[3]
                         net (fo=1, routed)           0.000     5.349    acc_out_reg[19]_i_1_n_0
    SLICE_X10Y55         CARRY4 (Prop_carry4_CI_CO[3])
                                                      0.117     5.466 r  acc_out_reg[23]_i_1/CO[3]
                         net (fo=1, routed)           0.000     5.466    acc_out_reg[23]_i_1_n_0
    SLICE_X10Y56         CARRY4 (Prop_carry4_CI_CO[3])
                                                      0.117     5.583 r  acc_out_reg[27]_i_1/CO[3]
                         net (fo=1, routed)           0.000     5.583    acc_out_reg[27]_i_1_n_0
    SLICE_X10Y57         CARRY4 (Prop_carry4_CI_CO[3])
                                                      0.117     5.700 r  acc_out_reg[31]_i_1/CO[3]
                         net (fo=1, routed)           0.000     5.700    acc_out_reg[31]_i_1_n_0
    SLICE_X10Y58         CARRY4 (Prop_carry4_CI_CO[3])
                                                      0.117     5.817 r  acc_out_reg[35]_i_1/CO[3]
                         net (fo=1, routed)           0.000     5.817    acc_out_reg[35]_i_1_n_0
    SLICE_X10Y59         CARRY4 (Prop_carry4_CI_CO[3])
                                                      0.117     5.934 r  acc_out_reg[39]_i_1/CO[3]
                         net (fo=1, routed)           0.000     5.934    acc_out_reg[39]_i_1_n_0
    SLICE_X10Y60         CARRY4 (Prop_carry4_CI_O[0])
                                                      0.219     6.153 r  acc_out_reg[43]_i_1/O[0]
                         net (fo=1, routed)           0.000     6.153    p_2_in[40]
    SLICE_X10Y60         FDRE                                         r  acc_out_reg[40]/D
  -------------------------------------------------------------------    -------------------

                         (clock system_clk rise edge)
                                                     10.000    10.000 r  
                         propagated clock network latency
                                                      0.924    10.924    
                         clock pessimism              0.000    10.924    
                         clock uncertainty           -0.035    10.889    
    SLICE_X10Y60         FDRE (Setup_fdre_C_D)        0.109    10.998    acc_out_reg[40]
  -------------------------------------------------------------------
                         required time                         10.998    
                         arrival time                          -6.153    
  -------------------------------------------------------------------
                         slack                                  4.845    

Slack (MET) :             4.858ns  (required time - arrival time)
  Source:                 acc_out_reg[2]/C
                            (rising edge-triggered cell FDRE clocked by system_clk  {rise@0.000ns fall@5.000ns period=10.000ns})
  Destination:            acc_out_reg[37]/D
                            (rising edge-triggered cell FDRE clocked by system_clk  {rise@0.000ns fall@5.000ns period=10.000ns})
  Path Group:             system_clk
  Path Type:              Setup (Max at Slow Process Corner)
  Requirement:            10.000ns  (system_clk rise@10.000ns - system_clk rise@0.000ns)
  Data Path Delay:        5.167ns  (logic 3.352ns (64.870%)  route 1.815ns (35.130%))
  Logic Levels:           13  (CARRY4=11 LUT4=2)
  Clock Path Skew:        -0.049ns (DCD - SCD + CPR)
    Destination Clock Delay (DCD):    0.924ns = ( 10.924 - 10.000 ) 
    Source Clock Delay      (SCD):    0.973ns
    Clock Pessimism Removal (CPR):    0.000ns
  Clock Uncertainty:      0.035ns  ((TSJ^2 + TIJ^2)^1/2 + DJ) / 2 + PE
    Total System Jitter     (TSJ):    0.071ns
    Total Input Jitter      (TIJ):    0.000ns
    Discrete Jitter          (DJ):    0.000ns
    Phase Error              (PE):    0.000ns

    Location             Delay type                Incr(ns)  Path(ns)    Netlist Resource(s)
  -------------------------------------------------------------------    -------------------
                         (clock system_clk rise edge)
                                                      0.000     0.000 r  
                         propagated clock network latency
                                                      0.973     0.973    
    SLICE_X10Y50         FDRE                         0.000     0.973 r  acc_out_reg[2]/C
    SLICE_X10Y50         FDRE (Prop_fdre_C_Q)         0.518     1.491 r  acc_out_reg[2]/Q
                         net (fo=2, routed)           0.990     2.481    acc_out[2]
    SLICE_X11Y51         LUT4 (Prop_lut4_I0_O)        0.124     2.605 r  acc_out[3]_i_8/O
                         net (fo=1, routed)           0.000     2.605    acc_out[3]_i_8_n_0
    SLICE_X11Y51         CARRY4 (Prop_carry4_S[2]_CO[3])
                                                      0.398     3.003 r  acc_out_reg[3]_i_2/CO[3]
                         net (fo=1, routed)           0.000     3.003    acc_out_reg[3]_i_2_n_0
    SLICE_X11Y52         CARRY4 (Prop_carry4_CI_O[1])
                                                      0.334     3.337 r  acc_out_reg[7]_i_2/O[1]
                         net (fo=2, routed)           0.825     4.162    acc_out_reg[7]_i_2_n_6
    SLICE_X10Y51         LUT4 (Prop_lut4_I0_O)        0.303     4.465 r  acc_out[7]_i_5/O
                         net (fo=1, routed)           0.000     4.465    acc_out[7]_i_5_n_0
    SLICE_X10Y51         CARRY4 (Prop_carry4_S[1]_CO[3])
                                                      0.533     4.998 r  acc_out_reg[7]_i_1/CO[3]
                         net (fo=1, routed)           0.000     4.998    acc_out_reg[7]_i_1_n_0
    SLICE_X10Y52         CARRY4 (Prop_carry4_CI_CO[3])
                                                      0.117     5.115 r  acc_out_reg[11]_i_1/CO[3]
                         net (fo=1, routed)           0.000     5.115    acc_out_reg[11]_i_1_n_0
    SLICE_X10Y53         CARRY4 (Prop_carry4_CI_CO[3])
                                                      0.117     5.232 r  acc_out_reg[15]_i_1/CO[3]
                         net (fo=1, routed)           0.000     5.232    acc_out_reg[15]_i_1_n_0
    SLICE_X10Y54         CARRY4 (Prop_carry4_CI_CO[3])
                                                      0.117     5.349 r  acc_out_reg[19]_i_1/CO[3]
                         net (fo=1, routed)           0.000     5.349    acc_out_reg[19]_i_1_n_0
    SLICE_X10Y55         CARRY4 (Prop_carry4_CI_CO[3])
                                                      0.117     5.466 r  acc_out_reg[23]_i_1/CO[3]
                         net (fo=1, routed)           0.000     5.466    acc_out_reg[23]_i_1_n_0
    SLICE_X10Y56         CARRY4 (Prop_carry4_CI_CO[3])
                                                      0.117     5.583 r  acc_out_reg[27]_i_1/CO[3]
                         net (fo=1, routed)           0.000     5.583    acc_out_reg[27]_i_1_n_0
    SLICE_X10Y57         CARRY4 (Prop_carry4_CI_CO[3])
                                                      0.117     5.700 r  acc_out_reg[31]_i_1/CO[3]
                         net (fo=1, routed)           0.000     5.700    acc_out_reg[31]_i_1_n_0
    SLICE_X10Y58         CARRY4 (Prop_carry4_CI_CO[3])
                                                      0.117     5.817 r  acc_out_reg[35]_i_1/CO[3]
                         net (fo=1, routed)           0.000     5.817    acc_out_reg[35]_i_1_n_0
    SLICE_X10Y59         CARRY4 (Prop_carry4_CI_O[1])
                                                      0.323     6.140 r  acc_out_reg[39]_i_1/O[1]
                         net (fo=1, routed)           0.000     6.140    p_2_in[37]
    SLICE_X10Y59         FDRE                                         r  acc_out_reg[37]/D
  -------------------------------------------------------------------    -------------------

                         (clock system_clk rise edge)
                                                     10.000    10.000 r  
                         propagated clock network latency
                                                      0.924    10.924    
                         clock pessimism              0.000    10.924    
                         clock uncertainty           -0.035    10.889    
    SLICE_X10Y59         FDRE (Setup_fdre_C_D)        0.109    10.998    acc_out_reg[37]
  -------------------------------------------------------------------
                         required time                         10.998    
                         arrival time                          -6.140    
  -------------------------------------------------------------------
                         slack                                  4.858    

Slack (MET) :             4.866ns  (required time - arrival time)
  Source:                 acc_out_reg[2]/C
                            (rising edge-triggered cell FDRE clocked by system_clk  {rise@0.000ns fall@5.000ns period=10.000ns})
  Destination:            acc_out_reg[39]/D
                            (rising edge-triggered cell FDRE clocked by system_clk  {rise@0.000ns fall@5.000ns period=10.000ns})
  Path Group:             system_clk
  Path Type:              Setup (Max at Slow Process Corner)
  Requirement:            10.000ns  (system_clk rise@10.000ns - system_clk rise@0.000ns)
  Data Path Delay:        5.159ns  (logic 3.344ns (64.816%)  route 1.815ns (35.184%))
  Logic Levels:           13  (CARRY4=11 LUT4=2)
  Clock Path Skew:        -0.049ns (DCD - SCD + CPR)
    Destination Clock Delay (DCD):    0.924ns = ( 10.924 - 10.000 ) 
    Source Clock Delay      (SCD):    0.973ns
    Clock Pessimism Removal (CPR):    0.000ns
  Clock Uncertainty:      0.035ns  ((TSJ^2 + TIJ^2)^1/2 + DJ) / 2 + PE
    Total System Jitter     (TSJ):    0.071ns
    Total Input Jitter      (TIJ):    0.000ns
    Discrete Jitter          (DJ):    0.000ns
    Phase Error              (PE):    0.000ns

    Location             Delay type                Incr(ns)  Path(ns)    Netlist Resource(s)
  -------------------------------------------------------------------    -------------------
                         (clock system_clk rise edge)
                                                      0.000     0.000 r  
                         propagated clock network latency
                                                      0.973     0.973    
    SLICE_X10Y50         FDRE                         0.000     0.973 r  acc_out_reg[2]/C
    SLICE_X10Y50         FDRE (Prop_fdre_C_Q)         0.518     1.491 r  acc_out_reg[2]/Q
                         net (fo=2, routed)           0.990     2.481    acc_out[2]
    SLICE_X11Y51         LUT4 (Prop_lut4_I0_O)        0.124     2.605 r  acc_out[3]_i_8/O
                         net (fo=1, routed)           0.000     2.605    acc_out[3]_i_8_n_0
    SLICE_X11Y51         CARRY4 (Prop_carry4_S[2]_CO[3])
                                                      0.398     3.003 r  acc_out_reg[3]_i_2/CO[3]
                         net (fo=1, routed)           0.000     3.003    acc_out_reg[3]_i_2_n_0
    SLICE_X11Y52         CARRY4 (Prop_carry4_CI_O[1])
                                                      0.334     3.337 r  acc_out_reg[7]_i_2/O[1]
                         net (fo=2, routed)           0.825     4.162    acc_out_reg[7]_i_2_n_6
    SLICE_X10Y51         LUT4 (Prop_lut4_I0_O)        0.303     4.465 r  acc_out[7]_i_5/O
                         net (fo=1, routed)           0.000     4.465    acc_out[7]_i_5_n_0
    SLICE_X10Y51         CARRY4 (Prop_carry4_S[1]_CO[3])
                                                      0.533     4.998 r  acc_out_reg[7]_i_1/CO[3]
                         net (fo=1, routed)           0.000     4.998    acc_out_reg[7]_i_1_n_0
    SLICE_X10Y52         CARRY4 (Prop_carry4_CI_CO[3])
                                                      0.117     5.115 r  acc_out_reg[11]_i_1/CO[3]
                         net (fo=1, routed)           0.000     5.115    acc_out_reg[11]_i_1_n_0
    SLICE_X10Y53         CARRY4 (Prop_carry4_CI_CO[3])
                                                      0.117     5.232 r  acc_out_reg[15]_i_1/CO[3]
                         net (fo=1, routed)           0.000     5.232    acc_out_reg[15]_i_1_n_0
    SLICE_X10Y54         CARRY4 (Prop_carry4_CI_CO[3])
                                                      0.117     5.349 r  acc_out_reg[19]_i_1/CO[3]
                         net (fo=1, routed)           0.000     5.349    acc_out_reg[19]_i_1_n_0
    SLICE_X10Y55         CARRY4 (Prop_carry4_CI_CO[3])
                                                      0.117     5.466 r  acc_out_reg[23]_i_1/CO[3]
                         net (fo=1, routed)           0.000     5.466    acc_out_reg[23]_i_1_n_0
    SLICE_X10Y56         CARRY4 (Prop_carry4_CI_CO[3])
                                                      0.117     5.583 r  acc_out_reg[27]_i_1/CO[3]
                         net (fo=1, routed)           0.000     5.583    acc_out_reg[27]_i_1_n_0
    SLICE_X10Y57         CARRY4 (Prop_carry4_CI_CO[3])
                                                      0.117     5.700 r  acc_out_reg[31]_i_1/CO[3]
                         net (fo=1, routed)           0.000     5.700    acc_out_reg[31]_i_1_n_0
    SLICE_X10Y58         CARRY4 (Prop_carry4_CI_CO[3])
                                                      0.117     5.817 r  acc_out_reg[35]_i_1/CO[3]
                         net (fo=1, routed)           0.000     5.817    acc_out_reg[35]_i_1_n_0
    SLICE_X10Y59         CARRY4 (Prop_carry4_CI_O[3])
                                                      0.315     6.132 r  acc_out_reg[39]_i_1/O[3]
                         net (fo=1, routed)           0.000     6.132    p_2_in[39]
    SLICE_X10Y59         FDRE                                         r  acc_out_reg[39]/D
  -------------------------------------------------------------------    -------------------

                         (clock system_clk rise edge)
                                                     10.000    10.000 r  
                         propagated clock network latency
                                                      0.924    10.924    
                         clock pessimism              0.000    10.924    
                         clock uncertainty           -0.035    10.889    
    SLICE_X10Y59         FDRE (Setup_fdre_C_D)        0.109    10.998    acc_out_reg[39]
  -------------------------------------------------------------------
                         required time                         10.998    
                         arrival time                          -6.132    
  -------------------------------------------------------------------
                         slack                                  4.866    




