Copyright 1986-2022 Xilinx, Inc. All Rights Reserved. Copyright 2022-2025 Advanced Micro Devices, Inc. All Rights Reserved.
----------------------------------------------------------------------------------------------------------------------------------------------------------------------------
| Tool Version : Vivado v.2025.2 (win64) Build 6299465 Fri Nov 14 19:35:11 GMT 2025
| Date         : Sun Aug 23 19:14:29 2026
| Host         : Deepan running 64-bit major release  (build 9200)
| Command      : report_timing -delay_type max -max_paths 10 -path_type full -file C:/Users/Deepan08/Desktop/MAC_V/results/vivado/reconfigurable_mac_top/critical_paths.rpt
| Design       : reconfigurable_mac_top
| Device       : 7a35t-cpg236
| Speed File   : -1  PRODUCTION 1.23 2018-06-13
| Design State : Routed
----------------------------------------------------------------------------------------------------------------------------------------------------------------------------

Timing Report

Slack:                    inf
  Source:                 operand_a[7]
                            (input port)
  Destination:            acc_out_reg/A[20]
                            (rising edge-triggered cell DSP48E1 clocked by system_clk  {rise@0.000ns fall@5.000ns period=10.000ns})
  Path Group:             (none)
  Path Type:              Setup (Max at Slow Process Corner)
  Data Path Delay:        2.224ns  (logic 0.124ns (5.575%)  route 2.100ns (94.425%))
  Logic Levels:           1  (LUT3=1)
  Clock Path Skew:        0.924ns (DCD - SCD + CPR)
    Destination Clock Delay (DCD):    0.924ns
    Source Clock Delay      (SCD):    0.000ns
    Clock Pessimism Removal (CPR):    0.000ns
  Clock Uncertainty:      0.025ns  ((TSJ^2 + TIJ^2)^1/2 + DJ) / 2 + PE
    Total System Jitter     (TSJ):    0.050ns
    Total Input Jitter      (TIJ):    0.000ns
    Discrete Jitter          (DJ):    0.000ns
    Phase Error              (PE):    0.000ns

    Location             Delay type                Incr(ns)  Path(ns)    Netlist Resource(s)
  -------------------------------------------------------------------    -------------------
                                                      0.000     0.000 r  operand_a[7] (IN)
                         net (fo=8, unset)            0.973     0.973    operand_a[7]
    SLICE_X55Y73         LUT3 (Prop_lut3_I2_O)        0.124     1.097 r  acc_out_reg_i_11/O
                         net (fo=15, routed)          1.127     2.224    A[15]
    DSP48_X1Y28          DSP48E1                                      r  acc_out_reg/A[20]
  -------------------------------------------------------------------    -------------------

                         (clock system_clk rise edge)
                                                      0.000     0.000 r  
                         propagated clock network latency
                                                      0.924     0.924    

Slack:                    inf
  Source:                 operand_a[7]
                            (input port)
  Destination:            acc_out_reg/A[21]
                            (rising edge-triggered cell DSP48E1 clocked by system_clk  {rise@0.000ns fall@5.000ns period=10.000ns})
  Path Group:             (none)
  Path Type:              Setup (Max at Slow Process Corner)
  Data Path Delay:        2.224ns  (logic 0.124ns (5.575%)  route 2.100ns (94.425%))
  Logic Levels:           1  (LUT3=1)
  Clock Path Skew:        0.924ns (DCD - SCD + CPR)
    Destination Clock Delay (DCD):    0.924ns
    Source Clock Delay      (SCD):    0.000ns
    Clock Pessimism Removal (CPR):    0.000ns
  Clock Uncertainty:      0.025ns  ((TSJ^2 + TIJ^2)^1/2 + DJ) / 2 + PE
    Total System Jitter     (TSJ):    0.050ns
    Total Input Jitter      (TIJ):    0.000ns
    Discrete Jitter          (DJ):    0.000ns
    Phase Error              (PE):    0.000ns

    Location             Delay type                Incr(ns)  Path(ns)    Netlist Resource(s)
  -------------------------------------------------------------------    -------------------
                                                      0.000     0.000 r  operand_a[7] (IN)
                         net (fo=8, unset)            0.973     0.973    operand_a[7]
    SLICE_X55Y73         LUT3 (Prop_lut3_I2_O)        0.124     1.097 r  acc_out_reg_i_11/O
                         net (fo=15, routed)          1.127     2.224    A[15]
    DSP48_X1Y28          DSP48E1                                      r  acc_out_reg/A[21]
  -------------------------------------------------------------------    -------------------

                         (clock system_clk rise edge)
                                                      0.000     0.000 r  
                         propagated clock network latency
                                                      0.924     0.924    

Slack:                    inf
  Source:                 operand_a[7]
                            (input port)
  Destination:            acc_out_reg/A[22]
                            (rising edge-triggered cell DSP48E1 clocked by system_clk  {rise@0.000ns fall@5.000ns period=10.000ns})
  Path Group:             (none)
  Path Type:              Setup (Max at Slow Process Corner)
  Data Path Delay:        2.224ns  (logic 0.124ns (5.575%)  route 2.100ns (94.425%))
  Logic Levels:           1  (LUT3=1)
  Clock Path Skew:        0.924ns (DCD - SCD + CPR)
    Destination Clock Delay (DCD):    0.924ns
    Source Clock Delay      (SCD):    0.000ns
    Clock Pessimism Removal (CPR):    0.000ns
  Clock Uncertainty:      0.025ns  ((TSJ^2 + TIJ^2)^1/2 + DJ) / 2 + PE
    Total System Jitter     (TSJ):    0.050ns
    Total Input Jitter      (TIJ):    0.000ns
    Discrete Jitter          (DJ):    0.000ns
    Phase Error              (PE):    0.000ns

    Location             Delay type                Incr(ns)  Path(ns)    Netlist Resource(s)
  -------------------------------------------------------------------    -------------------
                                                      0.000     0.000 r  operand_a[7] (IN)
                         net (fo=8, unset)            0.973     0.973    operand_a[7]
    SLICE_X55Y73         LUT3 (Prop_lut3_I2_O)        0.124     1.097 r  acc_out_reg_i_11/O
                         net (fo=15, routed)          1.127     2.224    A[15]
    DSP48_X1Y28          DSP48E1                                      r  acc_out_reg/A[22]
  -------------------------------------------------------------------    -------------------

                         (clock system_clk rise edge)
                                                      0.000     0.000 r  
                         propagated clock network latency
                                                      0.924     0.924    

Slack:                    inf
  Source:                 operand_a[7]
                            (input port)
  Destination:            acc_out_reg/A[23]
                            (rising edge-triggered cell DSP48E1 clocked by system_clk  {rise@0.000ns fall@5.000ns period=10.000ns})
  Path Group:             (none)
  Path Type:              Setup (Max at Slow Process Corner)
  Data Path Delay:        2.224ns  (logic 0.124ns (5.575%)  route 2.100ns (94.425%))
  Logic Levels:           1  (LUT3=1)
  Clock Path Skew:        0.924ns (DCD - SCD + CPR)
    Destination Clock Delay (DCD):    0.924ns
    Source Clock Delay      (SCD):    0.000ns
    Clock Pessimism Removal (CPR):    0.000ns
  Clock Uncertainty:      0.025ns  ((TSJ^2 + TIJ^2)^1/2 + DJ) / 2 + PE
    Total System Jitter     (TSJ):    0.050ns
    Total Input Jitter      (TIJ):    0.000ns
    Discrete Jitter          (DJ):    0.000ns
    Phase Error              (PE):    0.000ns

    Location             Delay type                Incr(ns)  Path(ns)    Netlist Resource(s)
  -------------------------------------------------------------------    -------------------
                                                      0.000     0.000 r  operand_a[7] (IN)
                         net (fo=8, unset)            0.973     0.973    operand_a[7]
    SLICE_X55Y73         LUT3 (Prop_lut3_I2_O)        0.124     1.097 r  acc_out_reg_i_11/O
                         net (fo=15, routed)          1.127     2.224    A[15]
    DSP48_X1Y28          DSP48E1                                      r  acc_out_reg/A[23]
  -------------------------------------------------------------------    -------------------

                         (clock system_clk rise edge)
                                                      0.000     0.000 r  
                         propagated clock network latency
                                                      0.924     0.924    

Slack:                    inf
  Source:                 operand_a[7]
                            (input port)
  Destination:            acc_out_reg/A[16]
                            (rising edge-triggered cell DSP48E1 clocked by system_clk  {rise@0.000ns fall@5.000ns period=10.000ns})
  Path Group:             (none)
  Path Type:              Setup (Max at Slow Process Corner)
  Data Path Delay:        2.103ns  (logic 0.124ns (5.895%)  route 1.979ns (94.105%))
  Logic Levels:           1  (LUT3=1)
  Clock Path Skew:        0.924ns (DCD - SCD + CPR)
    Destination Clock Delay (DCD):    0.924ns
    Source Clock Delay      (SCD):    0.000ns
    Clock Pessimism Removal (CPR):    0.000ns
  Clock Uncertainty:      0.025ns  ((TSJ^2 + TIJ^2)^1/2 + DJ) / 2 + PE
    Total System Jitter     (TSJ):    0.050ns
    Total Input Jitter      (TIJ):    0.000ns
    Discrete Jitter          (DJ):    0.000ns
    Phase Error              (PE):    0.000ns

    Location             Delay type                Incr(ns)  Path(ns)    Netlist Resource(s)
  -------------------------------------------------------------------    -------------------
                                                      0.000     0.000 r  operand_a[7] (IN)
                         net (fo=8, unset)            0.973     0.973    operand_a[7]
    SLICE_X55Y73         LUT3 (Prop_lut3_I2_O)        0.124     1.097 r  acc_out_reg_i_11/O
                         net (fo=15, routed)          1.006     2.103    A[15]
    DSP48_X1Y28          DSP48E1                                      r  acc_out_reg/A[16]
  -------------------------------------------------------------------    -------------------

                         (clock system_clk rise edge)
                                                      0.000     0.000 r  
                         propagated clock network latency
                                                      0.924     0.924    

Slack:                    inf
  Source:                 operand_a[7]
                            (input port)
  Destination:            acc_out_reg/A[24]
                            (rising edge-triggered cell DSP48E1 clocked by system_clk  {rise@0.000ns fall@5.000ns period=10.000ns})
  Path Group:             (none)
  Path Type:              Setup (Max at Slow Process Corner)
  Data Path Delay:        2.057ns  (logic 0.124ns (6.028%)  route 1.933ns (93.972%))
  Logic Levels:           1  (LUT3=1)
  Clock Path Skew:        0.924ns (DCD - SCD + CPR)
    Destination Clock Delay (DCD):    0.924ns
    Source Clock Delay      (SCD):    0.000ns
    Clock Pessimism Removal (CPR):    0.000ns
  Clock Uncertainty:      0.025ns  ((TSJ^2 + TIJ^2)^1/2 + DJ) / 2 + PE
    Total System Jitter     (TSJ):    0.050ns
    Total Input Jitter      (TIJ):    0.000ns
    Discrete Jitter          (DJ):    0.000ns
    Phase Error              (PE):    0.000ns

    Location             Delay type                Incr(ns)  Path(ns)    Netlist Resource(s)
  -------------------------------------------------------------------    -------------------
                                                      0.000     0.000 r  operand_a[7] (IN)
                         net (fo=8, unset)            0.973     0.973    operand_a[7]
    SLICE_X55Y73         LUT3 (Prop_lut3_I2_O)        0.124     1.097 r  acc_out_reg_i_11/O
                         net (fo=15, routed)          0.960     2.057    A[15]
    DSP48_X1Y28          DSP48E1                                      r  acc_out_reg/A[24]
  -------------------------------------------------------------------    -------------------

                         (clock system_clk rise edge)
                                                      0.000     0.000 r  
                         propagated clock network latency
                                                      0.924     0.924    

Slack:                    inf
  Source:                 operand_a[7]
                            (input port)
  Destination:            acc_out_reg/A[25]
                            (rising edge-triggered cell DSP48E1 clocked by system_clk  {rise@0.000ns fall@5.000ns period=10.000ns})
  Path Group:             (none)
  Path Type:              Setup (Max at Slow Process Corner)
  Data Path Delay:        2.057ns  (logic 0.124ns (6.028%)  route 1.933ns (93.972%))
  Logic Levels:           1  (LUT3=1)
  Clock Path Skew:        0.924ns (DCD - SCD + CPR)
    Destination Clock Delay (DCD):    0.924ns
    Source Clock Delay      (SCD):    0.000ns
    Clock Pessimism Removal (CPR):    0.000ns
  Clock Uncertainty:      0.025ns  ((TSJ^2 + TIJ^2)^1/2 + DJ) / 2 + PE
    Total System Jitter     (TSJ):    0.050ns
    Total Input Jitter      (TIJ):    0.000ns
    Discrete Jitter          (DJ):    0.000ns
    Phase Error              (PE):    0.000ns

    Location             Delay type                Incr(ns)  Path(ns)    Netlist Resource(s)
  -------------------------------------------------------------------    -------------------
                                                      0.000     0.000 r  operand_a[7] (IN)
                         net (fo=8, unset)            0.973     0.973    operand_a[7]
    SLICE_X55Y73         LUT3 (Prop_lut3_I2_O)        0.124     1.097 r  acc_out_reg_i_11/O
                         net (fo=15, routed)          0.960     2.057    A[15]
    DSP48_X1Y28          DSP48E1                                      r  acc_out_reg/A[25]
  -------------------------------------------------------------------    -------------------

                         (clock system_clk rise edge)
                                                      0.000     0.000 r  
                         propagated clock network latency
                                                      0.924     0.924    

Slack:                    inf
  Source:                 operand_a[7]
                            (input port)
  Destination:            acc_out_reg/A[26]
                            (rising edge-triggered cell DSP48E1 clocked by system_clk  {rise@0.000ns fall@5.000ns period=10.000ns})
  Path Group:             (none)
  Path Type:              Setup (Max at Slow Process Corner)
  Data Path Delay:        2.057ns  (logic 0.124ns (6.028%)  route 1.933ns (93.972%))
  Logic Levels:           1  (LUT3=1)
  Clock Path Skew:        0.924ns (DCD - SCD + CPR)
    Destination Clock Delay (DCD):    0.924ns
    Source Clock Delay      (SCD):    0.000ns
    Clock Pessimism Removal (CPR):    0.000ns
  Clock Uncertainty:      0.025ns  ((TSJ^2 + TIJ^2)^1/2 + DJ) / 2 + PE
    Total System Jitter     (TSJ):    0.050ns
    Total Input Jitter      (TIJ):    0.000ns
    Discrete Jitter          (DJ):    0.000ns
    Phase Error              (PE):    0.000ns

    Location             Delay type                Incr(ns)  Path(ns)    Netlist Resource(s)
  -------------------------------------------------------------------    -------------------
                                                      0.000     0.000 r  operand_a[7] (IN)
                         net (fo=8, unset)            0.973     0.973    operand_a[7]
    SLICE_X55Y73         LUT3 (Prop_lut3_I2_O)        0.124     1.097 r  acc_out_reg_i_11/O
                         net (fo=15, routed)          0.960     2.057    A[15]
    DSP48_X1Y28          DSP48E1                                      r  acc_out_reg/A[26]
  -------------------------------------------------------------------    -------------------

                         (clock system_clk rise edge)
                                                      0.000     0.000 r  
                         propagated clock network latency
                                                      0.924     0.924    

Slack:                    inf
  Source:                 operand_a[7]
                            (input port)
  Destination:            acc_out_reg/A[27]
                            (rising edge-triggered cell DSP48E1 clocked by system_clk  {rise@0.000ns fall@5.000ns period=10.000ns})
  Path Group:             (none)
  Path Type:              Setup (Max at Slow Process Corner)
  Data Path Delay:        2.057ns  (logic 0.124ns (6.028%)  route 1.933ns (93.972%))
  Logic Levels:           1  (LUT3=1)
  Clock Path Skew:        0.924ns (DCD - SCD + CPR)
    Destination Clock Delay (DCD):    0.924ns
    Source Clock Delay      (SCD):    0.000ns
    Clock Pessimism Removal (CPR):    0.000ns
  Clock Uncertainty:      0.025ns  ((TSJ^2 + TIJ^2)^1/2 + DJ) / 2 + PE
    Total System Jitter     (TSJ):    0.050ns
    Total Input Jitter      (TIJ):    0.000ns
    Discrete Jitter          (DJ):    0.000ns
    Phase Error              (PE):    0.000ns

    Location             Delay type                Incr(ns)  Path(ns)    Netlist Resource(s)
  -------------------------------------------------------------------    -------------------
                                                      0.000     0.000 r  operand_a[7] (IN)
                         net (fo=8, unset)            0.973     0.973    operand_a[7]
    SLICE_X55Y73         LUT3 (Prop_lut3_I2_O)        0.124     1.097 r  acc_out_reg_i_11/O
                         net (fo=15, routed)          0.960     2.057    A[15]
    DSP48_X1Y28          DSP48E1                                      r  acc_out_reg/A[27]
  -------------------------------------------------------------------    -------------------

                         (clock system_clk rise edge)
                                                      0.000     0.000 r  
                         propagated clock network latency
                                                      0.924     0.924    

Slack:                    inf
  Source:                 operand_a[7]
                            (input port)
  Destination:            acc_out_reg/A[28]
                            (rising edge-triggered cell DSP48E1 clocked by system_clk  {rise@0.000ns fall@5.000ns period=10.000ns})
  Path Group:             (none)
  Path Type:              Setup (Max at Slow Process Corner)
  Data Path Delay:        1.880ns  (logic 0.124ns (6.596%)  route 1.756ns (93.404%))
  Logic Levels:           1  (LUT3=1)
  Clock Path Skew:        0.924ns (DCD - SCD + CPR)
    Destination Clock Delay (DCD):    0.924ns
    Source Clock Delay      (SCD):    0.000ns
    Clock Pessimism Removal (CPR):    0.000ns
  Clock Uncertainty:      0.025ns  ((TSJ^2 + TIJ^2)^1/2 + DJ) / 2 + PE
    Total System Jitter     (TSJ):    0.050ns
    Total Input Jitter      (TIJ):    0.000ns
    Discrete Jitter          (DJ):    0.000ns
    Phase Error              (PE):    0.000ns

    Location             Delay type                Incr(ns)  Path(ns)    Netlist Resource(s)
  -------------------------------------------------------------------    -------------------
                                                      0.000     0.000 r  operand_a[7] (IN)
                         net (fo=8, unset)            0.973     0.973    operand_a[7]
    SLICE_X55Y73         LUT3 (Prop_lut3_I2_O)        0.124     1.097 r  acc_out_reg_i_11/O
                         net (fo=15, routed)          0.783     1.880    A[15]
    DSP48_X1Y28          DSP48E1                                      r  acc_out_reg/A[28]
  -------------------------------------------------------------------    -------------------

                         (clock system_clk rise edge)
                                                      0.000     0.000 r  
                         propagated clock network latency
                                                      0.924     0.924    




