Copyright 1986-2022 Xilinx, Inc. All Rights Reserved. Copyright 2022-2025 Advanced Micro Devices, Inc. All Rights Reserved.
----------------------------------------------------------------------------------------------------------------------------------------------------------------------------------------------------------------
| Tool Version : Vivado v.2025.2 (win64) Build 6299465 Fri Nov 14 19:35:11 GMT 2025
| Date         : Sun Aug 23 19:14:29 2026
| Host         : Deepan running 64-bit major release  (build 9200)
| Command      : report_timing_summary -delay_type max -max_paths 10 -report_unconstrained -check_timing_verbose -file C:/Users/Deepan08/Desktop/MAC_V/results/vivado/reconfigurable_mac_top/timing_summary.rpt
| Design       : reconfigurable_mac_top
| Device       : 7a35t-cpg236
| Speed File   : -1  PRODUCTION 1.23 2018-06-13
| Design State : Routed
----------------------------------------------------------------------------------------------------------------------------------------------------------------------------------------------------------------

Timing Summary Report

------------------------------------------------------------------------------------------------
| Timer Settings
| --------------
------------------------------------------------------------------------------------------------

  Enable Multi Corner Analysis               :  Yes
  Enable Pessimism Removal                   :  Yes
  Pessimism Removal Resolution               :  Nearest Common Node
  Enable Input Delay Default Clock           :  No
  Enable Preset / Clear Arcs                 :  No
  Disable Flight Delays                      :  No
  Ignore I/O Paths                           :  No
  Timing Early Launch at Borrowing Latches   :  No
  Borrow Time for Max Delay Exceptions       :  Yes
  Merge Timing Exceptions                    :  Yes
  Inter-SLR Compensation                     :  Conservative

  Corner  Analyze    Analyze    
  Name    Max Paths  Min Paths  
  ------  ---------  ---------  
  Slow    Yes        Yes        
  Fast    Yes        Yes        


------------------------------------------------------------------------------------------------
| Report Methodology
| ------------------
------------------------------------------------------------------------------------------------

Rule       Severity  Description                    Violations  
---------  --------  -----------------------------  ----------  
TIMING-18  Warning   Missing input or output delay  86          

Note: This report is based on the most recent report_methodology run and may not be up-to-date. Run report_methodology on the current design for the latest report.



check_timing report

Table of Contents
-----------------
1. checking no_clock (0)
2. checking constant_clock (0)
3. checking pulse_width_clock (0)
4. checking unconstrained_internal_endpoints (0)
5. checking no_input_delay (37)
6. checking no_output_delay (49)
7. checking multiple_clock (0)
8. checking generated_clocks (0)
9. checking loops (0)
10. checking partial_input_delay (0)
11. checking partial_output_delay (0)
12. checking latch_loops (0)

1. checking no_clock (0)
------------------------
 There are 0 register/latch pins with no clock.


2. checking constant_clock (0)
------------------------------
 There are 0 register/latch pins with constant_clock.


3. checking pulse_width_clock (0)
---------------------------------
 There are 0 register/latch pins which need pulse_width check


4. checking unconstrained_internal_endpoints (0)
------------------------------------------------
 There are 0 pins that are not constrained for maximum delay.

 There are 0 pins that are not constrained for maximum delay due to constant clock.


5. checking no_input_delay (37)
-------------------------------
 There are 37 input ports with no input delay specified. (HIGH)

clear_acc
enable
operand_a[0]
operand_a[10]
operand_a[11]
operand_a[12]
operand_a[13]
operand_a[14]
operand_a[15]
operand_a[1]
operand_a[2]
operand_a[3]
operand_a[4]
operand_a[5]
operand_a[6]
operand_a[7]
operand_a[8]
operand_a[9]
operand_b[0]
operand_b[10]
operand_b[11]
operand_b[12]
operand_b[13]
operand_b[14]
operand_b[15]
operand_b[1]
operand_b[2]
operand_b[3]
operand_b[4]
operand_b[5]
operand_b[6]
operand_b[7]
operand_b[8]
operand_b[9]
precision_mode
rst_n
valid_in

 There are 0 input ports with no input delay but user has a false path constraint.


6. checking no_output_delay (49)
--------------------------------
 There are 49 ports with no output delay specified. (HIGH)

acc_out[0]
acc_out[10]
acc_out[11]
acc_out[12]
acc_out[13]
acc_out[14]
acc_out[15]
acc_out[16]
acc_out[17]
acc_out[18]
acc_out[19]
acc_out[1]
acc_out[20]
acc_out[21]
acc_out[22]
acc_out[23]
acc_out[24]
acc_out[25]
acc_out[26]
acc_out[27]
acc_out[28]
acc_out[29]
acc_out[2]
acc_out[30]
acc_out[31]
acc_out[32]
acc_out[33]
acc_out[34]
acc_out[35]
acc_out[36]
acc_out[37]
acc_out[38]
acc_out[39]
acc_out[3]
acc_out[40]
acc_out[41]
acc_out[42]
acc_out[43]
acc_out[44]
acc_out[45]
acc_out[46]
acc_out[47]
acc_out[4]
acc_out[5]
acc_out[6]
acc_out[7]
acc_out[8]
acc_out[9]
valid_out

 There are 0 ports with no output delay but user has a false path constraint

 There are 0 ports with no output delay but with a timing clock defined on it or propagating through it


7. checking multiple_clock (0)
------------------------------
 There are 0 register/latch pins with multiple clocks.


8. checking generated_clocks (0)
--------------------------------
 There are 0 generated clocks that are not connected to a clock source.


9. checking loops (0)
---------------------
 There are 0 combinational loops in the design.


10. checking partial_input_delay (0)
------------------------------------
 There are 0 input ports with partial input delay specified.


11. checking partial_output_delay (0)
-------------------------------------
 There are 0 ports with partial output delay specified.


12. checking latch_loops (0)
----------------------------
 There are 0 combinational latch loops in the design through latch input



------------------------------------------------------------------------------------------------
| Design Timing Summary
| ---------------------
------------------------------------------------------------------------------------------------

    WNS(ns)      TNS(ns)  TNS Failing Endpoints  TNS Total Endpoints     WPWS(ns)     TPWS(ns)  TPWS Failing Endpoints  TPWS Total Endpoints  
    -------      -------  ---------------------  -------------------     --------     --------  ----------------------  --------------------  
        inf        0.000                      0                  100        4.500        0.000                       0                     2  


All user specified timing constraints are met.


------------------------------------------------------------------------------------------------
| Clock Summary
| -------------
------------------------------------------------------------------------------------------------

Clock       Waveform(ns)       Period(ns)      Frequency(MHz)
-----       ------------       ----------      --------------
system_clk  {0.000 5.000}      10.000          100.000         


------------------------------------------------------------------------------------------------
| Intra Clock Table
| -----------------
------------------------------------------------------------------------------------------------

Clock             WNS(ns)      TNS(ns)  TNS Failing Endpoints  TNS Total Endpoints     WPWS(ns)     TPWS(ns)  TPWS Failing Endpoints  TPWS Total Endpoints  
-----             -------      -------  ---------------------  -------------------     --------     --------  ----------------------  --------------------  
system_clk                                                                                4.500        0.000                       0                     2  


------------------------------------------------------------------------------------------------
| Inter Clock Table
| -----------------
------------------------------------------------------------------------------------------------

From Clock    To Clock          WNS(ns)      TNS(ns)  TNS Failing Endpoints  TNS Total Endpoints  
----------    --------          -------      -------  ---------------------  -------------------  


------------------------------------------------------------------------------------------------
| Other Path Groups Table
| -----------------------
------------------------------------------------------------------------------------------------

Path Group    From Clock    To Clock          WNS(ns)      TNS(ns)  TNS Failing Endpoints  TNS Total Endpoints  
----------    ----------    --------          -------      -------  ---------------------  -------------------  


------------------------------------------------------------------------------------------------
| User Ignored Path Table
| -----------------------
------------------------------------------------------------------------------------------------

Path Group    From Clock    To Clock    
----------    ----------    --------    


------------------------------------------------------------------------------------------------
| Unconstrained Path Table
| ------------------------
------------------------------------------------------------------------------------------------

Path Group    From Clock    To Clock    
----------    ----------    --------    
(none)        system_clk                  
(none)                      system_clk    


------------------------------------------------------------------------------------------------
| Timing Details
| --------------
------------------------------------------------------------------------------------------------


---------------------------------------------------------------------------------------------------
From Clock:  system_clk
  To Clock:  system_clk

Setup :           NA  Failing Endpoints,  Worst Slack           NA  ,  Total Violation           NA
Hold  :           NA  Failing Endpoints,  Worst Slack           NA  ,  Total Violation           NA
PW    :            0  Failing Endpoints,  Worst Slack        4.500ns,  Total Violation        0.000ns
---------------------------------------------------------------------------------------------------


Pulse Width Checks
--------------------------------------------------------------------------------------
Clock Name:         system_clk
Waveform(ns):       { 0.000 5.000 }
Period(ns):         10.000
Sources:            { clk }

Check Type        Corner  Lib Pin      Reference Pin  Required(ns)  Actual(ns)  Slack(ns)  Location      Pin
Min Period        n/a     DSP48E1/CLK  n/a            2.154         10.000      7.846      DSP48_X1Y28   acc_out_reg/CLK
Min Period        n/a     FDRE/C       n/a            1.000         10.000      9.000      SLICE_X38Y76  valid_out_reg/C
Low Pulse Width   Slow    FDRE/C       n/a            0.500         5.000       4.500      SLICE_X38Y76  valid_out_reg/C
Low Pulse Width   Fast    FDRE/C       n/a            0.500         5.000       4.500      SLICE_X38Y76  valid_out_reg/C
High Pulse Width  Slow    FDRE/C       n/a            0.500         5.000       4.500      SLICE_X38Y76  valid_out_reg/C
High Pulse Width  Fast    FDRE/C       n/a            0.500         5.000       4.500      SLICE_X38Y76  valid_out_reg/C



--------------------------------------------------------------------------------------
Path Group:  (none)
From Clock:  system_clk
  To Clock:  

Max Delay            49 Endpoints
Min Delay             0 Endpoints
--------------------------------------------------------------------------------------


Max Delay Paths
--------------------------------------------------------------------------------------
Slack:                    inf
  Source:                 valid_out_reg/C
                            (rising edge-triggered cell FDRE clocked by system_clk  {rise@0.000ns fall@5.000ns period=10.000ns})
  Destination:            valid_out
                            (output port)
  Path Group:             (none)
  Path Type:              Max at Slow Process Corner
  Data Path Delay:        1.491ns  (logic 0.518ns (34.742%)  route 0.973ns (65.258%))
  Logic Levels:           0  
  Clock Uncertainty:      0.025ns  ((TSJ^2 + TIJ^2)^1/2 + DJ) / 2 + PE
    Total System Jitter     (TSJ):    0.050ns
    Total Input Jitter      (TIJ):    0.000ns
    Discrete Jitter          (DJ):    0.000ns
    Phase Error              (PE):    0.000ns

    Location             Delay type                Incr(ns)  Path(ns)    Netlist Resource(s)
  -------------------------------------------------------------------    -------------------
                         (clock system_clk rise edge)
                                                      0.000     0.000 r  
                                                      0.000     0.000 r  clk (IN)
                         net (fo=1, unset)            0.973     0.973    clk
    SLICE_X38Y76         FDRE                                         r  valid_out_reg/C
  -------------------------------------------------------------------    -------------------
    SLICE_X38Y76         FDRE (Prop_fdre_C_Q)         0.518     1.491 r  valid_out_reg/Q
                         net (fo=0)                   0.973     2.464    valid_out
                                                                      r  valid_out (OUT)
  -------------------------------------------------------------------    -------------------

Slack:                    inf
  Source:                 acc_out_reg/CLK
                            (rising edge-triggered cell DSP48E1 clocked by system_clk  {rise@0.000ns fall@5.000ns period=10.000ns})
  Destination:            acc_out[0]
                            (output port)
  Path Group:             (none)
  Path Type:              Max at Slow Process Corner
  Data Path Delay:        1.407ns  (logic 0.434ns (30.846%)  route 0.973ns (69.154%))
  Logic Levels:           0  
  Clock Uncertainty:      0.025ns  ((TSJ^2 + TIJ^2)^1/2 + DJ) / 2 + PE
    Total System Jitter     (TSJ):    0.050ns
    Total Input Jitter      (TIJ):    0.000ns
    Discrete Jitter          (DJ):    0.000ns
    Phase Error              (PE):    0.000ns

    Location             Delay type                Incr(ns)  Path(ns)    Netlist Resource(s)
  -------------------------------------------------------------------    -------------------
                         (clock system_clk rise edge)
                                                      0.000     0.000 r  
                                                      0.000     0.000 r  clk (IN)
                         net (fo=1, unset)            0.973     0.973    clk
    DSP48_X1Y28          DSP48E1                                      r  acc_out_reg/CLK
  -------------------------------------------------------------------    -------------------
    DSP48_X1Y28          DSP48E1 (Prop_dsp48e1_CLK_P[0])
                                                      0.434     1.407 r  acc_out_reg/P[0]
                         net (fo=0)                   0.973     2.380    acc_out[0]
                                                                      r  acc_out[0] (OUT)
  -------------------------------------------------------------------    -------------------

Slack:                    inf
  Source:                 acc_out_reg/CLK
                            (rising edge-triggered cell DSP48E1 clocked by system_clk  {rise@0.000ns fall@5.000ns period=10.000ns})
  Destination:            acc_out[10]
                            (output port)
  Path Group:             (none)
  Path Type:              Max at Slow Process Corner
  Data Path Delay:        1.407ns  (logic 0.434ns (30.846%)  route 0.973ns (69.154%))
  Logic Levels:           0  
  Clock Uncertainty:      0.025ns  ((TSJ^2 + TIJ^2)^1/2 + DJ) / 2 + PE
    Total System Jitter     (TSJ):    0.050ns
    Total Input Jitter      (TIJ):    0.000ns
    Discrete Jitter          (DJ):    0.000ns
    Phase Error              (PE):    0.000ns

    Location             Delay type                Incr(ns)  Path(ns)    Netlist Resource(s)
  -------------------------------------------------------------------    -------------------
                         (clock system_clk rise edge)
                                                      0.000     0.000 r  
                                                      0.000     0.000 r  clk (IN)
                         net (fo=1, unset)            0.973     0.973    clk
    DSP48_X1Y28          DSP48E1                                      r  acc_out_reg/CLK
  -------------------------------------------------------------------    -------------------
    DSP48_X1Y28          DSP48E1 (Prop_dsp48e1_CLK_P[10])
                                                      0.434     1.407 r  acc_out_reg/P[10]
                         net (fo=0)                   0.973     2.380    acc_out[10]
                                                                      r  acc_out[10] (OUT)
  -------------------------------------------------------------------    -------------------

Slack:                    inf
  Source:                 acc_out_reg/CLK
                            (rising edge-triggered cell DSP48E1 clocked by system_clk  {rise@0.000ns fall@5.000ns period=10.000ns})
  Destination:            acc_out[11]
                            (output port)
  Path Group:             (none)
  Path Type:              Max at Slow Process Corner
  Data Path Delay:        1.407ns  (logic 0.434ns (30.846%)  route 0.973ns (69.154%))
  Logic Levels:           0  
  Clock Uncertainty:      0.025ns  ((TSJ^2 + TIJ^2)^1/2 + DJ) / 2 + PE
    Total System Jitter     (TSJ):    0.050ns
    Total Input Jitter      (TIJ):    0.000ns
    Discrete Jitter          (DJ):    0.000ns
    Phase Error              (PE):    0.000ns

    Location             Delay type                Incr(ns)  Path(ns)    Netlist Resource(s)
  -------------------------------------------------------------------    -------------------
                         (clock system_clk rise edge)
                                                      0.000     0.000 r  
                                                      0.000     0.000 r  clk (IN)
                         net (fo=1, unset)            0.973     0.973    clk
    DSP48_X1Y28          DSP48E1                                      r  acc_out_reg/CLK
  -------------------------------------------------------------------    -------------------
    DSP48_X1Y28          DSP48E1 (Prop_dsp48e1_CLK_P[11])
                                                      0.434     1.407 r  acc_out_reg/P[11]
                         net (fo=0)                   0.973     2.380    acc_out[11]
                                                                      r  acc_out[11] (OUT)
  -------------------------------------------------------------------    -------------------

Slack:                    inf
  Source:                 acc_out_reg/CLK
                            (rising edge-triggered cell DSP48E1 clocked by system_clk  {rise@0.000ns fall@5.000ns period=10.000ns})
  Destination:            acc_out[12]
                            (output port)
  Path Group:             (none)
  Path Type:              Max at Slow Process Corner
  Data Path Delay:        1.407ns  (logic 0.434ns (30.846%)  route 0.973ns (69.154%))
  Logic Levels:           0  
  Clock Uncertainty:      0.025ns  ((TSJ^2 + TIJ^2)^1/2 + DJ) / 2 + PE
    Total System Jitter     (TSJ):    0.050ns
    Total Input Jitter      (TIJ):    0.000ns
    Discrete Jitter          (DJ):    0.000ns
    Phase Error              (PE):    0.000ns

    Location             Delay type                Incr(ns)  Path(ns)    Netlist Resource(s)
  -------------------------------------------------------------------    -------------------
                         (clock system_clk rise edge)
                                                      0.000     0.000 r  
                                                      0.000     0.000 r  clk (IN)
                         net (fo=1, unset)            0.973     0.973    clk
    DSP48_X1Y28          DSP48E1                                      r  acc_out_reg/CLK
  -------------------------------------------------------------------    -------------------
    DSP48_X1Y28          DSP48E1 (Prop_dsp48e1_CLK_P[12])
                                                      0.434     1.407 r  acc_out_reg/P[12]
                         net (fo=0)                   0.973     2.380    acc_out[12]
                                                                      r  acc_out[12] (OUT)
  -------------------------------------------------------------------    -------------------

Slack:                    inf
  Source:                 acc_out_reg/CLK
                            (rising edge-triggered cell DSP48E1 clocked by system_clk  {rise@0.000ns fall@5.000ns period=10.000ns})
  Destination:            acc_out[13]
                            (output port)
  Path Group:             (none)
  Path Type:              Max at Slow Process Corner
  Data Path Delay:        1.407ns  (logic 0.434ns (30.846%)  route 0.973ns (69.154%))
  Logic Levels:           0  
  Clock Uncertainty:      0.025ns  ((TSJ^2 + TIJ^2)^1/2 + DJ) / 2 + PE
    Total System Jitter     (TSJ):    0.050ns
    Total Input Jitter      (TIJ):    0.000ns
    Discrete Jitter          (DJ):    0.000ns
    Phase Error              (PE):    0.000ns

    Location             Delay type                Incr(ns)  Path(ns)    Netlist Resource(s)
  -------------------------------------------------------------------    -------------------
                         (clock system_clk rise edge)
                                                      0.000     0.000 r  
                                                      0.000     0.000 r  clk (IN)
                         net (fo=1, unset)            0.973     0.973    clk
    DSP48_X1Y28          DSP48E1                                      r  acc_out_reg/CLK
  -------------------------------------------------------------------    -------------------
    DSP48_X1Y28          DSP48E1 (Prop_dsp48e1_CLK_P[13])
                                                      0.434     1.407 r  acc_out_reg/P[13]
                         net (fo=0)                   0.973     2.380    acc_out[13]
                                                                      r  acc_out[13] (OUT)
  -------------------------------------------------------------------    -------------------

Slack:                    inf
  Source:                 acc_out_reg/CLK
                            (rising edge-triggered cell DSP48E1 clocked by system_clk  {rise@0.000ns fall@5.000ns period=10.000ns})
  Destination:            acc_out[14]
                            (output port)
  Path Group:             (none)
  Path Type:              Max at Slow Process Corner
  Data Path Delay:        1.407ns  (logic 0.434ns (30.846%)  route 0.973ns (69.154%))
  Logic Levels:           0  
  Clock Uncertainty:      0.025ns  ((TSJ^2 + TIJ^2)^1/2 + DJ) / 2 + PE
    Total System Jitter     (TSJ):    0.050ns
    Total Input Jitter      (TIJ):    0.000ns
    Discrete Jitter          (DJ):    0.000ns
    Phase Error              (PE):    0.000ns

    Location             Delay type                Incr(ns)  Path(ns)    Netlist Resource(s)
  -------------------------------------------------------------------    -------------------
                         (clock system_clk rise edge)
                                                      0.000     0.000 r  
                                                      0.000     0.000 r  clk (IN)
                         net (fo=1, unset)            0.973     0.973    clk
    DSP48_X1Y28          DSP48E1                                      r  acc_out_reg/CLK
  -------------------------------------------------------------------    -------------------
    DSP48_X1Y28          DSP48E1 (Prop_dsp48e1_CLK_P[14])
                                                      0.434     1.407 r  acc_out_reg/P[14]
                         net (fo=0)                   0.973     2.380    acc_out[14]
                                                                      r  acc_out[14] (OUT)
  -------------------------------------------------------------------    -------------------

Slack:                    inf
  Source:                 acc_out_reg/CLK
                            (rising edge-triggered cell DSP48E1 clocked by system_clk  {rise@0.000ns fall@5.000ns period=10.000ns})
  Destination:            acc_out[15]
                            (output port)
  Path Group:             (none)
  Path Type:              Max at Slow Process Corner
  Data Path Delay:        1.407ns  (logic 0.434ns (30.846%)  route 0.973ns (69.154%))
  Logic Levels:           0  
  Clock Uncertainty:      0.025ns  ((TSJ^2 + TIJ^2)^1/2 + DJ) / 2 + PE
    Total System Jitter     (TSJ):    0.050ns
    Total Input Jitter      (TIJ):    0.000ns
    Discrete Jitter          (DJ):    0.000ns
    Phase Error              (PE):    0.000ns

    Location             Delay type                Incr(ns)  Path(ns)    Netlist Resource(s)
  -------------------------------------------------------------------    -------------------
                         (clock system_clk rise edge)
                                                      0.000     0.000 r  
                                                      0.000     0.000 r  clk (IN)
                         net (fo=1, unset)            0.973     0.973    clk
    DSP48_X1Y28          DSP48E1                                      r  acc_out_reg/CLK
  -------------------------------------------------------------------    -------------------
    DSP48_X1Y28          DSP48E1 (Prop_dsp48e1_CLK_P[15])
                                                      0.434     1.407 r  acc_out_reg/P[15]
                         net (fo=0)                   0.973     2.380    acc_out[15]
                                                                      r  acc_out[15] (OUT)
  -------------------------------------------------------------------    -------------------

Slack:                    inf
  Source:                 acc_out_reg/CLK
                            (rising edge-triggered cell DSP48E1 clocked by system_clk  {rise@0.000ns fall@5.000ns period=10.000ns})
  Destination:            acc_out[16]
                            (output port)
  Path Group:             (none)
  Path Type:              Max at Slow Process Corner
  Data Path Delay:        1.407ns  (logic 0.434ns (30.846%)  route 0.973ns (69.154%))
  Logic Levels:           0  
  Clock Uncertainty:      0.025ns  ((TSJ^2 + TIJ^2)^1/2 + DJ) / 2 + PE
    Total System Jitter     (TSJ):    0.050ns
    Total Input Jitter      (TIJ):    0.000ns
    Discrete Jitter          (DJ):    0.000ns
    Phase Error              (PE):    0.000ns

    Location             Delay type                Incr(ns)  Path(ns)    Netlist Resource(s)
  -------------------------------------------------------------------    -------------------
                         (clock system_clk rise edge)
                                                      0.000     0.000 r  
                                                      0.000     0.000 r  clk (IN)
                         net (fo=1, unset)            0.973     0.973    clk
    DSP48_X1Y28          DSP48E1                                      r  acc_out_reg/CLK
  -------------------------------------------------------------------    -------------------
    DSP48_X1Y28          DSP48E1 (Prop_dsp48e1_CLK_P[16])
                                                      0.434     1.407 r  acc_out_reg/P[16]
                         net (fo=0)                   0.973     2.380    acc_out[16]
                                                                      r  acc_out[16] (OUT)
  -------------------------------------------------------------------    -------------------

Slack:                    inf
  Source:                 acc_out_reg/CLK
                            (rising edge-triggered cell DSP48E1 clocked by system_clk  {rise@0.000ns fall@5.000ns period=10.000ns})
  Destination:            acc_out[17]
                            (output port)
  Path Group:             (none)
  Path Type:              Max at Slow Process Corner
  Data Path Delay:        1.407ns  (logic 0.434ns (30.846%)  route 0.973ns (69.154%))
  Logic Levels:           0  
  Clock Uncertainty:      0.025ns  ((TSJ^2 + TIJ^2)^1/2 + DJ) / 2 + PE
    Total System Jitter     (TSJ):    0.050ns
    Total Input Jitter      (TIJ):    0.000ns
    Discrete Jitter          (DJ):    0.000ns
    Phase Error              (PE):    0.000ns

    Location             Delay type                Incr(ns)  Path(ns)    Netlist Resource(s)
  -------------------------------------------------------------------    -------------------
                         (clock system_clk rise edge)
                                                      0.000     0.000 r  
                                                      0.000     0.000 r  clk (IN)
                         net (fo=1, unset)            0.973     0.973    clk
    DSP48_X1Y28          DSP48E1                                      r  acc_out_reg/CLK
  -------------------------------------------------------------------    -------------------
    DSP48_X1Y28          DSP48E1 (Prop_dsp48e1_CLK_P[17])
                                                      0.434     1.407 r  acc_out_reg/P[17]
                         net (fo=0)                   0.973     2.380    acc_out[17]
                                                                      r  acc_out[17] (OUT)
  -------------------------------------------------------------------    -------------------





--------------------------------------------------------------------------------------
Path Group:  (none)
From Clock:  
  To Clock:  system_clk

Max Delay            51 Endpoints
Min Delay             0 Endpoints
--------------------------------------------------------------------------------------


Max Delay Paths
--------------------------------------------------------------------------------------
Slack:                    inf
  Source:                 operand_a[7]
                            (input port)
  Destination:            acc_out_reg/A[20]
                            (rising edge-triggered cell DSP48E1 clocked by system_clk  {rise@0.000ns fall@5.000ns period=10.000ns})
  Path Group:             (none)
  Path Type:              Setup (Max at Slow Process Corner)
  Data Path Delay:        2.224ns  (logic 0.124ns (5.575%)  route 2.100ns (94.425%))
  Logic Levels:           1  (LUT3=1)
  Clock Path Skew:        0.924ns (DCD - SCD + CPR)
    Destination Clock Delay (DCD):    0.924ns
    Source Clock Delay      (SCD):    0.000ns
    Clock Pessimism Removal (CPR):    0.000ns
  Clock Uncertainty:      0.025ns  ((TSJ^2 + TIJ^2)^1/2 + DJ) / 2 + PE
    Total System Jitter     (TSJ):    0.050ns
    Total Input Jitter      (TIJ):    0.000ns
    Discrete Jitter          (DJ):    0.000ns
    Phase Error              (PE):    0.000ns

    Location             Delay type                Incr(ns)  Path(ns)    Netlist Resource(s)
  -------------------------------------------------------------------    -------------------
                                                      0.000     0.000 r  operand_a[7] (IN)
                         net (fo=8, unset)            0.973     0.973    operand_a[7]
    SLICE_X55Y73         LUT3 (Prop_lut3_I2_O)        0.124     1.097 r  acc_out_reg_i_11/O
                         net (fo=15, routed)          1.127     2.224    A[15]
    DSP48_X1Y28          DSP48E1                                      r  acc_out_reg/A[20]
  -------------------------------------------------------------------    -------------------

                         (clock system_clk rise edge)
                                                      0.000     0.000 r  
                                                      0.000     0.000 r  clk (IN)
                         net (fo=1, unset)            0.924     0.924    clk
    DSP48_X1Y28          DSP48E1                                      r  acc_out_reg/CLK

Slack:                    inf
  Source:                 operand_a[7]
                            (input port)
  Destination:            acc_out_reg/A[21]
                            (rising edge-triggered cell DSP48E1 clocked by system_clk  {rise@0.000ns fall@5.000ns period=10.000ns})
  Path Group:             (none)
  Path Type:              Setup (Max at Slow Process Corner)
  Data Path Delay:        2.224ns  (logic 0.124ns (5.575%)  route 2.100ns (94.425%))
  Logic Levels:           1  (LUT3=1)
  Clock Path Skew:        0.924ns (DCD - SCD + CPR)
    Destination Clock Delay (DCD):    0.924ns
    Source Clock Delay      (SCD):    0.000ns
    Clock Pessimism Removal (CPR):    0.000ns
  Clock Uncertainty:      0.025ns  ((TSJ^2 + TIJ^2)^1/2 + DJ) / 2 + PE
    Total System Jitter     (TSJ):    0.050ns
    Total Input Jitter      (TIJ):    0.000ns
    Discrete Jitter          (DJ):    0.000ns
    Phase Error              (PE):    0.000ns

    Location             Delay type                Incr(ns)  Path(ns)    Netlist Resource(s)
  -------------------------------------------------------------------    -------------------
                                                      0.000     0.000 r  operand_a[7] (IN)
                         net (fo=8, unset)            0.973     0.973    operand_a[7]
    SLICE_X55Y73         LUT3 (Prop_lut3_I2_O)        0.124     1.097 r  acc_out_reg_i_11/O
                         net (fo=15, routed)          1.127     2.224    A[15]
    DSP48_X1Y28          DSP48E1                                      r  acc_out_reg/A[21]
  -------------------------------------------------------------------    -------------------

                         (clock system_clk rise edge)
                                                      0.000     0.000 r  
                                                      0.000     0.000 r  clk (IN)
                         net (fo=1, unset)            0.924     0.924    clk
    DSP48_X1Y28          DSP48E1                                      r  acc_out_reg/CLK

Slack:                    inf
  Source:                 operand_a[7]
                            (input port)
  Destination:            acc_out_reg/A[22]
                            (rising edge-triggered cell DSP48E1 clocked by system_clk  {rise@0.000ns fall@5.000ns period=10.000ns})
  Path Group:             (none)
  Path Type:              Setup (Max at Slow Process Corner)
  Data Path Delay:        2.224ns  (logic 0.124ns (5.575%)  route 2.100ns (94.425%))
  Logic Levels:           1  (LUT3=1)
  Clock Path Skew:        0.924ns (DCD - SCD + CPR)
    Destination Clock Delay (DCD):    0.924ns
    Source Clock Delay      (SCD):    0.000ns
    Clock Pessimism Removal (CPR):    0.000ns
  Clock Uncertainty:      0.025ns  ((TSJ^2 + TIJ^2)^1/2 + DJ) / 2 + PE
    Total System Jitter     (TSJ):    0.050ns
    Total Input Jitter      (TIJ):    0.000ns
    Discrete Jitter          (DJ):    0.000ns
    Phase Error              (PE):    0.000ns

    Location             Delay type                Incr(ns)  Path(ns)    Netlist Resource(s)
  -------------------------------------------------------------------    -------------------
                                                      0.000     0.000 r  operand_a[7] (IN)
                         net (fo=8, unset)            0.973     0.973    operand_a[7]
    SLICE_X55Y73         LUT3 (Prop_lut3_I2_O)        0.124     1.097 r  acc_out_reg_i_11/O
                         net (fo=15, routed)          1.127     2.224    A[15]
    DSP48_X1Y28          DSP48E1                                      r  acc_out_reg/A[22]
  -------------------------------------------------------------------    -------------------

                         (clock system_clk rise edge)
                                                      0.000     0.000 r  
                                                      0.000     0.000 r  clk (IN)
                         net (fo=1, unset)            0.924     0.924    clk
    DSP48_X1Y28          DSP48E1                                      r  acc_out_reg/CLK

Slack:                    inf
  Source:                 operand_a[7]
                            (input port)
  Destination:            acc_out_reg/A[23]
                            (rising edge-triggered cell DSP48E1 clocked by system_clk  {rise@0.000ns fall@5.000ns period=10.000ns})
  Path Group:             (none)
  Path Type:              Setup (Max at Slow Process Corner)
  Data Path Delay:        2.224ns  (logic 0.124ns (5.575%)  route 2.100ns (94.425%))
  Logic Levels:           1  (LUT3=1)
  Clock Path Skew:        0.924ns (DCD - SCD + CPR)
    Destination Clock Delay (DCD):    0.924ns
    Source Clock Delay      (SCD):    0.000ns
    Clock Pessimism Removal (CPR):    0.000ns
  Clock Uncertainty:      0.025ns  ((TSJ^2 + TIJ^2)^1/2 + DJ) / 2 + PE
    Total System Jitter     (TSJ):    0.050ns
    Total Input Jitter      (TIJ):    0.000ns
    Discrete Jitter          (DJ):    0.000ns
    Phase Error              (PE):    0.000ns

    Location             Delay type                Incr(ns)  Path(ns)    Netlist Resource(s)
  -------------------------------------------------------------------    -------------------
                                                      0.000     0.000 r  operand_a[7] (IN)
                         net (fo=8, unset)            0.973     0.973    operand_a[7]
    SLICE_X55Y73         LUT3 (Prop_lut3_I2_O)        0.124     1.097 r  acc_out_reg_i_11/O
                         net (fo=15, routed)          1.127     2.224    A[15]
    DSP48_X1Y28          DSP48E1                                      r  acc_out_reg/A[23]
  -------------------------------------------------------------------    -------------------

                         (clock system_clk rise edge)
                                                      0.000     0.000 r  
                                                      0.000     0.000 r  clk (IN)
                         net (fo=1, unset)            0.924     0.924    clk
    DSP48_X1Y28          DSP48E1                                      r  acc_out_reg/CLK

Slack:                    inf
  Source:                 operand_a[7]
                            (input port)
  Destination:            acc_out_reg/A[16]
                            (rising edge-triggered cell DSP48E1 clocked by system_clk  {rise@0.000ns fall@5.000ns period=10.000ns})
  Path Group:             (none)
  Path Type:              Setup (Max at Slow Process Corner)
  Data Path Delay:        2.103ns  (logic 0.124ns (5.895%)  route 1.979ns (94.105%))
  Logic Levels:           1  (LUT3=1)
  Clock Path Skew:        0.924ns (DCD - SCD + CPR)
    Destination Clock Delay (DCD):    0.924ns
    Source Clock Delay      (SCD):    0.000ns
    Clock Pessimism Removal (CPR):    0.000ns
  Clock Uncertainty:      0.025ns  ((TSJ^2 + TIJ^2)^1/2 + DJ) / 2 + PE
    Total System Jitter     (TSJ):    0.050ns
    Total Input Jitter      (TIJ):    0.000ns
    Discrete Jitter          (DJ):    0.000ns
    Phase Error              (PE):    0.000ns

    Location             Delay type                Incr(ns)  Path(ns)    Netlist Resource(s)
  -------------------------------------------------------------------    -------------------
                                                      0.000     0.000 r  operand_a[7] (IN)
                         net (fo=8, unset)            0.973     0.973    operand_a[7]
    SLICE_X55Y73         LUT3 (Prop_lut3_I2_O)        0.124     1.097 r  acc_out_reg_i_11/O
                         net (fo=15, routed)          1.006     2.103    A[15]
    DSP48_X1Y28          DSP48E1                                      r  acc_out_reg/A[16]
  -------------------------------------------------------------------    -------------------

                         (clock system_clk rise edge)
                                                      0.000     0.000 r  
                                                      0.000     0.000 r  clk (IN)
                         net (fo=1, unset)            0.924     0.924    clk
    DSP48_X1Y28          DSP48E1                                      r  acc_out_reg/CLK

Slack:                    inf
  Source:                 operand_a[7]
                            (input port)
  Destination:            acc_out_reg/A[24]
                            (rising edge-triggered cell DSP48E1 clocked by system_clk  {rise@0.000ns fall@5.000ns period=10.000ns})
  Path Group:             (none)
  Path Type:              Setup (Max at Slow Process Corner)
  Data Path Delay:        2.057ns  (logic 0.124ns (6.028%)  route 1.933ns (93.972%))
  Logic Levels:           1  (LUT3=1)
  Clock Path Skew:        0.924ns (DCD - SCD + CPR)
    Destination Clock Delay (DCD):    0.924ns
    Source Clock Delay      (SCD):    0.000ns
    Clock Pessimism Removal (CPR):    0.000ns
  Clock Uncertainty:      0.025ns  ((TSJ^2 + TIJ^2)^1/2 + DJ) / 2 + PE
    Total System Jitter     (TSJ):    0.050ns
    Total Input Jitter      (TIJ):    0.000ns
    Discrete Jitter          (DJ):    0.000ns
    Phase Error              (PE):    0.000ns

    Location             Delay type                Incr(ns)  Path(ns)    Netlist Resource(s)
  -------------------------------------------------------------------    -------------------
                                                      0.000     0.000 r  operand_a[7] (IN)
                         net (fo=8, unset)            0.973     0.973    operand_a[7]
    SLICE_X55Y73         LUT3 (Prop_lut3_I2_O)        0.124     1.097 r  acc_out_reg_i_11/O
                         net (fo=15, routed)          0.960     2.057    A[15]
    DSP48_X1Y28          DSP48E1                                      r  acc_out_reg/A[24]
  -------------------------------------------------------------------    -------------------

                         (clock system_clk rise edge)
                                                      0.000     0.000 r  
                                                      0.000     0.000 r  clk (IN)
                         net (fo=1, unset)            0.924     0.924    clk
    DSP48_X1Y28          DSP48E1                                      r  acc_out_reg/CLK

Slack:                    inf
  Source:                 operand_a[7]
                            (input port)
  Destination:            acc_out_reg/A[25]
                            (rising edge-triggered cell DSP48E1 clocked by system_clk  {rise@0.000ns fall@5.000ns period=10.000ns})
  Path Group:             (none)
  Path Type:              Setup (Max at Slow Process Corner)
  Data Path Delay:        2.057ns  (logic 0.124ns (6.028%)  route 1.933ns (93.972%))
  Logic Levels:           1  (LUT3=1)
  Clock Path Skew:        0.924ns (DCD - SCD + CPR)
    Destination Clock Delay (DCD):    0.924ns
    Source Clock Delay      (SCD):    0.000ns
    Clock Pessimism Removal (CPR):    0.000ns
  Clock Uncertainty:      0.025ns  ((TSJ^2 + TIJ^2)^1/2 + DJ) / 2 + PE
    Total System Jitter     (TSJ):    0.050ns
    Total Input Jitter      (TIJ):    0.000ns
    Discrete Jitter          (DJ):    0.000ns
    Phase Error              (PE):    0.000ns

    Location             Delay type                Incr(ns)  Path(ns)    Netlist Resource(s)
  -------------------------------------------------------------------    -------------------
                                                      0.000     0.000 r  operand_a[7] (IN)
                         net (fo=8, unset)            0.973     0.973    operand_a[7]
    SLICE_X55Y73         LUT3 (Prop_lut3_I2_O)        0.124     1.097 r  acc_out_reg_i_11/O
                         net (fo=15, routed)          0.960     2.057    A[15]
    DSP48_X1Y28          DSP48E1                                      r  acc_out_reg/A[25]
  -------------------------------------------------------------------    -------------------

                         (clock system_clk rise edge)
                                                      0.000     0.000 r  
                                                      0.000     0.000 r  clk (IN)
                         net (fo=1, unset)            0.924     0.924    clk
    DSP48_X1Y28          DSP48E1                                      r  acc_out_reg/CLK

Slack:                    inf
  Source:                 operand_a[7]
                            (input port)
  Destination:            acc_out_reg/A[26]
                            (rising edge-triggered cell DSP48E1 clocked by system_clk  {rise@0.000ns fall@5.000ns period=10.000ns})
  Path Group:             (none)
  Path Type:              Setup (Max at Slow Process Corner)
  Data Path Delay:        2.057ns  (logic 0.124ns (6.028%)  route 1.933ns (93.972%))
  Logic Levels:           1  (LUT3=1)
  Clock Path Skew:        0.924ns (DCD - SCD + CPR)
    Destination Clock Delay (DCD):    0.924ns
    Source Clock Delay      (SCD):    0.000ns
    Clock Pessimism Removal (CPR):    0.000ns
  Clock Uncertainty:      0.025ns  ((TSJ^2 + TIJ^2)^1/2 + DJ) / 2 + PE
    Total System Jitter     (TSJ):    0.050ns
    Total Input Jitter      (TIJ):    0.000ns
    Discrete Jitter          (DJ):    0.000ns
    Phase Error              (PE):    0.000ns

    Location             Delay type                Incr(ns)  Path(ns)    Netlist Resource(s)
  -------------------------------------------------------------------    -------------------
                                                      0.000     0.000 r  operand_a[7] (IN)
                         net (fo=8, unset)            0.973     0.973    operand_a[7]
    SLICE_X55Y73         LUT3 (Prop_lut3_I2_O)        0.124     1.097 r  acc_out_reg_i_11/O
                         net (fo=15, routed)          0.960     2.057    A[15]
    DSP48_X1Y28          DSP48E1                                      r  acc_out_reg/A[26]
  -------------------------------------------------------------------    -------------------

                         (clock system_clk rise edge)
                                                      0.000     0.000 r  
                                                      0.000     0.000 r  clk (IN)
                         net (fo=1, unset)            0.924     0.924    clk
    DSP48_X1Y28          DSP48E1                                      r  acc_out_reg/CLK

Slack:                    inf
  Source:                 operand_a[7]
                            (input port)
  Destination:            acc_out_reg/A[27]
                            (rising edge-triggered cell DSP48E1 clocked by system_clk  {rise@0.000ns fall@5.000ns period=10.000ns})
  Path Group:             (none)
  Path Type:              Setup (Max at Slow Process Corner)
  Data Path Delay:        2.057ns  (logic 0.124ns (6.028%)  route 1.933ns (93.972%))
  Logic Levels:           1  (LUT3=1)
  Clock Path Skew:        0.924ns (DCD - SCD + CPR)
    Destination Clock Delay (DCD):    0.924ns
    Source Clock Delay      (SCD):    0.000ns
    Clock Pessimism Removal (CPR):    0.000ns
  Clock Uncertainty:      0.025ns  ((TSJ^2 + TIJ^2)^1/2 + DJ) / 2 + PE
    Total System Jitter     (TSJ):    0.050ns
    Total Input Jitter      (TIJ):    0.000ns
    Discrete Jitter          (DJ):    0.000ns
    Phase Error              (PE):    0.000ns

    Location             Delay type                Incr(ns)  Path(ns)    Netlist Resource(s)
  -------------------------------------------------------------------    -------------------
                                                      0.000     0.000 r  operand_a[7] (IN)
                         net (fo=8, unset)            0.973     0.973    operand_a[7]
    SLICE_X55Y73         LUT3 (Prop_lut3_I2_O)        0.124     1.097 r  acc_out_reg_i_11/O
                         net (fo=15, routed)          0.960     2.057    A[15]
    DSP48_X1Y28          DSP48E1                                      r  acc_out_reg/A[27]
  -------------------------------------------------------------------    -------------------

                         (clock system_clk rise edge)
                                                      0.000     0.000 r  
                                                      0.000     0.000 r  clk (IN)
                         net (fo=1, unset)            0.924     0.924    clk
    DSP48_X1Y28          DSP48E1                                      r  acc_out_reg/CLK

Slack:                    inf
  Source:                 operand_a[7]
                            (input port)
  Destination:            acc_out_reg/A[28]
                            (rising edge-triggered cell DSP48E1 clocked by system_clk  {rise@0.000ns fall@5.000ns period=10.000ns})
  Path Group:             (none)
  Path Type:              Setup (Max at Slow Process Corner)
  Data Path Delay:        1.880ns  (logic 0.124ns (6.596%)  route 1.756ns (93.404%))
  Logic Levels:           1  (LUT3=1)
  Clock Path Skew:        0.924ns (DCD - SCD + CPR)
    Destination Clock Delay (DCD):    0.924ns
    Source Clock Delay      (SCD):    0.000ns
    Clock Pessimism Removal (CPR):    0.000ns
  Clock Uncertainty:      0.025ns  ((TSJ^2 + TIJ^2)^1/2 + DJ) / 2 + PE
    Total System Jitter     (TSJ):    0.050ns
    Total Input Jitter      (TIJ):    0.000ns
    Discrete Jitter          (DJ):    0.000ns
    Phase Error              (PE):    0.000ns

    Location             Delay type                Incr(ns)  Path(ns)    Netlist Resource(s)
  -------------------------------------------------------------------    -------------------
                                                      0.000     0.000 r  operand_a[7] (IN)
                         net (fo=8, unset)            0.973     0.973    operand_a[7]
    SLICE_X55Y73         LUT3 (Prop_lut3_I2_O)        0.124     1.097 r  acc_out_reg_i_11/O
                         net (fo=15, routed)          0.783     1.880    A[15]
    DSP48_X1Y28          DSP48E1                                      r  acc_out_reg/A[28]
  -------------------------------------------------------------------    -------------------

                         (clock system_clk rise edge)
                                                      0.000     0.000 r  
                                                      0.000     0.000 r  clk (IN)
                         net (fo=1, unset)            0.924     0.924    clk
    DSP48_X1Y28          DSP48E1                                      r  acc_out_reg/CLK





