Copyright 1986-2022 Xilinx, Inc. All Rights Reserved. Copyright 2022-2025 Advanced Micro Devices, Inc. All Rights Reserved.
---------------------------------------------------------------------------------------------------------------------------------------------------------------------------------------------------
| Tool Version : Vivado v.2025.2 (win64) Build 6299465 Fri Nov 14 19:35:11 GMT 2025
| Date         : Sun Aug 23 19:07:36 2026
| Host         : Deepan running 64-bit major release  (build 9200)
| Command      : report_timing_summary -delay_type max -max_paths 10 -report_unconstrained -check_timing_verbose -file C:/Users/Deepan08/Desktop/MAC_V/results/vivado/mac_int16/timing_summary.rpt
| Design       : mac_int16
| Device       : 7a35t-cpg236
| Speed File   : -1  PRODUCTION 1.23 2018-06-13
| Design State : Routed
---------------------------------------------------------------------------------------------------------------------------------------------------------------------------------------------------

Timing Summary Report

------------------------------------------------------------------------------------------------
| Timer Settings
| --------------
------------------------------------------------------------------------------------------------

  Enable Multi Corner Analysis               :  Yes
  Enable Pessimism Removal                   :  Yes
  Pessimism Removal Resolution               :  Nearest Common Node
  Enable Input Delay Default Clock           :  No
  Enable Preset / Clear Arcs                 :  No
  Disable Flight Delays                      :  No
  Ignore I/O Paths                           :  No
  Timing Early Launch at Borrowing Latches   :  No
  Borrow Time for Max Delay Exceptions       :  Yes
  Merge Timing Exceptions                    :  Yes
  Inter-SLR Compensation                     :  Conservative

  Corner  Analyze    Analyze    
  Name    Max Paths  Min Paths  
  ------  ---------  ---------  
  Slow    Yes        Yes        
  Fast    Yes        Yes        


------------------------------------------------------------------------------------------------
| Report Methodology
| ------------------
------------------------------------------------------------------------------------------------

Rule       Severity  Description                    Violations  
---------  --------  -----------------------------  ----------  
TIMING-18  Warning   Missing input or output delay  85          

Note: This report is based on the most recent report_methodology run and may not be up-to-date. Run report_methodology on the current design for the latest report.



check_timing report

Table of Contents
-----------------
1. checking no_clock (0)
2. checking constant_clock (0)
3. checking pulse_width_clock (0)
4. checking unconstrained_internal_endpoints (0)
5. checking no_input_delay (36)
6. checking no_output_delay (49)
7. checking multiple_clock (0)
8. checking generated_clocks (0)
9. checking loops (0)
10. checking partial_input_delay (0)
11. checking partial_output_delay (0)
12. checking latch_loops (0)

1. checking no_clock (0)
------------------------
 There are 0 register/latch pins with no clock.


2. checking constant_clock (0)
------------------------------
 There are 0 register/latch pins with constant_clock.


3. checking pulse_width_clock (0)
---------------------------------
 There are 0 register/latch pins which need pulse_width check


4. checking unconstrained_internal_endpoints (0)
------------------------------------------------
 There are 0 pins that are not constrained for maximum delay.

 There are 0 pins that are not constrained for maximum delay due to constant clock.


5. checking no_input_delay (36)
-------------------------------
 There are 36 input ports with no input delay specified. (HIGH)

a[0]
a[10]
a[11]
a[12]
a[13]
a[14]
a[15]
a[1]
a[2]
a[3]
a[4]
a[5]
a[6]
a[7]
a[8]
a[9]
b[0]
b[10]
b[11]
b[12]
b[13]
b[14]
b[15]
b[1]
b[2]
b[3]
b[4]
b[5]
b[6]
b[7]
b[8]
b[9]
clear_acc
enable
rst_n
valid_in

 There are 0 input ports with no input delay but user has a false path constraint.


6. checking no_output_delay (49)
--------------------------------
 There are 49 ports with no output delay specified. (HIGH)

acc_out[0]
acc_out[10]
acc_out[11]
acc_out[12]
acc_out[13]
acc_out[14]
acc_out[15]
acc_out[16]
acc_out[17]
acc_out[18]
acc_out[19]
acc_out[1]
acc_out[20]
acc_out[21]
acc_out[22]
acc_out[23]
acc_out[24]
acc_out[25]
acc_out[26]
acc_out[27]
acc_out[28]
acc_out[29]
acc_out[2]
acc_out[30]
acc_out[31]
acc_out[32]
acc_out[33]
acc_out[34]
acc_out[35]
acc_out[36]
acc_out[37]
acc_out[38]
acc_out[39]
acc_out[3]
acc_out[40]
acc_out[41]
acc_out[42]
acc_out[43]
acc_out[44]
acc_out[45]
acc_out[46]
acc_out[47]
acc_out[4]
acc_out[5]
acc_out[6]
acc_out[7]
acc_out[8]
acc_out[9]
valid_out

 There are 0 ports with no output delay but user has a false path constraint

 There are 0 ports with no output delay but with a timing clock defined on it or propagating through it


7. checking multiple_clock (0)
------------------------------
 There are 0 register/latch pins with multiple clocks.


8. checking generated_clocks (0)
--------------------------------
 There are 0 generated clocks that are not connected to a clock source.


9. checking loops (0)
---------------------
 There are 0 combinational loops in the design.


10. checking partial_input_delay (0)
------------------------------------
 There are 0 input ports with partial input delay specified.


11. checking partial_output_delay (0)
-------------------------------------
 There are 0 ports with partial output delay specified.


12. checking latch_loops (0)
----------------------------
 There are 0 combinational latch loops in the design through latch input



------------------------------------------------------------------------------------------------
| Design Timing Summary
| ---------------------
------------------------------------------------------------------------------------------------

    WNS(ns)      TNS(ns)  TNS Failing Endpoints  TNS Total Endpoints     WPWS(ns)     TPWS(ns)  TPWS Failing Endpoints  TPWS Total Endpoints  
    -------      -------  ---------------------  -------------------     --------     --------  ----------------------  --------------------  
        inf        0.000                      0                  100        4.500        0.000                       0                     2  


All user specified timing constraints are met.


------------------------------------------------------------------------------------------------
| Clock Summary
| -------------
------------------------------------------------------------------------------------------------

Clock       Waveform(ns)       Period(ns)      Frequency(MHz)
-----       ------------       ----------      --------------
system_clk  {0.000 5.000}      10.000          100.000         


------------------------------------------------------------------------------------------------
| Intra Clock Table
| -----------------
------------------------------------------------------------------------------------------------

Clock             WNS(ns)      TNS(ns)  TNS Failing Endpoints  TNS Total Endpoints     WPWS(ns)     TPWS(ns)  TPWS Failing Endpoints  TPWS Total Endpoints  
-----             -------      -------  ---------------------  -------------------     --------     --------  ----------------------  --------------------  
system_clk                                                                                4.500        0.000                       0                     2  


------------------------------------------------------------------------------------------------
| Inter Clock Table
| -----------------
------------------------------------------------------------------------------------------------

From Clock    To Clock          WNS(ns)      TNS(ns)  TNS Failing Endpoints  TNS Total Endpoints  
----------    --------          -------      -------  ---------------------  -------------------  


------------------------------------------------------------------------------------------------
| Other Path Groups Table
| -----------------------
------------------------------------------------------------------------------------------------

Path Group    From Clock    To Clock          WNS(ns)      TNS(ns)  TNS Failing Endpoints  TNS Total Endpoints  
----------    ----------    --------          -------      -------  ---------------------  -------------------  


------------------------------------------------------------------------------------------------
| User Ignored Path Table
| -----------------------
------------------------------------------------------------------------------------------------

Path Group    From Clock    To Clock    
----------    ----------    --------    


------------------------------------------------------------------------------------------------
| Unconstrained Path Table
| ------------------------
------------------------------------------------------------------------------------------------

Path Group    From Clock    To Clock    
----------    ----------    --------    
(none)        system_clk                  
(none)                      system_clk    


------------------------------------------------------------------------------------------------
| Timing Details
| --------------
------------------------------------------------------------------------------------------------


---------------------------------------------------------------------------------------------------
From Clock:  system_clk
  To Clock:  system_clk

Setup :           NA  Failing Endpoints,  Worst Slack           NA  ,  Total Violation           NA
Hold  :           NA  Failing Endpoints,  Worst Slack           NA  ,  Total Violation           NA
PW    :            0  Failing Endpoints,  Worst Slack        4.500ns,  Total Violation        0.000ns
---------------------------------------------------------------------------------------------------


Pulse Width Checks
--------------------------------------------------------------------------------------
Clock Name:         system_clk
Waveform(ns):       { 0.000 5.000 }
Period(ns):         10.000
Sources:            { clk }

Check Type        Corner  Lib Pin      Reference Pin  Required(ns)  Actual(ns)  Slack(ns)  Location      Pin
Min Period        n/a     DSP48E1/CLK  n/a            2.154         10.000      7.846      DSP48_X1Y28   acc_out_reg/CLK
Min Period        n/a     FDRE/C       n/a            1.000         10.000      9.000      SLICE_X36Y75  valid_out_reg/C
Low Pulse Width   Slow    FDRE/C       n/a            0.500         5.000       4.500      SLICE_X36Y75  valid_out_reg/C
Low Pulse Width   Fast    FDRE/C       n/a            0.500         5.000       4.500      SLICE_X36Y75  valid_out_reg/C
High Pulse Width  Slow    FDRE/C       n/a            0.500         5.000       4.500      SLICE_X36Y75  valid_out_reg/C
High Pulse Width  Fast    FDRE/C       n/a            0.500         5.000       4.500      SLICE_X36Y75  valid_out_reg/C



--------------------------------------------------------------------------------------
Path Group:  (none)
From Clock:  system_clk
  To Clock:  

Max Delay            49 Endpoints
Min Delay             0 Endpoints
--------------------------------------------------------------------------------------


Max Delay Paths
--------------------------------------------------------------------------------------
Slack:                    inf
  Source:                 valid_out_reg/C
                            (rising edge-triggered cell FDRE clocked by system_clk  {rise@0.000ns fall@5.000ns period=10.000ns})
  Destination:            valid_out
                            (output port)
  Path Group:             (none)
  Path Type:              Max at Slow Process Corner
  Data Path Delay:        1.429ns  (logic 0.456ns (31.910%)  route 0.973ns (68.090%))
  Logic Levels:           0  
  Clock Uncertainty:      0.025ns  ((TSJ^2 + TIJ^2)^1/2 + DJ) / 2 + PE
    Total System Jitter     (TSJ):    0.050ns
    Total Input Jitter      (TIJ):    0.000ns
    Discrete Jitter          (DJ):    0.000ns
    Phase Error              (PE):    0.000ns

    Location             Delay type                Incr(ns)  Path(ns)    Netlist Resource(s)
  -------------------------------------------------------------------    -------------------
                         (clock system_clk rise edge)
                                                      0.000     0.000 r  
                                                      0.000     0.000 r  clk (IN)
                         net (fo=1, unset)            0.973     0.973    clk
    SLICE_X36Y75         FDRE                                         r  valid_out_reg/C
  -------------------------------------------------------------------    -------------------
    SLICE_X36Y75         FDRE (Prop_fdre_C_Q)         0.456     1.429 r  valid_out_reg/Q
                         net (fo=0)                   0.973     2.402    valid_out
                                                                      r  valid_out (OUT)
  -------------------------------------------------------------------    -------------------

Slack:                    inf
  Source:                 acc_out_reg/CLK
                            (rising edge-triggered cell DSP48E1 clocked by system_clk  {rise@0.000ns fall@5.000ns period=10.000ns})
  Destination:            acc_out[0]
                            (output port)
  Path Group:             (none)
  Path Type:              Max at Slow Process Corner
  Data Path Delay:        1.407ns  (logic 0.434ns (30.846%)  route 0.973ns (69.154%))
  Logic Levels:           0  
  Clock Uncertainty:      0.025ns  ((TSJ^2 + TIJ^2)^1/2 + DJ) / 2 + PE
    Total System Jitter     (TSJ):    0.050ns
    Total Input Jitter      (TIJ):    0.000ns
    Discrete Jitter          (DJ):    0.000ns
    Phase Error              (PE):    0.000ns

    Location             Delay type                Incr(ns)  Path(ns)    Netlist Resource(s)
  -------------------------------------------------------------------    -------------------
                         (clock system_clk rise edge)
                                                      0.000     0.000 r  
                                                      0.000     0.000 r  clk (IN)
                         net (fo=1, unset)            0.973     0.973    clk
    DSP48_X1Y28          DSP48E1                                      r  acc_out_reg/CLK
  -------------------------------------------------------------------    -------------------
    DSP48_X1Y28          DSP48E1 (Prop_dsp48e1_CLK_P[0])
                                                      0.434     1.407 r  acc_out_reg/P[0]
                         net (fo=0)                   0.973     2.380    acc_out[0]
                                                                      r  acc_out[0] (OUT)
  -------------------------------------------------------------------    -------------------

Slack:                    inf
  Source:                 acc_out_reg/CLK
                            (rising edge-triggered cell DSP48E1 clocked by system_clk  {rise@0.000ns fall@5.000ns period=10.000ns})
  Destination:            acc_out[10]
                            (output port)
  Path Group:             (none)
  Path Type:              Max at Slow Process Corner
  Data Path Delay:        1.407ns  (logic 0.434ns (30.846%)  route 0.973ns (69.154%))
  Logic Levels:           0  
  Clock Uncertainty:      0.025ns  ((TSJ^2 + TIJ^2)^1/2 + DJ) / 2 + PE
    Total System Jitter     (TSJ):    0.050ns
    Total Input Jitter      (TIJ):    0.000ns
    Discrete Jitter          (DJ):    0.000ns
    Phase Error              (PE):    0.000ns

    Location             Delay type                Incr(ns)  Path(ns)    Netlist Resource(s)
  -------------------------------------------------------------------    -------------------
                         (clock system_clk rise edge)
                                                      0.000     0.000 r  
                                                      0.000     0.000 r  clk (IN)
                         net (fo=1, unset)            0.973     0.973    clk
    DSP48_X1Y28          DSP48E1                                      r  acc_out_reg/CLK
  -------------------------------------------------------------------    -------------------
    DSP48_X1Y28          DSP48E1 (Prop_dsp48e1_CLK_P[10])
                                                      0.434     1.407 r  acc_out_reg/P[10]
                         net (fo=0)                   0.973     2.380    acc_out[10]
                                                                      r  acc_out[10] (OUT)
  -------------------------------------------------------------------    -------------------

Slack:                    inf
  Source:                 acc_out_reg/CLK
                            (rising edge-triggered cell DSP48E1 clocked by system_clk  {rise@0.000ns fall@5.000ns period=10.000ns})
  Destination:            acc_out[11]
                            (output port)
  Path Group:             (none)
  Path Type:              Max at Slow Process Corner
  Data Path Delay:        1.407ns  (logic 0.434ns (30.846%)  route 0.973ns (69.154%))
  Logic Levels:           0  
  Clock Uncertainty:      0.025ns  ((TSJ^2 + TIJ^2)^1/2 + DJ) / 2 + PE
    Total System Jitter     (TSJ):    0.050ns
    Total Input Jitter      (TIJ):    0.000ns
    Discrete Jitter          (DJ):    0.000ns
    Phase Error              (PE):    0.000ns

    Location             Delay type                Incr(ns)  Path(ns)    Netlist Resource(s)
  -------------------------------------------------------------------    -------------------
                         (clock system_clk rise edge)
                                                      0.000     0.000 r  
                                                      0.000     0.000 r  clk (IN)
                         net (fo=1, unset)            0.973     0.973    clk
    DSP48_X1Y28          DSP48E1                                      r  acc_out_reg/CLK
  -------------------------------------------------------------------    -------------------
    DSP48_X1Y28          DSP48E1 (Prop_dsp48e1_CLK_P[11])
                                                      0.434     1.407 r  acc_out_reg/P[11]
                         net (fo=0)                   0.973     2.380    acc_out[11]
                                                                      r  acc_out[11] (OUT)
  -------------------------------------------------------------------    -------------------

Slack:                    inf
  Source:                 acc_out_reg/CLK
                            (rising edge-triggered cell DSP48E1 clocked by system_clk  {rise@0.000ns fall@5.000ns period=10.000ns})
  Destination:            acc_out[12]
                            (output port)
  Path Group:             (none)
  Path Type:              Max at Slow Process Corner
  Data Path Delay:        1.407ns  (logic 0.434ns (30.846%)  route 0.973ns (69.154%))
  Logic Levels:           0  
  Clock Uncertainty:      0.025ns  ((TSJ^2 + TIJ^2)^1/2 + DJ) / 2 + PE
    Total System Jitter     (TSJ):    0.050ns
    Total Input Jitter      (TIJ):    0.000ns
    Discrete Jitter          (DJ):    0.000ns
    Phase Error              (PE):    0.000ns

    Location             Delay type                Incr(ns)  Path(ns)    Netlist Resource(s)
  -------------------------------------------------------------------    -------------------
                         (clock system_clk rise edge)
                                                      0.000     0.000 r  
                                                      0.000     0.000 r  clk (IN)
                         net (fo=1, unset)            0.973     0.973    clk
    DSP48_X1Y28          DSP48E1                                      r  acc_out_reg/CLK
  -------------------------------------------------------------------    -------------------
    DSP48_X1Y28          DSP48E1 (Prop_dsp48e1_CLK_P[12])
                                                      0.434     1.407 r  acc_out_reg/P[12]
                         net (fo=0)                   0.973     2.380    acc_out[12]
                                                                      r  acc_out[12] (OUT)
  -------------------------------------------------------------------    -------------------

Slack:                    inf
  Source:                 acc_out_reg/CLK
                            (rising edge-triggered cell DSP48E1 clocked by system_clk  {rise@0.000ns fall@5.000ns period=10.000ns})
  Destination:            acc_out[13]
                            (output port)
  Path Group:             (none)
  Path Type:              Max at Slow Process Corner
  Data Path Delay:        1.407ns  (logic 0.434ns (30.846%)  route 0.973ns (69.154%))
  Logic Levels:           0  
  Clock Uncertainty:      0.025ns  ((TSJ^2 + TIJ^2)^1/2 + DJ) / 2 + PE
    Total System Jitter     (TSJ):    0.050ns
    Total Input Jitter      (TIJ):    0.000ns
    Discrete Jitter          (DJ):    0.000ns
    Phase Error              (PE):    0.000ns

    Location             Delay type                Incr(ns)  Path(ns)    Netlist Resource(s)
  -------------------------------------------------------------------    -------------------
                         (clock system_clk rise edge)
                                                      0.000     0.000 r  
                                                      0.000     0.000 r  clk (IN)
                         net (fo=1, unset)            0.973     0.973    clk
    DSP48_X1Y28          DSP48E1                                      r  acc_out_reg/CLK
  -------------------------------------------------------------------    -------------------
    DSP48_X1Y28          DSP48E1 (Prop_dsp48e1_CLK_P[13])
                                                      0.434     1.407 r  acc_out_reg/P[13]
                         net (fo=0)                   0.973     2.380    acc_out[13]
                                                                      r  acc_out[13] (OUT)
  -------------------------------------------------------------------    -------------------

Slack:                    inf
  Source:                 acc_out_reg/CLK
                            (rising edge-triggered cell DSP48E1 clocked by system_clk  {rise@0.000ns fall@5.000ns period=10.000ns})
  Destination:            acc_out[14]
                            (output port)
  Path Group:             (none)
  Path Type:              Max at Slow Process Corner
  Data Path Delay:        1.407ns  (logic 0.434ns (30.846%)  route 0.973ns (69.154%))
  Logic Levels:           0  
  Clock Uncertainty:      0.025ns  ((TSJ^2 + TIJ^2)^1/2 + DJ) / 2 + PE
    Total System Jitter     (TSJ):    0.050ns
    Total Input Jitter      (TIJ):    0.000ns
    Discrete Jitter          (DJ):    0.000ns
    Phase Error              (PE):    0.000ns

    Location             Delay type                Incr(ns)  Path(ns)    Netlist Resource(s)
  -------------------------------------------------------------------    -------------------
                         (clock system_clk rise edge)
                                                      0.000     0.000 r  
                                                      0.000     0.000 r  clk (IN)
                         net (fo=1, unset)            0.973     0.973    clk
    DSP48_X1Y28          DSP48E1                                      r  acc_out_reg/CLK
  -------------------------------------------------------------------    -------------------
    DSP48_X1Y28          DSP48E1 (Prop_dsp48e1_CLK_P[14])
                                                      0.434     1.407 r  acc_out_reg/P[14]
                         net (fo=0)                   0.973     2.380    acc_out[14]
                                                                      r  acc_out[14] (OUT)
  -------------------------------------------------------------------    -------------------

Slack:                    inf
  Source:                 acc_out_reg/CLK
                            (rising edge-triggered cell DSP48E1 clocked by system_clk  {rise@0.000ns fall@5.000ns period=10.000ns})
  Destination:            acc_out[15]
                            (output port)
  Path Group:             (none)
  Path Type:              Max at Slow Process Corner
  Data Path Delay:        1.407ns  (logic 0.434ns (30.846%)  route 0.973ns (69.154%))
  Logic Levels:           0  
  Clock Uncertainty:      0.025ns  ((TSJ^2 + TIJ^2)^1/2 + DJ) / 2 + PE
    Total System Jitter     (TSJ):    0.050ns
    Total Input Jitter      (TIJ):    0.000ns
    Discrete Jitter          (DJ):    0.000ns
    Phase Error              (PE):    0.000ns

    Location             Delay type                Incr(ns)  Path(ns)    Netlist Resource(s)
  -------------------------------------------------------------------    -------------------
                         (clock system_clk rise edge)
                                                      0.000     0.000 r  
                                                      0.000     0.000 r  clk (IN)
                         net (fo=1, unset)            0.973     0.973    clk
    DSP48_X1Y28          DSP48E1                                      r  acc_out_reg/CLK
  -------------------------------------------------------------------    -------------------
    DSP48_X1Y28          DSP48E1 (Prop_dsp48e1_CLK_P[15])
                                                      0.434     1.407 r  acc_out_reg/P[15]
                         net (fo=0)                   0.973     2.380    acc_out[15]
                                                                      r  acc_out[15] (OUT)
  -------------------------------------------------------------------    -------------------

Slack:                    inf
  Source:                 acc_out_reg/CLK
                            (rising edge-triggered cell DSP48E1 clocked by system_clk  {rise@0.000ns fall@5.000ns period=10.000ns})
  Destination:            acc_out[16]
                            (output port)
  Path Group:             (none)
  Path Type:              Max at Slow Process Corner
  Data Path Delay:        1.407ns  (logic 0.434ns (30.846%)  route 0.973ns (69.154%))
  Logic Levels:           0  
  Clock Uncertainty:      0.025ns  ((TSJ^2 + TIJ^2)^1/2 + DJ) / 2 + PE
    Total System Jitter     (TSJ):    0.050ns
    Total Input Jitter      (TIJ):    0.000ns
    Discrete Jitter          (DJ):    0.000ns
    Phase Error              (PE):    0.000ns

    Location             Delay type                Incr(ns)  Path(ns)    Netlist Resource(s)
  -------------------------------------------------------------------    -------------------
                         (clock system_clk rise edge)
                                                      0.000     0.000 r  
                                                      0.000     0.000 r  clk (IN)
                         net (fo=1, unset)            0.973     0.973    clk
    DSP48_X1Y28          DSP48E1                                      r  acc_out_reg/CLK
  -------------------------------------------------------------------    -------------------
    DSP48_X1Y28          DSP48E1 (Prop_dsp48e1_CLK_P[16])
                                                      0.434     1.407 r  acc_out_reg/P[16]
                         net (fo=0)                   0.973     2.380    acc_out[16]
                                                                      r  acc_out[16] (OUT)
  -------------------------------------------------------------------    -------------------

Slack:                    inf
  Source:                 acc_out_reg/CLK
                            (rising edge-triggered cell DSP48E1 clocked by system_clk  {rise@0.000ns fall@5.000ns period=10.000ns})
  Destination:            acc_out[17]
                            (output port)
  Path Group:             (none)
  Path Type:              Max at Slow Process Corner
  Data Path Delay:        1.407ns  (logic 0.434ns (30.846%)  route 0.973ns (69.154%))
  Logic Levels:           0  
  Clock Uncertainty:      0.025ns  ((TSJ^2 + TIJ^2)^1/2 + DJ) / 2 + PE
    Total System Jitter     (TSJ):    0.050ns
    Total Input Jitter      (TIJ):    0.000ns
    Discrete Jitter          (DJ):    0.000ns
    Phase Error              (PE):    0.000ns

    Location             Delay type                Incr(ns)  Path(ns)    Netlist Resource(s)
  -------------------------------------------------------------------    -------------------
                         (clock system_clk rise edge)
                                                      0.000     0.000 r  
                                                      0.000     0.000 r  clk (IN)
                         net (fo=1, unset)            0.973     0.973    clk
    DSP48_X1Y28          DSP48E1                                      r  acc_out_reg/CLK
  -------------------------------------------------------------------    -------------------
    DSP48_X1Y28          DSP48E1 (Prop_dsp48e1_CLK_P[17])
                                                      0.434     1.407 r  acc_out_reg/P[17]
                         net (fo=0)                   0.973     2.380    acc_out[17]
                                                                      r  acc_out[17] (OUT)
  -------------------------------------------------------------------    -------------------





--------------------------------------------------------------------------------------
Path Group:  (none)
From Clock:  
  To Clock:  system_clk

Max Delay            51 Endpoints
Min Delay             0 Endpoints
--------------------------------------------------------------------------------------


Max Delay Paths
--------------------------------------------------------------------------------------
Slack:                    inf
  Source:                 rst_n
                            (input port)
  Destination:            acc_out_reg/RSTP
                            (rising edge-triggered cell DSP48E1 clocked by system_clk  {rise@0.000ns fall@5.000ns period=10.000ns})
  Path Group:             (none)
  Path Type:              Setup (Max at Slow Process Corner)
  Data Path Delay:        1.729ns  (logic 0.124ns (7.171%)  route 1.605ns (92.829%))
  Logic Levels:           1  (LUT2=1)
  Clock Path Skew:        0.924ns (DCD - SCD + CPR)
    Destination Clock Delay (DCD):    0.924ns
    Source Clock Delay      (SCD):    0.000ns
    Clock Pessimism Removal (CPR):    0.000ns
  Clock Uncertainty:      0.025ns  ((TSJ^2 + TIJ^2)^1/2 + DJ) / 2 + PE
    Total System Jitter     (TSJ):    0.050ns
    Total Input Jitter      (TIJ):    0.000ns
    Discrete Jitter          (DJ):    0.000ns
    Phase Error              (PE):    0.000ns

    Location             Delay type                Incr(ns)  Path(ns)    Netlist Resource(s)
  -------------------------------------------------------------------    -------------------
                                                      0.000     0.000 f  rst_n (IN)
                         net (fo=1, unset)            0.973     0.973    rst_n
    SLICE_X54Y70         LUT2 (Prop_lut2_I1_O)        0.124     1.097 r  acc_out_reg_i_2/O
                         net (fo=1, routed)           0.632     1.729    RSTP
    DSP48_X1Y28          DSP48E1                                      r  acc_out_reg/RSTP
  -------------------------------------------------------------------    -------------------

                         (clock system_clk rise edge)
                                                      0.000     0.000 r  
                                                      0.000     0.000 r  clk (IN)
                         net (fo=1, unset)            0.924     0.924    clk
    DSP48_X1Y28          DSP48E1                                      r  acc_out_reg/CLK

Slack:                    inf
  Source:                 valid_in
                            (input port)
  Destination:            acc_out_reg/CEP
                            (rising edge-triggered cell DSP48E1 clocked by system_clk  {rise@0.000ns fall@5.000ns period=10.000ns})
  Path Group:             (none)
  Path Type:              Setup (Max at Slow Process Corner)
  Data Path Delay:        1.381ns  (logic 0.124ns (8.976%)  route 1.257ns (91.024%))
  Logic Levels:           1  (LUT2=1)
  Clock Path Skew:        0.924ns (DCD - SCD + CPR)
    Destination Clock Delay (DCD):    0.924ns
    Source Clock Delay      (SCD):    0.000ns
    Clock Pessimism Removal (CPR):    0.000ns
  Clock Uncertainty:      0.025ns  ((TSJ^2 + TIJ^2)^1/2 + DJ) / 2 + PE
    Total System Jitter     (TSJ):    0.050ns
    Total Input Jitter      (TIJ):    0.000ns
    Discrete Jitter          (DJ):    0.000ns
    Phase Error              (PE):    0.000ns

    Location             Delay type                Incr(ns)  Path(ns)    Netlist Resource(s)
  -------------------------------------------------------------------    -------------------
                                                      0.000     0.000 r  valid_in (IN)
                         net (fo=1, unset)            0.973     0.973    valid_in
    SLICE_X54Y72         LUT2 (Prop_lut2_I1_O)        0.124     1.097 r  acc_out_reg_i_1/O
                         net (fo=1, routed)           0.284     1.381    acc_out_reg_i_1_n_0
    DSP48_X1Y28          DSP48E1                                      r  acc_out_reg/CEP
  -------------------------------------------------------------------    -------------------

                         (clock system_clk rise edge)
                                                      0.000     0.000 r  
                                                      0.000     0.000 r  clk (IN)
                         net (fo=1, unset)            0.924     0.924    clk
    DSP48_X1Y28          DSP48E1                                      r  acc_out_reg/CLK

Slack:                    inf
  Source:                 clear_acc
                            (input port)
  Destination:            valid_out_reg/D
                            (rising edge-triggered cell FDRE clocked by system_clk  {rise@0.000ns fall@5.000ns period=10.000ns})
  Path Group:             (none)
  Path Type:              Setup (Max at Slow Process Corner)
  Data Path Delay:        1.097ns  (logic 0.124ns (11.304%)  route 0.973ns (88.696%))
  Logic Levels:           1  (LUT4=1)
  Clock Path Skew:        0.924ns (DCD - SCD + CPR)
    Destination Clock Delay (DCD):    0.924ns
    Source Clock Delay      (SCD):    0.000ns
    Clock Pessimism Removal (CPR):    0.000ns
  Clock Uncertainty:      0.025ns  ((TSJ^2 + TIJ^2)^1/2 + DJ) / 2 + PE
    Total System Jitter     (TSJ):    0.050ns
    Total Input Jitter      (TIJ):    0.000ns
    Discrete Jitter          (DJ):    0.000ns
    Phase Error              (PE):    0.000ns

    Location             Delay type                Incr(ns)  Path(ns)    Netlist Resource(s)
  -------------------------------------------------------------------    -------------------
                                                      0.000     0.000 f  clear_acc (IN)
                         net (fo=1, unset)            0.973     0.973    clear_acc
    SLICE_X36Y75         LUT4 (Prop_lut4_I3_O)        0.124     1.097 r  valid_out_i_1/O
                         net (fo=1, routed)           0.000     1.097    valid_out_i_1_n_0
    SLICE_X36Y75         FDRE                                         r  valid_out_reg/D
  -------------------------------------------------------------------    -------------------

                         (clock system_clk rise edge)
                                                      0.000     0.000 r  
                                                      0.000     0.000 r  clk (IN)
                         net (fo=1, unset)            0.924     0.924    clk
    SLICE_X36Y75         FDRE                                         r  valid_out_reg/C

Slack:                    inf
  Source:                 a[0]
                            (input port)
  Destination:            acc_out_reg/A[0]
                            (rising edge-triggered cell DSP48E1 clocked by system_clk  {rise@0.000ns fall@5.000ns period=10.000ns})
  Path Group:             (none)
  Path Type:              Setup (Max at Slow Process Corner)
  Data Path Delay:        0.973ns  (logic 0.000ns (0.000%)  route 0.973ns (100.000%))
  Logic Levels:           0  
  Clock Path Skew:        0.924ns (DCD - SCD + CPR)
    Destination Clock Delay (DCD):    0.924ns
    Source Clock Delay      (SCD):    0.000ns
    Clock Pessimism Removal (CPR):    0.000ns
  Clock Uncertainty:      0.025ns  ((TSJ^2 + TIJ^2)^1/2 + DJ) / 2 + PE
    Total System Jitter     (TSJ):    0.050ns
    Total Input Jitter      (TIJ):    0.000ns
    Discrete Jitter          (DJ):    0.000ns
    Phase Error              (PE):    0.000ns

    Location             Delay type                Incr(ns)  Path(ns)    Netlist Resource(s)
  -------------------------------------------------------------------    -------------------
                                                      0.000     0.000 r  a[0] (IN)
                         net (fo=0)                   0.973     0.973    a[0]
    DSP48_X1Y28          DSP48E1                                      r  acc_out_reg/A[0]
  -------------------------------------------------------------------    -------------------

                         (clock system_clk rise edge)
                                                      0.000     0.000 r  
                                                      0.000     0.000 r  clk (IN)
                         net (fo=1, unset)            0.924     0.924    clk
    DSP48_X1Y28          DSP48E1                                      r  acc_out_reg/CLK

Slack:                    inf
  Source:                 a[10]
                            (input port)
  Destination:            acc_out_reg/A[10]
                            (rising edge-triggered cell DSP48E1 clocked by system_clk  {rise@0.000ns fall@5.000ns period=10.000ns})
  Path Group:             (none)
  Path Type:              Setup (Max at Slow Process Corner)
  Data Path Delay:        0.973ns  (logic 0.000ns (0.000%)  route 0.973ns (100.000%))
  Logic Levels:           0  
  Clock Path Skew:        0.924ns (DCD - SCD + CPR)
    Destination Clock Delay (DCD):    0.924ns
    Source Clock Delay      (SCD):    0.000ns
    Clock Pessimism Removal (CPR):    0.000ns
  Clock Uncertainty:      0.025ns  ((TSJ^2 + TIJ^2)^1/2 + DJ) / 2 + PE
    Total System Jitter     (TSJ):    0.050ns
    Total Input Jitter      (TIJ):    0.000ns
    Discrete Jitter          (DJ):    0.000ns
    Phase Error              (PE):    0.000ns

    Location             Delay type                Incr(ns)  Path(ns)    Netlist Resource(s)
  -------------------------------------------------------------------    -------------------
                                                      0.000     0.000 r  a[10] (IN)
                         net (fo=0)                   0.973     0.973    a[10]
    DSP48_X1Y28          DSP48E1                                      r  acc_out_reg/A[10]
  -------------------------------------------------------------------    -------------------

                         (clock system_clk rise edge)
                                                      0.000     0.000 r  
                                                      0.000     0.000 r  clk (IN)
                         net (fo=1, unset)            0.924     0.924    clk
    DSP48_X1Y28          DSP48E1                                      r  acc_out_reg/CLK

Slack:                    inf
  Source:                 a[11]
                            (input port)
  Destination:            acc_out_reg/A[11]
                            (rising edge-triggered cell DSP48E1 clocked by system_clk  {rise@0.000ns fall@5.000ns period=10.000ns})
  Path Group:             (none)
  Path Type:              Setup (Max at Slow Process Corner)
  Data Path Delay:        0.973ns  (logic 0.000ns (0.000%)  route 0.973ns (100.000%))
  Logic Levels:           0  
  Clock Path Skew:        0.924ns (DCD - SCD + CPR)
    Destination Clock Delay (DCD):    0.924ns
    Source Clock Delay      (SCD):    0.000ns
    Clock Pessimism Removal (CPR):    0.000ns
  Clock Uncertainty:      0.025ns  ((TSJ^2 + TIJ^2)^1/2 + DJ) / 2 + PE
    Total System Jitter     (TSJ):    0.050ns
    Total Input Jitter      (TIJ):    0.000ns
    Discrete Jitter          (DJ):    0.000ns
    Phase Error              (PE):    0.000ns

    Location             Delay type                Incr(ns)  Path(ns)    Netlist Resource(s)
  -------------------------------------------------------------------    -------------------
                                                      0.000     0.000 r  a[11] (IN)
                         net (fo=0)                   0.973     0.973    a[11]
    DSP48_X1Y28          DSP48E1                                      r  acc_out_reg/A[11]
  -------------------------------------------------------------------    -------------------

                         (clock system_clk rise edge)
                                                      0.000     0.000 r  
                                                      0.000     0.000 r  clk (IN)
                         net (fo=1, unset)            0.924     0.924    clk
    DSP48_X1Y28          DSP48E1                                      r  acc_out_reg/CLK

Slack:                    inf
  Source:                 a[12]
                            (input port)
  Destination:            acc_out_reg/A[12]
                            (rising edge-triggered cell DSP48E1 clocked by system_clk  {rise@0.000ns fall@5.000ns period=10.000ns})
  Path Group:             (none)
  Path Type:              Setup (Max at Slow Process Corner)
  Data Path Delay:        0.973ns  (logic 0.000ns (0.000%)  route 0.973ns (100.000%))
  Logic Levels:           0  
  Clock Path Skew:        0.924ns (DCD - SCD + CPR)
    Destination Clock Delay (DCD):    0.924ns
    Source Clock Delay      (SCD):    0.000ns
    Clock Pessimism Removal (CPR):    0.000ns
  Clock Uncertainty:      0.025ns  ((TSJ^2 + TIJ^2)^1/2 + DJ) / 2 + PE
    Total System Jitter     (TSJ):    0.050ns
    Total Input Jitter      (TIJ):    0.000ns
    Discrete Jitter          (DJ):    0.000ns
    Phase Error              (PE):    0.000ns

    Location             Delay type                Incr(ns)  Path(ns)    Netlist Resource(s)
  -------------------------------------------------------------------    -------------------
                                                      0.000     0.000 r  a[12] (IN)
                         net (fo=0)                   0.973     0.973    a[12]
    DSP48_X1Y28          DSP48E1                                      r  acc_out_reg/A[12]
  -------------------------------------------------------------------    -------------------

                         (clock system_clk rise edge)
                                                      0.000     0.000 r  
                                                      0.000     0.000 r  clk (IN)
                         net (fo=1, unset)            0.924     0.924    clk
    DSP48_X1Y28          DSP48E1                                      r  acc_out_reg/CLK

Slack:                    inf
  Source:                 a[13]
                            (input port)
  Destination:            acc_out_reg/A[13]
                            (rising edge-triggered cell DSP48E1 clocked by system_clk  {rise@0.000ns fall@5.000ns period=10.000ns})
  Path Group:             (none)
  Path Type:              Setup (Max at Slow Process Corner)
  Data Path Delay:        0.973ns  (logic 0.000ns (0.000%)  route 0.973ns (100.000%))
  Logic Levels:           0  
  Clock Path Skew:        0.924ns (DCD - SCD + CPR)
    Destination Clock Delay (DCD):    0.924ns
    Source Clock Delay      (SCD):    0.000ns
    Clock Pessimism Removal (CPR):    0.000ns
  Clock Uncertainty:      0.025ns  ((TSJ^2 + TIJ^2)^1/2 + DJ) / 2 + PE
    Total System Jitter     (TSJ):    0.050ns
    Total Input Jitter      (TIJ):    0.000ns
    Discrete Jitter          (DJ):    0.000ns
    Phase Error              (PE):    0.000ns

    Location             Delay type                Incr(ns)  Path(ns)    Netlist Resource(s)
  -------------------------------------------------------------------    -------------------
                                                      0.000     0.000 r  a[13] (IN)
                         net (fo=0)                   0.973     0.973    a[13]
    DSP48_X1Y28          DSP48E1                                      r  acc_out_reg/A[13]
  -------------------------------------------------------------------    -------------------

                         (clock system_clk rise edge)
                                                      0.000     0.000 r  
                                                      0.000     0.000 r  clk (IN)
                         net (fo=1, unset)            0.924     0.924    clk
    DSP48_X1Y28          DSP48E1                                      r  acc_out_reg/CLK

Slack:                    inf
  Source:                 a[14]
                            (input port)
  Destination:            acc_out_reg/A[14]
                            (rising edge-triggered cell DSP48E1 clocked by system_clk  {rise@0.000ns fall@5.000ns period=10.000ns})
  Path Group:             (none)
  Path Type:              Setup (Max at Slow Process Corner)
  Data Path Delay:        0.973ns  (logic 0.000ns (0.000%)  route 0.973ns (100.000%))
  Logic Levels:           0  
  Clock Path Skew:        0.924ns (DCD - SCD + CPR)
    Destination Clock Delay (DCD):    0.924ns
    Source Clock Delay      (SCD):    0.000ns
    Clock Pessimism Removal (CPR):    0.000ns
  Clock Uncertainty:      0.025ns  ((TSJ^2 + TIJ^2)^1/2 + DJ) / 2 + PE
    Total System Jitter     (TSJ):    0.050ns
    Total Input Jitter      (TIJ):    0.000ns
    Discrete Jitter          (DJ):    0.000ns
    Phase Error              (PE):    0.000ns

    Location             Delay type                Incr(ns)  Path(ns)    Netlist Resource(s)
  -------------------------------------------------------------------    -------------------
                                                      0.000     0.000 r  a[14] (IN)
                         net (fo=0)                   0.973     0.973    a[14]
    DSP48_X1Y28          DSP48E1                                      r  acc_out_reg/A[14]
  -------------------------------------------------------------------    -------------------

                         (clock system_clk rise edge)
                                                      0.000     0.000 r  
                                                      0.000     0.000 r  clk (IN)
                         net (fo=1, unset)            0.924     0.924    clk
    DSP48_X1Y28          DSP48E1                                      r  acc_out_reg/CLK

Slack:                    inf
  Source:                 a[15]
                            (input port)
  Destination:            acc_out_reg/A[15]
                            (rising edge-triggered cell DSP48E1 clocked by system_clk  {rise@0.000ns fall@5.000ns period=10.000ns})
  Path Group:             (none)
  Path Type:              Setup (Max at Slow Process Corner)
  Data Path Delay:        0.973ns  (logic 0.000ns (0.000%)  route 0.973ns (100.000%))
  Logic Levels:           0  
  Clock Path Skew:        0.924ns (DCD - SCD + CPR)
    Destination Clock Delay (DCD):    0.924ns
    Source Clock Delay      (SCD):    0.000ns
    Clock Pessimism Removal (CPR):    0.000ns
  Clock Uncertainty:      0.025ns  ((TSJ^2 + TIJ^2)^1/2 + DJ) / 2 + PE
    Total System Jitter     (TSJ):    0.050ns
    Total Input Jitter      (TIJ):    0.000ns
    Discrete Jitter          (DJ):    0.000ns
    Phase Error              (PE):    0.000ns

    Location             Delay type                Incr(ns)  Path(ns)    Netlist Resource(s)
  -------------------------------------------------------------------    -------------------
                                                      0.000     0.000 r  a[15] (IN)
                         net (fo=14, unset)           0.973     0.973    a[15]
    DSP48_X1Y28          DSP48E1                                      r  acc_out_reg/A[15]
  -------------------------------------------------------------------    -------------------

                         (clock system_clk rise edge)
                                                      0.000     0.000 r  
                                                      0.000     0.000 r  clk (IN)
                         net (fo=1, unset)            0.924     0.924    clk
    DSP48_X1Y28          DSP48E1                                      r  acc_out_reg/CLK





